Archive member included to satisfy reference by file (symbol)

c:/program files (x86)/atmel/studio/7.0/toolchain/arm/arm-gnu-toolchain/bin/../lib/gcc/arm-none-eabi/5.3.1/armv7-m\libgcc.a(_arm_fixunsdfsi.o)
                              src/ASF/thirdparty/trace/trcUser.o (__aeabi_d2uiz)
c:/program files (x86)/atmel/studio/7.0/toolchain/arm/arm-gnu-toolchain/bin/../lib/gcc/arm-none-eabi/5.3.1/../../../../arm-none-eabi/lib/armv7-m\libc.a(lib_a-exit.o)
                              c:/program files (x86)/atmel/studio/7.0/toolchain/arm/arm-gnu-toolchain/bin/../lib/gcc/arm-none-eabi/5.3.1/../../../../arm-none-eabi/lib/armv7-m/crt0.o (exit)
c:/program files (x86)/atmel/studio/7.0/toolchain/arm/arm-gnu-toolchain/bin/../lib/gcc/arm-none-eabi/5.3.1/../../../../arm-none-eabi/lib/armv7-m\libc.a(lib_a-impure.o)
                              c:/program files (x86)/atmel/studio/7.0/toolchain/arm/arm-gnu-toolchain/bin/../lib/gcc/arm-none-eabi/5.3.1/../../../../arm-none-eabi/lib/armv7-m\libc.a(lib_a-exit.o) (_global_impure_ptr)
c:/program files (x86)/atmel/studio/7.0/toolchain/arm/arm-gnu-toolchain/bin/../lib/gcc/arm-none-eabi/5.3.1/../../../../arm-none-eabi/lib/armv7-m\libc.a(lib_a-init.o)
                              c:/program files (x86)/atmel/studio/7.0/toolchain/arm/arm-gnu-toolchain/bin/../lib/gcc/arm-none-eabi/5.3.1/../../../../arm-none-eabi/lib/armv7-m/crt0.o (__libc_init_array)
c:/program files (x86)/atmel/studio/7.0/toolchain/arm/arm-gnu-toolchain/bin/../lib/gcc/arm-none-eabi/5.3.1/../../../../arm-none-eabi/lib/armv7-m\libc.a(lib_a-iprintf.o)
                              src/ASF/sam/utils/syscalls/gcc/syscalls.o (iprintf)
c:/program files (x86)/atmel/studio/7.0/toolchain/arm/arm-gnu-toolchain/bin/../lib/gcc/arm-none-eabi/5.3.1/../../../../arm-none-eabi/lib/armv7-m\libc.a(lib_a-memcpy.o)
                              src/ASF/thirdparty/freertos/freertos-7.3.0/source/queue.o (memcpy)
c:/program files (x86)/atmel/studio/7.0/toolchain/arm/arm-gnu-toolchain/bin/../lib/gcc/arm-none-eabi/5.3.1/../../../../arm-none-eabi/lib/armv7-m\libc.a(lib_a-memset.o)
                              c:/program files (x86)/atmel/studio/7.0/toolchain/arm/arm-gnu-toolchain/bin/../lib/gcc/arm-none-eabi/5.3.1/../../../../arm-none-eabi/lib/armv7-m/crt0.o (memset)
c:/program files (x86)/atmel/studio/7.0/toolchain/arm/arm-gnu-toolchain/bin/../lib/gcc/arm-none-eabi/5.3.1/../../../../arm-none-eabi/lib/armv7-m\libc.a(lib_a-setbuf.o)
                              src/main.o (setbuf)
c:/program files (x86)/atmel/studio/7.0/toolchain/arm/arm-gnu-toolchain/bin/../lib/gcc/arm-none-eabi/5.3.1/../../../../arm-none-eabi/lib/armv7-m\libc.a(lib_a-setvbuf.o)
                              c:/program files (x86)/atmel/studio/7.0/toolchain/arm/arm-gnu-toolchain/bin/../lib/gcc/arm-none-eabi/5.3.1/../../../../arm-none-eabi/lib/armv7-m\libc.a(lib_a-setbuf.o) (setvbuf)
c:/program files (x86)/atmel/studio/7.0/toolchain/arm/arm-gnu-toolchain/bin/../lib/gcc/arm-none-eabi/5.3.1/../../../../arm-none-eabi/lib/armv7-m\libc.a(lib_a-sprintf.o)
                              src/ASF/thirdparty/freertos/freertos-7.3.0/source/tasks.o (sprintf)
c:/program files (x86)/atmel/studio/7.0/toolchain/arm/arm-gnu-toolchain/bin/../lib/gcc/arm-none-eabi/5.3.1/../../../../arm-none-eabi/lib/armv7-m\libc.a(lib_a-strcat.o)
                              src/ASF/thirdparty/freertos/freertos-7.3.0/source/tasks.o (strcat)
c:/program files (x86)/atmel/studio/7.0/toolchain/arm/arm-gnu-toolchain/bin/../lib/gcc/arm-none-eabi/5.3.1/../../../../arm-none-eabi/lib/armv7-m\libc.a(lib_a-strcpy.o)
                              c:/program files (x86)/atmel/studio/7.0/toolchain/arm/arm-gnu-toolchain/bin/../lib/gcc/arm-none-eabi/5.3.1/../../../../arm-none-eabi/lib/armv7-m\libc.a(lib_a-strcat.o) (strcpy)
c:/program files (x86)/atmel/studio/7.0/toolchain/arm/arm-gnu-toolchain/bin/../lib/gcc/arm-none-eabi/5.3.1/../../../../arm-none-eabi/lib/armv7-m\libc.a(lib_a-strlen-stub.o)
                              src/ASF/thirdparty/freertos/freertos-7.3.0/source/FreeRTOS_CLI.o (strlen)
c:/program files (x86)/atmel/studio/7.0/toolchain/arm/arm-gnu-toolchain/bin/../lib/gcc/arm-none-eabi/5.3.1/../../../../arm-none-eabi/lib/armv7-m\libc.a(lib_a-strncmp.o)
                              src/ASF/thirdparty/freertos/freertos-7.3.0/source/FreeRTOS_CLI.o (strncmp)
c:/program files (x86)/atmel/studio/7.0/toolchain/arm/arm-gnu-toolchain/bin/../lib/gcc/arm-none-eabi/5.3.1/../../../../arm-none-eabi/lib/armv7-m\libc.a(lib_a-strncpy.o)
                              src/ASF/thirdparty/freertos/freertos-7.3.0/source/FreeRTOS_CLI.o (strncpy)
c:/program files (x86)/atmel/studio/7.0/toolchain/arm/arm-gnu-toolchain/bin/../lib/gcc/arm-none-eabi/5.3.1/../../../../arm-none-eabi/lib/armv7-m\libc.a(lib_a-svfprintf.o)
[...]
Memory Configuration

Name             Origin             Length             Attributes
rom              0x00080000         0x00080000         xr
sram0            0x20000000         0x00010000         xrw
sram1            0x20080000         0x00008000         xrw
ram              0x20070000         0x00018000         xrw
*default*        0x00000000         0xffffffff

Linker script and memory map

LOAD c:/program files (x86)/atmel/studio/7.0/toolchain/arm/arm-gnu-toolchain/bin/../lib/gcc/arm-none-eabi/5.3.1/armv7-m/crti.o
LOAD c:/program files (x86)/atmel/studio/7.0/toolchain/arm/arm-gnu-toolchain/bin/../lib/gcc/arm-none-eabi/5.3.1/armv7-m/crtbegin.o
LOAD c:/program files (x86)/atmel/studio/7.0/toolchain/arm/arm-gnu-toolchain/bin/../lib/gcc/arm-none-eabi/5.3.1/../../../../arm-none-eabi/lib/armv7-m/crt0.o
LOAD src/ASF/common/utils/stdio/read.o
LOAD src/ASF/sam/drivers/usart/usart.o
LOAD src/ASF/thirdparty/freertos/freertos-7.3.0/source/FreeRTOS_CLI.o
LOAD src/ASF/thirdparty/freertos/freertos-7.3.0/source/list.o
LOAD src/ASF/thirdparty/freertos/freertos-7.3.0/source/portable/gcc/sam/port.o
LOAD src/ASF/thirdparty/freertos/freertos-7.3.0/source/portable/memmang/heap_4.o
LOAD src/ASF/thirdparty/freertos/freertos-7.3.0/source/queue.o
LOAD src/ASF/thirdparty/freertos/freertos-7.3.0/source/tasks.o
LOAD src/ASF/thirdparty/freertos/freertos-7.3.0/source/timers.o
LOAD src/ASF/common/utils/stdio/write.o
LOAD src/ASF/common/services/serial/usart_serial.o
LOAD src/ASF/sam/drivers/uart/uart.o
LOAD src/ASF/common/services/clock/sam3x/sysclk.o
LOAD src/ASF/common/utils/interrupt/interrupt_sam_nvic.o
LOAD src/ASF/sam/boards/arduino_due_x/init.o
LOAD src/ASF/sam/drivers/pio/pio.o
LOAD src/ASF/sam/drivers/pio/pio_handler.o
LOAD src/ASF/sam/drivers/pmc/pmc.o
LOAD src/ASF/sam/drivers/pmc/sleep.o
LOAD src/ASF/sam/utils/cmsis/sam3x/source/templates/exceptions.o
LOAD src/ASF/sam/utils/cmsis/sam3x/source/templates/gcc/startup_sam3x.o
LOAD src/ASF/sam/utils/cmsis/sam3x/source/templates/system_sam3x.o
LOAD src/ASF/sam/utils/syscalls/gcc/syscalls.o
LOAD src/ASF/thirdparty/trace/trcBase.o
LOAD src/ASF/thirdparty/trace/trcHardwarePort.o
LOAD src/ASF/thirdparty/trace/trcKernel.o
LOAD src/ASF/thirdparty/trace/trcKernelPortFreeRTOS.o
LOAD src/ASF/thirdparty/trace/trcUser.o
LOAD src/main.o
START GROUP
LOAD ../src/ASF/thirdparty/CMSIS/Lib/GCC\libarm_cortexM3l_math.a
LOAD c:/program files (x86)/atmel/studio/7.0/toolchain/arm/arm-gnu-toolchain/bin/../lib/gcc/arm-none-eabi/5.3.1/../../../../arm-none-eabi/lib/armv7-m\libm.a
END GROUP
START GROUP
LOAD c:/program files (x86)/atmel/studio/7.0/toolchain/arm/arm-gnu-toolchain/bin/../lib/gcc/arm-none-eabi/5.3.1/armv7-m\libgcc.a
LOAD c:/program files (x86)/atmel/studio/7.0/toolchain/arm/arm-gnu-toolchain/bin/../lib/gcc/arm-none-eabi/5.3.1/../../../../arm-none-eabi/lib/armv7-m\libc.a
END GROUP
LOAD c:/program files (x86)/atmel/studio/7.0/toolchain/arm/arm-gnu-toolchain/bin/../lib/gcc/arm-none-eabi/5.3.1/armv7-m/crtend.o
LOAD c:/program files (x86)/atmel/studio/7.0/toolchain/arm/arm-gnu-toolchain/bin/../lib/gcc/arm-none-eabi/5.3.1/armv7-m/crtn.o
                0x00002000                __stack_size__ = DEFINED (__stack_size__)?__stack_size__:0x2000
                0x20087ffc                __ram_end__ = ((ORIGIN (ram) + LENGTH (ram)) - 0x4)

.text           0x00080000     0x7960
                0x00080000                . = ALIGN (0x4)
                0x00080000                _sfixed = .
 *(.vectors .vectors.*)
 .vectors       0x00080000       0xf4 src/ASF/sam/utils/cmsis/sam3x/source/templates/gcc/startup_sam3x.o
                0x00080000                exception_table
 *(.text .text.* .gnu.linkonce.t.*)
 .text          0x000800f4       0x5c c:/program files (x86)/atmel/studio/7.0/toolchain/arm/arm-gnu-toolchain/bin/../lib/gcc/arm-none-eabi/5.3.1/armv7-m/crtbegin.o
 .text._read    0x00080150       0x3c src/ASF/common/utils/stdio/read.o
                0x00080150                _read
 .text.usart_write
                0x0008018c       0x14 src/ASF/sam/drivers/usart/usart.o
                0x0008018c                usart_write
 .text.usart_read
                0x000801a0       0x18 src/ASF/sam/drivers/usart/usart.o
                0x000801a0                usart_read
 .text.vListInitialise
                0x000801b8       0x18 src/ASF/thirdparty/freertos/freertos-7.3.0/source/list.o
                0x000801b8                vListInitialise
 .text.vListInitialiseItem
                0x000801d0        0x8 src/ASF/thirdparty/freertos/freertos-7.3.0/source/list.o
                0x000801d0                vListInitialiseItem
 .text.vListInsertEnd
                0x000801d8       0x1c src/ASF/thirdparty/freertos/freertos-7.3.0/source/list.o
                0x000801d8                vListInsertEnd
 .text.vListInsert
                0x000801f4       0x3c src/ASF/thirdparty/freertos/freertos-7.3.0/source/list.o
                0x000801f4                vListInsert
 .text.uxListRemove
                0x00080230       0x28 src/ASF/thirdparty/freertos/freertos-7.3.0/source/list.o
                0x00080230                uxListRemove
 .text.prvPortStartFirstTask
                0x00080258       0x14 src/ASF/thirdparty/freertos/freertos-7.3.0/source/portable/gcc/sam/port.o
 .text.pxPortInitialiseStack
                0x0008026c       0x1c src/ASF/thirdparty/freertos/freertos-7.3.0/source/portable/gcc/sam/port.o
                0x0008026c                pxPortInitialiseStack
 .text.SVC_Handler
                0x00080288       0x20 src/ASF/thirdparty/freertos/freertos-7.3.0/source/portable/gcc/sam/port.o
                0x00080288                SVC_Handler
 .text.vPortYieldFromISR
                0x000802a8       0x10 src/ASF/thirdparty/freertos/freertos-7.3.0/source/portable/gcc/sam/port.o
                0x000802a8                vPortYieldFromISR
 .text.ulPortSetInterruptMask
                0x000802b8       0x10 src/ASF/thirdparty/freertos/freertos-7.3.0/source/portable/gcc/sam/port.o
                0x000802b8                ulPortSetInterruptMask
 .text.vPortEnterCritical
                0x000802c8       0x18 src/ASF/thirdparty/freertos/freertos-7.3.0/source/portable/gcc/sam/port.o
                0x000802c8                vPortEnterCritical
 .text.vPortClearInterruptMask
                0x000802e0        0x8 src/ASF/thirdparty/freertos/freertos-7.3.0/source/portable/gcc/sam/port.o
                0x000802e0                vPortClearInterruptMask
 .text.vPortExitCritical
                0x000802e8       0x1c src/ASF/thirdparty/freertos/freertos-7.3.0/source/portable/gcc/sam/port.o
                0x000802e8                vPortExitCritical
 .text.PendSV_Handler
                0x00080304       0x3c src/ASF/thirdparty/freertos/freertos-7.3.0/source/portable/gcc/sam/port.o
                0x00080304                PendSV_Handler
 .text.SysTick_Handler
                0x00080340       0x2c src/ASF/thirdparty/freertos/freertos-7.3.0/source/portable/gcc/sam/port.o
                0x00080340                SysTick_Handler
 .text.vPortSetupTimerInterrupt
                0x0008036c       0x18 src/ASF/thirdparty/freertos/freertos-7.3.0/source/portable/gcc/sam/port.o
                0x0008036c                vPortSetupTimerInterrupt
 .text.xPortStartScheduler
                0x00080384       0x38 src/ASF/thirdparty/freertos/freertos-7.3.0/source/portable/gcc/sam/port.o
                0x00080384                xPortStartScheduler
 .text.prvInsertBlockIntoFreeList
                0x000803bc       0x54 src/ASF/thirdparty/freertos/freertos-7.3.0/source/portable/memmang/heap_4.o
 .text.pvPortMalloc
                0x00080410       0xd4 src/ASF/thirdparty/freertos/freertos-7.3.0/source/portable/memmang/heap_4.o
                0x00080410                pvPortMalloc
 .text.vPortFree
                0x000804e4       0x38 src/ASF/thirdparty/freertos/freertos-7.3.0/source/portable/memmang/heap_4.o
                0x000804e4                vPortFree
 .text.prvCopyDataToQueue
                0x0008051c       0x64 src/ASF/thirdparty/freertos/freertos-7.3.0/source/queue.o
 .text.prvCopyDataFromQueue
                0x00080580       0x28 src/ASF/thirdparty/freertos/freertos-7.3.0/source/queue.o
 .text.prvUnlockQueue
                0x000805a8       0x90 src/ASF/thirdparty/freertos/freertos-7.3.0/source/queue.o
 .text.xQueueGenericReset
                0x00080638       0x7c src/ASF/thirdparty/freertos/freertos-7.3.0/source/queue.o
                0x00080638                xQueueGenericReset
 .text.xQueueGenericCreate
                0x000806b4       0xd0 src/ASF/thirdparty/freertos/freertos-7.3.0/source/queue.o
                0x000806b4                xQueueGenericCreate
 .text.xQueueGenericSend
                0x00080784      0x204 src/ASF/thirdparty/freertos/freertos-7.3.0/source/queue.o
                0x00080784                xQueueGenericSend
 .text.xQueueGenericSendFromISR
                0x00080988      0x110 src/ASF/thirdparty/freertos/freertos-7.3.0/source/queue.o
                0x00080988                xQueueGenericSendFromISR
 .text.xQueueGenericReceive
                0x00080a98      0x298 src/ASF/thirdparty/freertos/freertos-7.3.0/source/queue.o
                0x00080a98                xQueueGenericReceive
 .text.ucQueueGetQueueNumber
                0x00080d30        0x8 src/ASF/thirdparty/freertos/freertos-7.3.0/source/queue.o
                0x00080d30                ucQueueGetQueueNumber
 .text.ucQueueGetQueueType
                0x00080d38        0x8 src/ASF/thirdparty/freertos/freertos-7.3.0/source/queue.o
                0x00080d38                ucQueueGetQueueType
 .text.vQueueWaitForMessageRestricted
                0x00080d40       0x4c src/ASF/thirdparty/freertos/freertos-7.3.0/source/queue.o
                0x00080d40                vQueueWaitForMessageRestricted
 .text.prvAddCurrentTaskToDelayedList
                0x00080d8c       0x58 src/ASF/thirdparty/freertos/freertos-7.3.0/source/tasks.o
 .text.xTaskGenericCreate
                0x00080de4      0x26c src/ASF/thirdparty/freertos/freertos-7.3.0/source/tasks.o
                0x00080de4                xTaskGenericCreate
 .text.vTaskStartScheduler
                0x00081050       0x68 src/ASF/thirdparty/freertos/freertos-7.3.0/source/tasks.o
                0x00081050                vTaskStartScheduler
 .text.vTaskSuspendAll
                0x000810b8       0x10 src/ASF/thirdparty/freertos/freertos-7.3.0/source/tasks.o
                0x000810b8                vTaskSuspendAll
 .text.xTaskGetTickCount
                0x000810c8       0x20 src/ASF/thirdparty/freertos/freertos-7.3.0/source/tasks.o
                0x000810c8                xTaskGetTickCount
 .text.vTaskIncrementTick
                0x000810e8      0x15c src/ASF/thirdparty/freertos/freertos-7.3.0/source/tasks.o
                0x000810e8                vTaskIncrementTick
 .text.xTaskResumeAll
                0x00081244      0x114 src/ASF/thirdparty/freertos/freertos-7.3.0/source/tasks.o
                0x00081244                xTaskResumeAll
 .text.prvIdleTask
                0x00081358       0x84 src/ASF/thirdparty/freertos/freertos-7.3.0/source/tasks.o
 .text.vTaskSwitchContext
                0x000813dc       0xbc src/ASF/thirdparty/freertos/freertos-7.3.0/source/tasks.o
                0x000813dc                vTaskSwitchContext
 .text.vTaskPlaceOnEventList
                0x00081498       0x60 src/ASF/thirdparty/freertos/freertos-7.3.0/source/tasks.o
                0x00081498                vTaskPlaceOnEventList
 .text.vTaskPlaceOnEventListRestricted
                0x000814f8       0x70 src/ASF/thirdparty/freertos/freertos-7.3.0/source/tasks.o
                0x000814f8                vTaskPlaceOnEventListRestricted
 .text.xTaskRemoveFromEventList
                0x00081568       0x94 src/ASF/thirdparty/freertos/freertos-7.3.0/source/tasks.o
                0x00081568                xTaskRemoveFromEventList
 .text.vTaskSetTimeOutState
                0x000815fc       0x28 src/ASF/thirdparty/freertos/freertos-7.3.0/source/tasks.o
                0x000815fc                vTaskSetTimeOutState
 .text.xTaskCheckForTimeOut
                0x00081624       0x84 src/ASF/thirdparty/freertos/freertos-7.3.0/source/tasks.o
                0x00081624                xTaskCheckForTimeOut
 .text.vTaskMissedYield
                0x000816a8        0xc src/ASF/thirdparty/freertos/freertos-7.3.0/source/tasks.o
                0x000816a8                vTaskMissedYield
 .text.uxTaskGetTaskNumber
                0x000816b4        0xc src/ASF/thirdparty/freertos/freertos-7.3.0/source/tasks.o
                0x000816b4                uxTaskGetTaskNumber
 .text.xTaskGetCurrentTaskHandle
                0x000816c0        0xc src/ASF/thirdparty/freertos/freertos-7.3.0/source/tasks.o
                0x000816c0                xTaskGetCurrentTaskHandle
 .text.xTaskGetSchedulerState
                0x000816cc       0x20 src/ASF/thirdparty/freertos/freertos-7.3.0/source/tasks.o
                0x000816cc                xTaskGetSchedulerState
 .text.vTaskPriorityInherit
                0x000816ec       0xd4 src/ASF/thirdparty/freertos/freertos-7.3.0/source/tasks.o
                0x000816ec                vTaskPriorityInherit
 .text.vTaskPriorityDisinherit
                0x000817c0       0xa0 src/ASF/thirdparty/freertos/freertos-7.3.0/source/tasks.o
                0x000817c0                vTaskPriorityDisinherit
 .text.prvInsertTimerInActiveList
                0x00081860       0x4c src/ASF/thirdparty/freertos/freertos-7.3.0/source/timers.o
 .text.prvCheckForValidListAndQueue
                0x000818ac       0x5c src/ASF/thirdparty/freertos/freertos-7.3.0/source/timers.o
 .text.xTimerCreateTimerTask
                0x00081908       0x54 src/ASF/thirdparty/freertos/freertos-7.3.0/source/timers.o
                0x00081908                xTimerCreateTimerTask
 .text.xTimerGenericCommand
                0x0008195c       0x54 src/ASF/thirdparty/freertos/freertos-7.3.0/source/timers.o
                0x0008195c                xTimerGenericCommand
 .text.prvSampleTimeNow
                0x000819b0       0xb4 src/ASF/thirdparty/freertos/freertos-7.3.0/source/timers.o
 .text.prvTimerTask
                0x00081a64      0x170 src/ASF/thirdparty/freertos/freertos-7.3.0/source/timers.o
 .text._write   0x00081bd4       0x50 src/ASF/common/utils/stdio/write.o
                0x00081bd4                _write
 .text.uart_init
                0x00081c24       0x38 src/ASF/sam/drivers/uart/uart.o
                0x00081c24                uart_init
 .text.uart_write
                0x00081c5c       0x10 src/ASF/sam/drivers/uart/uart.o
                0x00081c5c                uart_write
 .text.uart_read
                0x00081c6c       0x14 src/ASF/sam/drivers/uart/uart.o
                0x00081c6c                uart_read
 .text.sysclk_init
                0x00081c80       0x64 src/ASF/common/services/clock/sam3x/sysclk.o
                0x00081c80                sysclk_init
 .text.board_init
                0x00081ce4       0x80 src/ASF/sam/boards/arduino_due_x/init.o
                0x00081ce4                board_init
 .text.pio_set_peripheral
                0x00081d64       0x40 src/ASF/sam/drivers/pio/pio.o
                0x00081d64                pio_set_peripheral
 .text.pio_set_input
                0x00081da4       0x34 src/ASF/sam/drivers/pio/pio.o
                0x00081da4                pio_set_input
 .text.pio_set_output
                0x00081dd8       0x28 src/ASF/sam/drivers/pio/pio.o
                0x00081dd8                pio_set_output
 .text.pio_get_interrupt_status
                0x00081e00        0x4 src/ASF/sam/drivers/pio/pio.o
                0x00081e00                pio_get_interrupt_status
 .text.pio_get_interrupt_mask
                0x00081e04        0x4 src/ASF/sam/drivers/pio/pio.o
                0x00081e04                pio_get_interrupt_mask
 .text.pio_configure_pin
                0x00081e08       0xd4 src/ASF/sam/drivers/pio/pio.o
                0x00081e08                pio_configure_pin
 .text.pio_configure_pin_group
                0x00081edc       0xa0 src/ASF/sam/drivers/pio/pio.o
                0x00081edc                pio_configure_pin_group
 .text.pio_handler_process
                0x00081f7c       0x50 src/ASF/sam/drivers/pio/pio_handler.o
                0x00081f7c                pio_handler_process
 .text.PIOA_Handler
                0x00081fcc       0x14 src/ASF/sam/drivers/pio/pio_handler.o
                0x00081fcc                PIOA_Handler
 .text.PIOB_Handler
                0x00081fe0       0x14 src/ASF/sam/drivers/pio/pio_handler.o
                0x00081fe0                PIOB_Handler
 .text.PIOC_Handler
                0x00081ff4       0x14 src/ASF/sam/drivers/pio/pio_handler.o
                0x00081ff4                PIOC_Handler
 .text.PIOD_Handler
                0x00082008       0x14 src/ASF/sam/drivers/pio/pio_handler.o
                0x00082008                PIOD_Handler
 .text.pmc_switch_mck_to_pllack
                0x0008201c       0x68 src/ASF/sam/drivers/pmc/pmc.o
                0x0008201c                pmc_switch_mck_to_pllack
 .text.pmc_switch_mainck_to_xtal
                0x00082084       0x54 src/ASF/sam/drivers/pmc/pmc.o
                0x00082084                pmc_switch_mainck_to_xtal
 .text.pmc_osc_is_ready_mainck
                0x000820d8       0x10 src/ASF/sam/drivers/pmc/pmc.o
                0x000820d8                pmc_osc_is_ready_mainck
 .text.pmc_disable_pllack
                0x000820e8       0x10 src/ASF/sam/drivers/pmc/pmc.o
                0x000820e8                pmc_disable_pllack
 .text.pmc_is_locked_pllack
                0x000820f8       0x10 src/ASF/sam/drivers/pmc/pmc.o
                0x000820f8                pmc_is_locked_pllack
 .text.pmc_enable_periph_clk
                0x00082108       0x54 src/ASF/sam/drivers/pmc/pmc.o
                0x00082108                pmc_enable_periph_clk
 .text.Dummy_Handler
                0x0008215c        0x4 src/ASF/sam/utils/cmsis/sam3x/source/templates/exceptions.o
                0x0008215c                DACC_Handler
                0x0008215c                DebugMon_Handler
                0x0008215c                DMAC_Handler
                0x0008215c                TRNG_Handler
                0x0008215c                HardFault_Handler
                0x0008215c                TC2_Handler
                0x0008215c                USART3_Handler
                0x0008215c                TWI1_Handler
                0x0008215c                NMI_Handler
                0x0008215c                TC7_Handler
                0x0008215c                ADC_Handler
                0x0008215c                SMC_Handler
                0x0008215c                USART0_Handler
                0x0008215c                RTT_Handler
                0x0008215c                EFC1_Handler
                0x0008215c                RTC_Handler
                0x0008215c                UsageFault_Handler
                0x0008215c                TC6_Handler
                0x0008215c                WDT_Handler
                0x0008215c                CAN0_Handler
                0x0008215c                TC4_Handler
                0x0008215c                TC1_Handler
                0x0008215c                HSMCI_Handler
                0x0008215c                TC3_Handler
                0x0008215c                Dummy_Handler
                0x0008215c                TWI0_Handler
                0x0008215c                USART1_Handler
                0x0008215c                SSC_Handler
                0x0008215c                EFC0_Handler
                0x0008215c                PMC_Handler
                0x0008215c                PWM_Handler
                0x0008215c                CAN1_Handler
                0x0008215c                MemManage_Handler
                0x0008215c                SUPC_Handler
                0x0008215c                TC8_Handler
                0x0008215c                USART2_Handler
                0x0008215c                EMAC_Handler
                0x0008215c                UART_Handler
                0x0008215c                BusFault_Handler
                0x0008215c                RSTC_Handler
                0x0008215c                TC0_Handler
                0x0008215c                TC5_Handler
                0x0008215c                UOTGHS_Handler
                0x0008215c                SPI0_Handler
 .text.Reset_Handler
                0x00082160       0xac src/ASF/sam/utils/cmsis/sam3x/source/templates/gcc/startup_sam3x.o
                0x00082160                Reset_Handler
 .text.SystemCoreClockUpdate
                0x0008220c      0x11c src/ASF/sam/utils/cmsis/sam3x/source/templates/system_sam3x.o
                0x0008220c                SystemCoreClockUpdate
 .text._sbrk    0x00082328       0x34 src/ASF/sam/utils/syscalls/gcc/syscalls.o
                0x00082328                _sbrk
 .text._close   0x0008235c        0x8 src/ASF/sam/utils/syscalls/gcc/syscalls.o
                0x0008235c                _close
 .text._fstat   0x00082364        0xc src/ASF/sam/utils/syscalls/gcc/syscalls.o
                0x00082364                _fstat
 .text._isatty  0x00082370        0x4 src/ASF/sam/utils/syscalls/gcc/syscalls.o
                0x00082370                _isatty
 .text._lseek   0x00082374        0x4 src/ASF/sam/utils/syscalls/gcc/syscalls.o
                0x00082374                _lseek
 .text.vTraceError
                0x00082378       0x50 src/ASF/thirdparty/trace/trcBase.o
                0x00082378                vTraceError
 .text.prvTraceInitTraceData
                0x000823c8      0x170 src/ASF/thirdparty/trace/trcBase.o
                0x000823c8                prvTraceInitTraceData
 .text.xTraceNextFreeEventBufferSlot
                0x00082538       0x38 src/ASF/thirdparty/trace/trcBase.o
                0x00082538                xTraceNextFreeEventBufferSlot
 .text.uiIndexOfObject
                0x00082570       0x54 src/ASF/thirdparty/trace/trcBase.o
                0x00082570                uiIndexOfObject
 .text.xTraceGetObjectHandle
                0x000825c4      0x14c src/ASF/thirdparty/trace/trcBase.o
                0x000825c4                xTraceGetObjectHandle
 .text.vTraceSetObjectName
                0x00082710       0x88 src/ASF/thirdparty/trace/trcBase.o
                0x00082710                vTraceSetObjectName
 .text.prvCheckDataToBeOverwrittenForMultiEntryEvents
                0x00082798       0x9c src/ASF/thirdparty/trace/trcBase.o
                0x00082798                prvCheckDataToBeOverwrittenForMultiEntryEvents
 .text.prvTraceUpdateCounters
                0x00082834       0x34 src/ASF/thirdparty/trace/trcBase.o
                0x00082834                prvTraceUpdateCounters
 .text.prvTraceGetDTS
                0x00082868      0x104 src/ASF/thirdparty/trace/trcBase.o
                0x00082868                prvTraceGetDTS
 .text.prvTraceInitCortexM
                0x0008296c       0x54 src/ASF/thirdparty/trace/trcHardwarePort.o
                0x0008296c                prvTraceInitCortexM
 .text.vTracePortGetTimeStamp
                0x000829c0       0x60 src/ASF/thirdparty/trace/trcHardwarePort.o
                0x000829c0                vTracePortGetTimeStamp
 .text.prvTraceGetParam
                0x00082a20       0x54 src/ASF/thirdparty/trace/trcKernel.o
 .text.vTraceStoreTaskReady
                0x00082a74       0xb0 src/ASF/thirdparty/trace/trcKernel.o
                0x00082a74                vTraceStoreTaskReady
 .text.vTraceStoreKernelCall
                0x00082b24       0xf4 src/ASF/thirdparty/trace/trcKernel.o
                0x00082b24                vTraceStoreKernelCall
 .text.vTraceStoreKernelCallWithParam
                0x00082c18      0x110 src/ASF/thirdparty/trace/trcKernel.o
                0x00082c18                vTraceStoreKernelCallWithParam
 .text.vTraceStoreKernelCallWithNumericParamOnly
                0x00082d28       0xc8 src/ASF/thirdparty/trace/trcKernel.o
                0x00082d28                vTraceStoreKernelCallWithNumericParamOnly
 .text.vTraceSetPriorityProperty
                0x00082df0       0x58 src/ASF/thirdparty/trace/trcKernel.o
                0x00082df0                vTraceSetPriorityProperty
 .text.uiTraceGetPriorityProperty
                0x00082e48       0x5c src/ASF/thirdparty/trace/trcKernel.o
                0x00082e48                uiTraceGetPriorityProperty
 .text.vTraceSetObjectState
                0x00082ea4       0x58 src/ASF/thirdparty/trace/trcKernel.o
                0x00082ea4                vTraceSetObjectState
 .text.uiTraceGetObjectState
                0x00082efc       0x5c src/ASF/thirdparty/trace/trcKernel.o
                0x00082efc                uiTraceGetObjectState
 .text.vTraceStoreTaskswitch
                0x00082f58       0xdc src/ASF/thirdparty/trace/trcKernel.o
                0x00082f58                vTraceStoreTaskswitch
 .text.vTraceSetTaskInstanceFinished
                0x00083034       0x40 src/ASF/thirdparty/trace/trcKernel.o
                0x00083034                vTraceSetTaskInstanceFinished
 .text.prvTraceGetObjectNumber
                0x00083074        0xc src/ASF/thirdparty/trace/trcKernelPortFreeRTOS.o
                0x00083074                prvTraceGetObjectNumber
 .text.prvTraceGetObjectType
                0x00083080        0xc src/ASF/thirdparty/trace/trcKernelPortFreeRTOS.o
                0x00083080                prvTraceGetObjectType
 .text.prvTraceGetTaskNumber
                0x0008308c       0x10 src/ASF/thirdparty/trace/trcKernelPortFreeRTOS.o
                0x0008308c                prvTraceGetTaskNumber
 .text.prvTraceGetCurrentTaskHandle
                0x0008309c        0xc src/ASF/thirdparty/trace/trcKernelPortFreeRTOS.o
                0x0008309c                prvTraceGetCurrentTaskHandle
 .text.vTraceInitObjectPropertyTable
                0x000830a8       0xac src/ASF/thirdparty/trace/trcKernelPortFreeRTOS.o
                0x000830a8                vTraceInitObjectPropertyTable
 .text.vTraceInitObjectHandleStack
                0x00083154       0x50 src/ASF/thirdparty/trace/trcKernelPortFreeRTOS.o
                0x00083154                vTraceInitObjectHandleStack
 .text.pszTraceGetErrorNotEnoughHandles
                0x000831a4       0x50 src/ASF/thirdparty/trace/trcKernelPortFreeRTOS.o
                0x000831a4                pszTraceGetErrorNotEnoughHandles
 .text.uiTraceIsObjectExcluded
                0x000831f4       0xdc src/ASF/thirdparty/trace/trcKernelPortFreeRTOS.o
                0x000831f4                uiTraceIsObjectExcluded
 .text.vTraceInitTraceData
                0x000832d0        0xc src/ASF/thirdparty/trace/trcUser.o
                0x000832d0                vTraceInitTraceData
 .text.uiTraceStart
                0x000832dc       0xa4 src/ASF/thirdparty/trace/trcUser.o
                0x000832dc                uiTraceStart
 .text.usart_serial_getchar
                0x00083380       0xa8 src/main.o
 .text.usart_serial_putchar
                0x00083428       0x9c src/main.o
 .text.vTask1   0x000834c4       0x34 src/main.o
                0x000834c4                vTask1
 .text.vTask2   0x000834f8       0x34 src/main.o
                0x000834f8                vTask2
 .text.main     0x0008352c       0xe0 src/main.o
                0x0008352c                main
 .text.vApplicationMallocFailedHook
                0x0008360c        0x4 src/main.o
                0x0008360c                vApplicationMallocFailedHook
 .text.__libc_init_array
                0x00083610       0x50 c:/program files (x86)/atmel/studio/7.0/toolchain/arm/arm-gnu-toolchain/bin/../lib/gcc/arm-none-eabi/5.3.1/../../../../arm-none-eabi/lib/armv7-m\libc.a(lib_a-init.o)
                0x00083610                __libc_init_array
 .text.iprintf  0x00083660       0x28 c:/program files (x86)/atmel/studio/7.0/toolchain/arm/arm-gnu-toolchain/bin/../lib/gcc/arm-none-eabi/5.3.1/../../../../arm-none-eabi/lib/armv7-m\libc.a(lib_a-iprintf.o)
                0x00083660                iprintf
 .text          0x00083688       0xec c:/program files (x86)/atmel/studio/7.0/toolchain/arm/arm-gnu-toolchain/bin/../lib/gcc/arm-none-eabi/5.3.1/../../../../arm-none-eabi/lib/armv7-m\libc.a(lib_a-memcpy.o)
                0x00083688                memcpy
 .text.memset   0x00083774       0x9c c:/program files (x86)/atmel/studio/7.0/toolchain/arm/arm-gnu-toolchain/bin/../lib/gcc/arm-none-eabi/5.3.1/../../../../arm-none-eabi/lib/armv7-m\libc.a(lib_a-memset.o)
                0x00083774                memset
 .text.setbuf   0x00083810       0x10 c:/program files (x86)/atmel/studio/7.0/toolchain/arm/arm-gnu-toolchain/bin/../lib/gcc/arm-none-eabi/5.3.1/../../../../arm-none-eabi/lib/armv7-m\libc.a(lib_a-setbuf.o)
                0x00083810                setbuf
 .text.setvbuf  0x00083820      0x150 c:/program files (x86)/atmel/studio/7.0/toolchain/arm/arm-gnu-toolchain/bin/../lib/gcc/arm-none-eabi/5.3.1/../../../../arm-none-eabi/lib/armv7-m\libc.a(lib_a-setvbuf.o)
                0x00083820                setvbuf
 .text.strlen   0x00083970       0x5c c:/program files (x86)/atmel/studio/7.0/toolchain/arm/arm-gnu-toolchain/bin/../lib/gcc/arm-none-eabi/5.3.1/../../../../arm-none-eabi/lib/armv7-m\libc.a(lib_a-strlen-stub.o)
                0x00083970                strlen
 .text.strncpy  0x000839cc       0x68 c:/program files (x86)/atmel/studio/7.0/toolchain/arm/arm-gnu-toolchain/bin/../lib/gcc/arm-none-eabi/5.3.1/../../../../arm-none-eabi/lib/armv7-m\libc.a(lib_a-strncpy.o)
                0x000839cc                strncpy
 .text.__sprint_r.part.0
                0x00083a34       0x78 c:/program files (x86)/atmel/studio/7.0/toolchain/arm/arm-gnu-toolchain/bin/../lib/gcc/arm-none-eabi/5.3.1/../../../../arm-none-eabi/lib/armv7-m\libc.a(lib_a-vfiprintf.o)
 .text._vfiprintf_r
                0x00083aac      0xde8 c:/program files (x86)/atmel/studio/7.0/toolchain/arm/arm-gnu-toolchain/bin/../lib/gcc/arm-none-eabi/5.3.1/../../../../arm-none-eabi/lib/armv7-m\libc.a(lib_a-vfiprintf.o)
                0x00083aac                _vfiprintf_r
 .text.__sbprintf
                0x00084894       0x6c c:/program files (x86)/atmel/studio/7.0/toolchain/arm/arm-gnu-toolchain/bin/../lib/gcc/arm-none-eabi/5.3.1/../../../../arm-none-eabi/lib/armv7-m\libc.a(lib_a-vfiprintf.o)
 .text.__swsetup_r
                0x00084900       0xc8 c:/program files (x86)/atmel/studio/7.0/toolchain/arm/arm-gnu-toolchain/bin/../lib/gcc/arm-none-eabi/5.3.1/../../../../arm-none-eabi/lib/armv7-m\libc.a(lib_a-wsetup.o)
                0x00084900                __swsetup_r
 .text.startup.register_fini
                0x000849c8       0x14 c:/program files (x86)/atmel/studio/7.0/toolchain/arm/arm-gnu-toolchain/bin/../lib/gcc/arm-none-eabi/5.3.1/../../../../arm-none-eabi/lib/armv7-m\libc.a(lib_a-__call_atexit.o)
 .text.atexit   0x000849dc        0xc c:/program files (x86)/atmel/studio/7.0/toolchain/arm/arm-gnu-toolchain/bin/../lib/gcc/arm-none-eabi/5.3.1/../../../../arm-none-eabi/lib/armv7-m\libc.a(lib_a-atexit.o)
                0x000849dc                atexit
 .text.__sflush_r
                0x000849e8      0x148 c:/program files (x86)/atmel/studio/7.0/toolchain/arm/arm-gnu-toolchain/bin/../lib/gcc/arm-none-eabi/5.3.1/../../../../arm-none-eabi/lib/armv7-m\libc.a(lib_a-fflush.o)
                0x000849e8                __sflush_r
 .text._fflush_r
                0x00084b30       0x2c c:/program files (x86)/atmel/studio/7.0/toolchain/arm/arm-gnu-toolchain/bin/../lib/gcc/arm-none-eabi/5.3.1/../../../../arm-none-eabi/lib/armv7-m\libc.a(lib_a-fflush.o)
                0x00084b30                _fflush_r
 .text._cleanup_r
                0x00084b5c        0xc c:/program files (x86)/atmel/studio/7.0/toolchain/arm/arm-gnu-toolchain/bin/../lib/gcc/arm-none-eabi/5.3.1/../../../../arm-none-eabi/lib/armv7-m\libc.a(lib_a-findfp.o)
                0x00084b5c                _cleanup_r
 .text.__sinit.part.1
                0x00084b68       0xf0 c:/program files (x86)/atmel/studio/7.0/toolchain/arm/arm-gnu-toolchain/bin/../lib/gcc/arm-none-eabi/5.3.1/../../../../arm-none-eabi/lib/armv7-m\libc.a(lib_a-findfp.o)
 .text.__sinit  0x00084c58        0xc c:/program files (x86)/atmel/studio/7.0/toolchain/arm/arm-gnu-toolchain/bin/../lib/gcc/arm-none-eabi/5.3.1/../../../../arm-none-eabi/lib/armv7-m\libc.a(lib_a-findfp.o)
                0x00084c58                __sinit
 .text.__sfp_lock_acquire
                0x00084c64        0x4 c:/program files (x86)/atmel/studio/7.0/toolchain/arm/arm-gnu-toolchain/bin/../lib/gcc/arm-none-eabi/5.3.1/../../../../arm-none-eabi/lib/armv7-m\libc.a(lib_a-findfp.o)
                0x00084c64                __sfp_lock_acquire
 .text.__sfp_lock_release
                0x00084c68        0x4 c:/program files (x86)/atmel/studio/7.0/toolchain/arm/arm-gnu-toolchain/bin/../lib/gcc/arm-none-eabi/5.3.1/../../../../arm-none-eabi/lib/armv7-m\libc.a(lib_a-findfp.o)
                0x00084c68                __sfp_lock_release
 .text.__libc_fini_array
                0x00084c6c       0x28 c:/program files (x86)/atmel/studio/7.0/toolchain/arm/arm-gnu-toolchain/bin/../lib/gcc/arm-none-eabi/5.3.1/../../../../arm-none-eabi/lib/armv7-m\libc.a(lib_a-fini.o)
                0x00084c6c                __libc_fini_array
 .text.__fputwc
                0x00084c94       0x94 c:/program files (x86)/atmel/studio/7.0/toolchain/arm/arm-gnu-toolchain/bin/../lib/gcc/arm-none-eabi/5.3.1/../../../../arm-none-eabi/lib/armv7-m\libc.a(lib_a-fputwc.o)
                0x00084c94                __fputwc
 .text._fputwc_r
                0x00084d28       0x24 c:/program files (x86)/atmel/studio/7.0/toolchain/arm/arm-gnu-toolchain/bin/../lib/gcc/arm-none-eabi/5.3.1/../../../../arm-none-eabi/lib/armv7-m\libc.a(lib_a-fputwc.o)
                0x00084d28                _fputwc_r
 .text._malloc_trim_r
                0x00084d4c       0x9c c:/program files (x86)/atmel/studio/7.0/toolchain/arm/arm-gnu-toolchain/bin/../lib/gcc/arm-none-eabi/5.3.1/../../../../arm-none-eabi/lib/armv7-m\libc.a(lib_a-freer.o)
                0x00084d4c                _malloc_trim_r
 .text._free_r  0x00084de8      0x1d0 c:/program files (x86)/atmel/studio/7.0/toolchain/arm/arm-gnu-toolchain/bin/../lib/gcc/arm-none-eabi/5.3.1/../../../../arm-none-eabi/lib/armv7-m\libc.a(lib_a-freer.o)
                0x00084de8                _free_r
 .text.__sfvwrite_r
                0x00084fb8      0x308 c:/program files (x86)/atmel/studio/7.0/toolchain/arm/arm-gnu-toolchain/bin/../lib/gcc/arm-none-eabi/5.3.1/../../../../arm-none-eabi/lib/armv7-m\libc.a(lib_a-fvwrite.o)
                0x00084fb8                __sfvwrite_r
 .text._fwalk_reent
                0x000852c0       0x50 c:/program files (x86)/atmel/studio/7.0/toolchain/arm/arm-gnu-toolchain/bin/../lib/gcc/arm-none-eabi/5.3.1/../../../../arm-none-eabi/lib/armv7-m\libc.a(lib_a-fwalk.o)
                0x000852c0                _fwalk_reent
 .text.__locale_charset
                0x00085310        0x8 c:/program files (x86)/atmel/studio/7.0/toolchain/arm/arm-gnu-toolchain/bin/../lib/gcc/arm-none-eabi/5.3.1/../../../../arm-none-eabi/lib/armv7-m\libc.a(lib_a-locale.o)
                0x00085310                __locale_charset
 .text.__locale_mb_cur_max
                0x00085318        0xc c:/program files (x86)/atmel/studio/7.0/toolchain/arm/arm-gnu-toolchain/bin/../lib/gcc/arm-none-eabi/5.3.1/../../../../arm-none-eabi/lib/armv7-m\libc.a(lib_a-locale.o)
                0x00085318                __locale_mb_cur_max
 .text.__swhatbuf_r
                0x00085324       0x60 c:/program files (x86)/atmel/studio/7.0/toolchain/arm/arm-gnu-toolchain/bin/../lib/gcc/arm-none-eabi/5.3.1/../../../../arm-none-eabi/lib/armv7-m\libc.a(lib_a-makebuf.o)
                0x00085324                __swhatbuf_r
 .text.__smakebuf_r
                0x00085384       0x88 c:/program files (x86)/atmel/studio/7.0/toolchain/arm/arm-gnu-toolchain/bin/../lib/gcc/arm-none-eabi/5.3.1/../../../../arm-none-eabi/lib/armv7-m\libc.a(lib_a-makebuf.o)
                0x00085384                __smakebuf_r
 .text.malloc   0x0008540c       0x10 c:/program files (x86)/atmel/studio/7.0/toolchain/arm/arm-gnu-toolchain/bin/../lib/gcc/arm-none-eabi/5.3.1/../../../../arm-none-eabi/lib/armv7-m\libc.a(lib_a-malloc.o)
                0x0008540c                malloc
 .text._malloc_r
                0x0008541c      0x558 c:/program files (x86)/atmel/studio/7.0/toolchain/arm/arm-gnu-toolchain/bin/../lib/gcc/arm-none-eabi/5.3.1/../../../../arm-none-eabi/lib/armv7-m\libc.a(lib_a-mallocr.o)
                0x0008541c                _malloc_r
 .text.memchr   0x00085974       0x8c c:/program files (x86)/atmel/studio/7.0/toolchain/arm/arm-gnu-toolchain/bin/../lib/gcc/arm-none-eabi/5.3.1/../../../../arm-none-eabi/lib/armv7-m\libc.a(lib_a-memchr-stub.o)
                0x00085974                memchr
 .text.memmove  0x00085a00       0xc8 c:/program files (x86)/atmel/studio/7.0/toolchain/arm/arm-gnu-toolchain/bin/../lib/gcc/arm-none-eabi/5.3.1/../../../../arm-none-eabi/lib/armv7-m\libc.a(lib_a-memmove.o)
                0x00085a00                memmove
 .text.__malloc_lock
                0x00085ac8        0x4 c:/program files (x86)/atmel/studio/7.0/toolchain/arm/arm-gnu-toolchain/bin/../lib/gcc/arm-none-eabi/5.3.1/../../../../arm-none-eabi/lib/armv7-m\libc.a(lib_a-mlock.o)
                0x00085ac8                __malloc_lock
 .text.__malloc_unlock
                0x00085acc        0x4 c:/program files (x86)/atmel/studio/7.0/toolchain/arm/arm-gnu-toolchain/bin/../lib/gcc/arm-none-eabi/5.3.1/../../../../arm-none-eabi/lib/armv7-m\libc.a(lib_a-mlock.o)
                0x00085acc                __malloc_unlock
 .text._realloc_r
                0x00085ad0      0x3d4 c:/program files (x86)/atmel/studio/7.0/toolchain/arm/arm-gnu-toolchain/bin/../lib/gcc/arm-none-eabi/5.3.1/../../../../arm-none-eabi/lib/armv7-m\libc.a(lib_a-reallocr.o)
                0x00085ad0                _realloc_r
 .text._sbrk_r  0x00085ea4       0x24 c:/program files (x86)/atmel/studio/7.0/toolchain/arm/arm-gnu-toolchain/bin/../lib/gcc/arm-none-eabi/5.3.1/../../../../arm-none-eabi/lib/armv7-m\libc.a(lib_a-sbrkr.o)
                0x00085ea4                _sbrk_r
 .text.__sread  0x00085ec8       0x24 c:/program files (x86)/atmel/studio/7.0/toolchain/arm/arm-gnu-toolchain/bin/../lib/gcc/arm-none-eabi/5.3.1/../../../../arm-none-eabi/lib/armv7-m\libc.a(lib_a-stdio.o)
                0x00085ec8                __sread
 .text.__swrite
                0x00085eec       0x3c c:/program files (x86)/atmel/studio/7.0/toolchain/arm/arm-gnu-toolchain/bin/../lib/gcc/arm-none-eabi/5.3.1/../../../../arm-none-eabi/lib/armv7-m\libc.a(lib_a-stdio.o)
                0x00085eec                __swrite
 .text.__sseek  0x00085f28       0x20 c:/program files (x86)/atmel/studio/7.0/toolchain/arm/arm-gnu-toolchain/bin/../lib/gcc/arm-none-eabi/5.3.1/../../../../arm-none-eabi/lib/armv7-m\libc.a(lib_a-stdio.o)
                0x00085f28                __sseek
 .text.__sclose
                0x00085f48        0x8 c:/program files (x86)/atmel/studio/7.0/toolchain/arm/arm-gnu-toolchain/bin/../lib/gcc/arm-none-eabi/5.3.1/../../../../arm-none-eabi/lib/armv7-m\libc.a(lib_a-stdio.o)
                0x00085f48                __sclose
 .text.__swbuf_r
                0x00085f50       0xac c:/program files (x86)/atmel/studio/7.0/toolchain/arm/arm-gnu-toolchain/bin/../lib/gcc/arm-none-eabi/5.3.1/../../../../arm-none-eabi/lib/armv7-m\libc.a(lib_a-wbuf.o)
                0x00085f50                __swbuf_r
 .text._wcrtomb_r
                0x00085ffc       0x54 c:/program files (x86)/atmel/studio/7.0/toolchain/arm/arm-gnu-toolchain/bin/../lib/gcc/arm-none-eabi/5.3.1/../../../../arm-none-eabi/lib/armv7-m\libc.a(lib_a-wcrtomb.o)
                0x00085ffc                _wcrtomb_r
 .text.__ascii_wctomb
                0x00086050       0x1c c:/program files (x86)/atmel/studio/7.0/toolchain/arm/arm-gnu-toolchain/bin/../lib/gcc/arm-none-eabi/5.3.1/../../../../arm-none-eabi/lib/armv7-m\libc.a(lib_a-wctomb_r.o)
                0x00086050                __ascii_wctomb
 .text._write_r
                0x0008606c       0x2c c:/program files (x86)/atmel/studio/7.0/toolchain/arm/arm-gnu-toolchain/bin/../lib/gcc/arm-none-eabi/5.3.1/../../../../arm-none-eabi/lib/armv7-m\libc.a(lib_a-writer.o)
                0x0008606c                _write_r
 .text.__register_exitproc
                0x00086098       0xa4 c:/program files (x86)/atmel/studio/7.0/toolchain/arm/arm-gnu-toolchain/bin/../lib/gcc/arm-none-eabi/5.3.1/../../../../arm-none-eabi/lib/armv7-m\libc.a(lib_a-__atexit.o)
                0x00086098                __register_exitproc
 .text._close_r
                0x0008613c       0x24 c:/program files (x86)/atmel/studio/7.0/toolchain/arm/arm-gnu-toolchain/bin/../lib/gcc/arm-none-eabi/5.3.1/../../../../arm-none-eabi/lib/armv7-m\libc.a(lib_a-closer.o)
                0x0008613c                _close_r
 .text._fclose_r
                0x00086160       0x84 c:/program files (x86)/atmel/studio/7.0/toolchain/arm/arm-gnu-toolchain/bin/../lib/gcc/arm-none-eabi/5.3.1/../../../../arm-none-eabi/lib/armv7-m\libc.a(lib_a-fclose.o)
                0x00086160                _fclose_r
 .text._fstat_r
                0x000861e4       0x28 c:/program files (x86)/atmel/studio/7.0/toolchain/arm/arm-gnu-toolchain/bin/../lib/gcc/arm-none-eabi/5.3.1/../../../../arm-none-eabi/lib/armv7-m\libc.a(lib_a-fstatr.o)
                0x000861e4                _fstat_r
 .text._isatty_r
                0x0008620c       0x24 c:/program files (x86)/atmel/studio/7.0/toolchain/arm/arm-gnu-toolchain/bin/../lib/gcc/arm-none-eabi/5.3.1/../../../../arm-none-eabi/lib/armv7-m\libc.a(lib_a-isattyr.o)
                0x0008620c                _isatty_r
 .text._lseek_r
                0x00086230       0x2c c:/program files (x86)/atmel/studio/7.0/toolchain/arm/arm-gnu-toolchain/bin/../lib/gcc/arm-none-eabi/5.3.1/../../../../arm-none-eabi/lib/armv7-m\libc.a(lib_a-lseekr.o)
                0x00086230                _lseek_r
 .text._read_r  0x0008625c       0x2c c:/program files (x86)/atmel/studio/7.0/toolchain/arm/arm-gnu-toolchain/bin/../lib/gcc/arm-none-eabi/5.3.1/../../../../arm-none-eabi/lib/armv7-m\libc.a(lib_a-readr.o)
                0x0008625c                _read_r
 .text          0x00086288       0x30 c:/program files (x86)/atmel/studio/7.0/toolchain/arm/arm-gnu-toolchain/bin/../lib/gcc/arm-none-eabi/5.3.1/armv7-m\libgcc.a(_aeabi_uldivmod.o)
                0x00086288                __aeabi_uldivmod
 .text          0x000862b8      0x2ec c:/program files (x86)/atmel/studio/7.0/toolchain/arm/arm-gnu-toolchain/bin/../lib/gcc/arm-none-eabi/5.3.1/armv7-m\libgcc.a(_udivmoddi4.o)
                0x000862b8                __udivmoddi4
 .text          0x000865a4        0x4 c:/program files (x86)/atmel/studio/7.0/toolchain/arm/arm-gnu-toolchain/bin/../lib/gcc/arm-none-eabi/5.3.1/armv7-m\libgcc.a(_dvmd_tls.o)
                0x000865a4                __aeabi_idiv0
                0x000865a4                __aeabi_ldiv0
 *(.glue_7t)
 .glue_7t       0x000865a8        0x0 linker stubs
 *(.glue_7)
 .glue_7        0x000865a8        0x0 linker stubs
 *(.rodata .rodata* .gnu.linkonce.r.*)
 .rodata.str1.4
                0x000865a8       0x1f src/ASF/thirdparty/freertos/freertos-7.3.0/source/tasks.o
 *fill*         0x000865c7        0x1 
 .rodata.str1.4
                0x000865c8        0x8 src/ASF/thirdparty/freertos/freertos-7.3.0/source/timers.o
 .rodata.str1.4
                0x000865d0      0x56f src/ASF/thirdparty/trace/trcBase.o
 *fill*         0x00086b3f        0x1 
 .rodata.str1.4
                0x00086b40       0x47 src/ASF/thirdparty/trace/trcHardwarePort.o
 *fill*         0x00086b87        0x1 
 .rodata.str1.4
                0x00086b88      0x756 src/ASF/thirdparty/trace/trcKernel.o
 *fill*         0x000872de        0x2 
 .rodata.str1.4
                0x000872e0      0x298 src/ASF/thirdparty/trace/trcKernelPortFreeRTOS.o
 .rodata.str1.4
                0x00087578      0x331 src/ASF/thirdparty/trace/trcUser.o
 *fill*         0x000878a9        0x3 
 .rodata.str1.4
                0x000878ac       0x37 src/main.o
 *fill*         0x000878e3        0x1 
 .rodata.str1.4
                0x000878e4        0x2 c:/program files (x86)/atmel/studio/7.0/toolchain/arm/arm-gnu-toolchain/bin/../lib/gcc/arm-none-eabi/5.3.1/../../../../arm-none-eabi/lib/armv7-m\libc.a(lib_a-impure.o)
 *fill*         0x000878e6        0x2 
 .rodata._global_impure_ptr
                0x000878e8        0x4 c:/program files (x86)/atmel/studio/7.0/toolchain/arm/arm-gnu-toolchain/bin/../lib/gcc/arm-none-eabi/5.3.1/../../../../arm-none-eabi/lib/armv7-m\libc.a(lib_a-impure.o)
                0x000878e8                _global_impure_ptr
 .rodata.zeroes.6993
                0x000878ec       0x10 c:/program files (x86)/atmel/studio/7.0/toolchain/arm/arm-gnu-toolchain/bin/../lib/gcc/arm-none-eabi/5.3.1/../../../../arm-none-eabi/lib/armv7-m\libc.a(lib_a-vfiprintf.o)
 .rodata.str1.4
                0x000878fc       0x30 c:/program files (x86)/atmel/studio/7.0/toolchain/arm/arm-gnu-toolchain/bin/../lib/gcc/arm-none-eabi/5.3.1/../../../../arm-none-eabi/lib/armv7-m\libc.a(lib_a-vfiprintf.o)
                                 0x2f (size before relaxing)
 .rodata.blanks.6992
                0x0008792c       0x10 c:/program files (x86)/atmel/studio/7.0/toolchain/arm/arm-gnu-toolchain/bin/../lib/gcc/arm-none-eabi/5.3.1/../../../../arm-none-eabi/lib/armv7-m\libc.a(lib_a-vfiprintf.o)
 *(.ARM.extab* .gnu.linkonce.armextab.*)
                0x0008793c                . = ALIGN (0x4)
 *(.init)
 .init          0x0008793c        0x4 c:/program files (x86)/atmel/studio/7.0/toolchain/arm/arm-gnu-toolchain/bin/../lib/gcc/arm-none-eabi/5.3.1/armv7-m/crti.o
                0x0008793c                _init
 .init          0x00087940        0x8 c:/program files (x86)/atmel/studio/7.0/toolchain/arm/arm-gnu-toolchain/bin/../lib/gcc/arm-none-eabi/5.3.1/armv7-m/crtn.o
                0x00087948                . = ALIGN (0x4)
                0x00087948                __preinit_array_start = .
 *(.preinit_array)
                0x00087948                __preinit_array_end = .
                0x00087948                . = ALIGN (0x4)
                0x00087948                __init_array_start = .
 *(SORT(.init_array.*))
 .init_array.00000
                0x00087948        0x4 c:/program files (x86)/atmel/studio/7.0/toolchain/arm/arm-gnu-toolchain/bin/../lib/gcc/arm-none-eabi/5.3.1/../../../../arm-none-eabi/lib/armv7-m\libc.a(lib_a-__call_atexit.o)
 *(.init_array)
 .init_array    0x0008794c        0x4 c:/program files (x86)/atmel/studio/7.0/toolchain/arm/arm-gnu-toolchain/bin/../lib/gcc/arm-none-eabi/5.3.1/armv7-m/crtbegin.o
                0x00087950                __init_array_end = .
                0x00087950                . = ALIGN (0x4)
 *crtbegin.o(.ctors)
 *(EXCLUDE_FILE(*crtend.o) .ctors)
 *(SORT(.ctors.*))
 *crtend.o(.ctors)
                0x00087950                . = ALIGN (0x4)
 *(.fini)
 .fini          0x00087950        0x4 c:/program files (x86)/atmel/studio/7.0/toolchain/arm/arm-gnu-toolchain/bin/../lib/gcc/arm-none-eabi/5.3.1/armv7-m/crti.o
                0x00087950                _fini
 .fini          0x00087954        0x8 c:/program files (x86)/atmel/studio/7.0/toolchain/arm/arm-gnu-toolchain/bin/../lib/gcc/arm-none-eabi/5.3.1/armv7-m/crtn.o
                0x0008795c                . = ALIGN (0x4)
                0x0008795c                __fini_array_start = .
 *(.fini_array)
 .fini_array    0x0008795c        0x4 c:/program files (x86)/atmel/studio/7.0/toolchain/arm/arm-gnu-toolchain/bin/../lib/gcc/arm-none-eabi/5.3.1/armv7-m/crtbegin.o
 *(SORT(.fini_array.*))
                0x00087960                __fini_array_end = .
 *crtbegin.o(.dtors)
 *(EXCLUDE_FILE(*crtend.o) .dtors)
 *(SORT(.dtors.*))
 *crtend.o(.dtors)
                0x00087960                . = ALIGN (0x4)
                0x00087960                _efixed = .
                [!provide]                PROVIDE (__exidx_start, .)

.vfp11_veneer   0x00087960        0x0
 .vfp11_veneer  0x00087960        0x0 linker stubs

.v4_bx          0x00087960        0x0
 .v4_bx         0x00087960        0x0 linker stubs

.iplt           0x00087960        0x0
 .iplt          0x00087960        0x0 c:/program files (x86)/atmel/studio/7.0/toolchain/arm/arm-gnu-toolchain/bin/../lib/gcc/arm-none-eabi/5.3.1/armv7-m/crtbegin.o

.ARM.exidx      0x00087960        0x8
 *(.ARM.exidx* .gnu.linkonce.armexidx.*)
 .ARM.exidx     0x00087960        0x8 c:/program files (x86)/atmel/studio/7.0/toolchain/arm/arm-gnu-toolchain/bin/../lib/gcc/arm-none-eabi/5.3.1/armv7-m\libgcc.a(_udivmoddi4.o)
                [!provide]                PROVIDE (__exidx_end, .)

.eh_frame       0x00087968        0x0
 .eh_frame      0x00087968        0x0 c:/program files (x86)/atmel/studio/7.0/toolchain/arm/arm-gnu-toolchain/bin/../lib/gcc/arm-none-eabi/5.3.1/armv7-m/crtbegin.o

.rel.dyn        0x00087968        0x0
 .rel.iplt      0x00087968        0x0 c:/program files (x86)/atmel/studio/7.0/toolchain/arm/arm-gnu-toolchain/bin/../lib/gcc/arm-none-eabi/5.3.1/armv7-m/crtbegin.o

.jcr            0x00087968        0x0
 .jcr           0x00087968        0x0 c:/program files (x86)/atmel/studio/7.0/toolchain/arm/arm-gnu-toolchain/bin/../lib/gcc/arm-none-eabi/5.3.1/armv7-m/crtbegin.o

.igot.plt       0x00087968        0x0
 .igot.plt      0x00087968        0x0 c:/program files (x86)/atmel/studio/7.0/toolchain/arm/arm-gnu-toolchain/bin/../lib/gcc/arm-none-eabi/5.3.1/armv7-m/crtbegin.o
                0x00087968                . = ALIGN (0x4)
                0x00087968                _etext = .

.relocate       0x20070000      0x9ac load address 0x00087968
                0x20070000                . = ALIGN (0x4)
                0x20070000                _srelocate = .
 *(.ramfunc .ramfunc.*)
 .ramfunc       0x20070000      0x12c src/ASF/sam/utils/cmsis/sam3x/source/templates/system_sam3x.o
                0x20070000                SystemInit
                0x200700a4                system_init_flash
 *(.data .data.*)
 .data.uxCriticalNesting
                0x2007012c        0x4 src/ASF/thirdparty/freertos/freertos-7.3.0/source/portable/gcc/sam/port.o
 .data.xFreeBytesRemaining
                0x20070130        0x4 src/ASF/thirdparty/freertos/freertos-7.3.0/source/portable/memmang/heap_4.o
 .data.xNextTaskUnblockTime
                0x20070134        0x4 src/ASF/thirdparty/freertos/freertos-7.3.0/source/tasks.o
 .data.SystemCoreClock
                0x20070138        0x4 src/ASF/sam/utils/cmsis/sam3x/source/templates/system_sam3x.o
                0x20070138                SystemCoreClock
 .data.readyEventsEnabled
                0x2007013c        0x4 src/ASF/thirdparty/trace/trcKernel.o
 .data.TraceObjectClassTable
                0x20070140        0x5 src/ASF/thirdparty/trace/trcKernelPortFreeRTOS.o
                0x20070140                TraceObjectClassTable
 *fill*         0x20070145        0x3 
 .data.impure_data
                0x20070148      0x428 c:/program files (x86)/atmel/studio/7.0/toolchain/arm/arm-gnu-toolchain/bin/../lib/gcc/arm-none-eabi/5.3.1/../../../../arm-none-eabi/lib/armv7-m\libc.a(lib_a-impure.o)
 .data._impure_ptr
                0x20070570        0x4 c:/program files (x86)/atmel/studio/7.0/toolchain/arm/arm-gnu-toolchain/bin/../lib/gcc/arm-none-eabi/5.3.1/../../../../arm-none-eabi/lib/armv7-m\libc.a(lib_a-impure.o)
                0x20070570                _impure_ptr
 .data.lc_ctype_charset
                0x20070574       0x20 c:/program files (x86)/atmel/studio/7.0/toolchain/arm/arm-gnu-toolchain/bin/../lib/gcc/arm-none-eabi/5.3.1/../../../../arm-none-eabi/lib/armv7-m\libc.a(lib_a-locale.o)
 .data.__mb_cur_max
                0x20070594        0x4 c:/program files (x86)/atmel/studio/7.0/toolchain/arm/arm-gnu-toolchain/bin/../lib/gcc/arm-none-eabi/5.3.1/../../../../arm-none-eabi/lib/armv7-m\libc.a(lib_a-locale.o)
                0x20070594                __mb_cur_max
 .data.__malloc_av_
                0x20070598      0x408 c:/program files (x86)/atmel/studio/7.0/toolchain/arm/arm-gnu-toolchain/bin/../lib/gcc/arm-none-eabi/5.3.1/../../../../arm-none-eabi/lib/armv7-m\libc.a(lib_a-mallocr.o)
                0x20070598                __malloc_av_
 .data.__malloc_trim_threshold
                0x200709a0        0x4 c:/program files (x86)/atmel/studio/7.0/toolchain/arm/arm-gnu-toolchain/bin/../lib/gcc/arm-none-eabi/5.3.1/../../../../arm-none-eabi/lib/armv7-m\libc.a(lib_a-mallocr.o)
                0x200709a0                __malloc_trim_threshold
 .data.__malloc_sbrk_base
                0x200709a4        0x4 c:/program files (x86)/atmel/studio/7.0/toolchain/arm/arm-gnu-toolchain/bin/../lib/gcc/arm-none-eabi/5.3.1/../../../../arm-none-eabi/lib/armv7-m\libc.a(lib_a-mallocr.o)
                0x200709a4                __malloc_sbrk_base
 .data.__wctomb
                0x200709a8        0x4 c:/program files (x86)/atmel/studio/7.0/toolchain/arm/arm-gnu-toolchain/bin/../lib/gcc/arm-none-eabi/5.3.1/../../../../arm-none-eabi/lib/armv7-m\libc.a(lib_a-wctomb_r.o)
                0x200709a8                __wctomb
                0x200709ac                . = ALIGN (0x4)
                0x200709ac                _erelocate = .

.bss            0x200709b0     0xbad0 load address 0x00088318
                0x200709b0                . = ALIGN (0x4)
                0x200709b0                _sbss = .
                0x200709b0                _szero = .
 *(.bss .bss.*)
 .bss           0x200709b0       0x1c c:/program files (x86)/atmel/studio/7.0/toolchain/arm/arm-gnu-toolchain/bin/../lib/gcc/arm-none-eabi/5.3.1/armv7-m/crtbegin.o
 *fill*         0x200709cc        0x4 
 .bss.xHeap     0x200709d0     0xa000 src/ASF/thirdparty/freertos/freertos-7.3.0/source/portable/memmang/heap_4.o
 .bss.pxEnd     0x2007a9d0        0x4 src/ASF/thirdparty/freertos/freertos-7.3.0/source/portable/memmang/heap_4.o
 .bss.xStart    0x2007a9d4        0x8 src/ASF/thirdparty/freertos/freertos-7.3.0/source/portable/memmang/heap_4.o
 .bss.uxTopReadyPriority
                0x2007a9dc        0x4 src/ASF/thirdparty/freertos/freertos-7.3.0/source/tasks.o
 .bss.uxTasksDeleted
                0x2007a9e0        0x4 src/ASF/thirdparty/freertos/freertos-7.3.0/source/tasks.o
 .bss.xTickCount
                0x2007a9e4        0x4 src/ASF/thirdparty/freertos/freertos-7.3.0/source/tasks.o
 .bss.pxReadyTasksLists
                0x2007a9e8       0x64 src/ASF/thirdparty/freertos/freertos-7.3.0/source/tasks.o
 .bss.pxOverflowDelayedTaskList
                0x2007aa4c        0x4 src/ASF/thirdparty/freertos/freertos-7.3.0/source/tasks.o
 .bss.xTasksWaitingTermination
                0x2007aa50       0x14 src/ASF/thirdparty/freertos/freertos-7.3.0/source/tasks.o
 .bss.pxDelayedTaskList
                0x2007aa64        0x4 src/ASF/thirdparty/freertos/freertos-7.3.0/source/tasks.o
 .bss.uxCurrentNumberOfTasks
                0x2007aa68        0x4 src/ASF/thirdparty/freertos/freertos-7.3.0/source/tasks.o
 .bss.xPendingReadyList
                0x2007aa6c       0x14 src/ASF/thirdparty/freertos/freertos-7.3.0/source/tasks.o
 .bss.xSchedulerRunning
                0x2007aa80        0x4 src/ASF/thirdparty/freertos/freertos-7.3.0/source/tasks.o
 .bss.xMissedYield
                0x2007aa84        0x4 src/ASF/thirdparty/freertos/freertos-7.3.0/source/tasks.o
 .bss.uxTaskNumber
                0x2007aa88        0x4 src/ASF/thirdparty/freertos/freertos-7.3.0/source/tasks.o
 .bss.pxCurrentTCB
                0x2007aa8c        0x4 src/ASF/thirdparty/freertos/freertos-7.3.0/source/tasks.o
                0x2007aa8c                pxCurrentTCB
 .bss.xSuspendedTaskList
                0x2007aa90       0x14 src/ASF/thirdparty/freertos/freertos-7.3.0/source/tasks.o
 .bss.xDelayedTaskList1
                0x2007aaa4       0x14 src/ASF/thirdparty/freertos/freertos-7.3.0/source/tasks.o
 .bss.xDelayedTaskList2
                0x2007aab8       0x14 src/ASF/thirdparty/freertos/freertos-7.3.0/source/tasks.o
 .bss.uxSchedulerSuspended
                0x2007aacc        0x4 src/ASF/thirdparty/freertos/freertos-7.3.0/source/tasks.o
 .bss.uxMissedTicks
                0x2007aad0        0x4 src/ASF/thirdparty/freertos/freertos-7.3.0/source/tasks.o
 .bss.xNumOfOverflows
                0x2007aad4        0x4 src/ASF/thirdparty/freertos/freertos-7.3.0/source/tasks.o
 .bss.uxTopUsedPriority
                0x2007aad8        0x4 src/ASF/thirdparty/freertos/freertos-7.3.0/source/tasks.o
 .bss.pxCurrentTimerList
                0x2007aadc        0x4 src/ASF/thirdparty/freertos/freertos-7.3.0/source/timers.o
 .bss.xActiveTimerList1
                0x2007aae0       0x14 src/ASF/thirdparty/freertos/freertos-7.3.0/source/timers.o
 .bss.xActiveTimerList2
                0x2007aaf4       0x14 src/ASF/thirdparty/freertos/freertos-7.3.0/source/timers.o
 .bss.xLastTime.8249
                0x2007ab08        0x4 src/ASF/thirdparty/freertos/freertos-7.3.0/source/timers.o
 .bss.xTimerQueue
                0x2007ab0c        0x4 src/ASF/thirdparty/freertos/freertos-7.3.0/source/timers.o
 .bss.pxOverflowTimerList
                0x2007ab10        0x4 src/ASF/thirdparty/freertos/freertos-7.3.0/source/timers.o
 .bss.xTimerTaskHandle
                0x2007ab14        0x4 src/ASF/thirdparty/freertos/freertos-7.3.0/source/timers.o
 .bss.gs_interrupt_sources
                0x2007ab18       0x70 src/ASF/sam/drivers/pio/pio_handler.o
 .bss.heap.5287
                0x2007ab88        0x4 src/ASF/sam/utils/syscalls/gcc/syscalls.o
 .bss.excludedEventCodes
                0x2007ab8c       0x21 src/ASF/thirdparty/trace/trcBase.o
                0x2007ab8c                excludedEventCodes
 *fill*         0x2007abad        0x3 
 .bss.traceErrorMessage
                0x2007abb0        0x4 src/ASF/thirdparty/trace/trcBase.o
                0x2007abb0                traceErrorMessage
 .bss.old_timestamp.7975
                0x2007abb4        0x4 src/ASF/thirdparty/trace/trcBase.o
 .bss.recorder_busy
                0x2007abb8        0x4 src/ASF/thirdparty/trace/trcBase.o
                0x2007abb8                recorder_busy
 .bss.RecorderDataPtr
                0x2007abbc        0x4 src/ASF/thirdparty/trace/trcBase.o
                0x2007abbc                RecorderDataPtr
 .bss.objectHandleStacks
                0x2007abc0       0x6e src/ASF/thirdparty/trace/trcBase.o
                0x2007abc0                objectHandleStacks
 *fill*         0x2007ac2e        0x2 
 .bss.excludedObjects
                0x2007ac30        0x8 src/ASF/thirdparty/trace/trcBase.o
                0x2007ac30                excludedObjects
 .bss.uiTraceTickCount
                0x2007ac38        0x4 src/ASF/thirdparty/trace/trcHardwarePort.o
                0x2007ac38                uiTraceTickCount
 .bss.last_hwtc_count.7909
                0x2007ac3c        0x4 src/ASF/thirdparty/trace/trcHardwarePort.o
 .bss.trace_disable_timestamp
                0x2007ac40        0x4 src/ASF/thirdparty/trace/trcHardwarePort.o
                0x2007ac40                trace_disable_timestamp
 .bss.last_timestamp
                0x2007ac44        0x4 src/ASF/thirdparty/trace/trcHardwarePort.o
 .bss.DWT_CYCLES_ADDED
                0x2007ac48        0x4 src/ASF/thirdparty/trace/trcHardwarePort.o
                0x2007ac48                DWT_CYCLES_ADDED
 .bss.last_hwtc_rest.7911
                0x2007ac4c        0x4 src/ASF/thirdparty/trace/trcHardwarePort.o
 .bss.inExcludedTask
                0x2007ac50        0x1 src/ASF/thirdparty/trace/trcKernel.o
                0x2007ac50                inExcludedTask
 .bss.handle_of_last_logged_task
                0x2007ac51        0x1 src/ASF/thirdparty/trace/trcKernel.o
                0x2007ac51                handle_of_last_logged_task
 .bss.nISRactive
                0x2007ac52        0x1 src/ASF/thirdparty/trace/trcKernel.o
                0x2007ac52                nISRactive
 *fill*         0x2007ac53        0x1 
 .bss.isPendingContextSwitch
                0x2007ac54        0x4 src/ASF/thirdparty/trace/trcUser.o
                0x2007ac54                isPendingContextSwitch
 .bss.__malloc_max_total_mem
                0x2007ac58        0x4 c:/program files (x86)/atmel/studio/7.0/toolchain/arm/arm-gnu-toolchain/bin/../lib/gcc/arm-none-eabi/5.3.1/../../../../arm-none-eabi/lib/armv7-m\libc.a(lib_a-mallocr.o)
                0x2007ac58                __malloc_max_total_mem
 .bss.__malloc_max_sbrked_mem
                0x2007ac5c        0x4 c:/program files (x86)/atmel/studio/7.0/toolchain/arm/arm-gnu-toolchain/bin/../lib/gcc/arm-none-eabi/5.3.1/../../../../arm-none-eabi/lib/armv7-m\libc.a(lib_a-mallocr.o)
                0x2007ac5c                __malloc_max_sbrked_mem
 .bss.__malloc_top_pad
                0x2007ac60        0x4 c:/program files (x86)/atmel/studio/7.0/toolchain/arm/arm-gnu-toolchain/bin/../lib/gcc/arm-none-eabi/5.3.1/../../../../arm-none-eabi/lib/armv7-m\libc.a(lib_a-mallocr.o)
                0x2007ac60                __malloc_top_pad
 .bss.__malloc_current_mallinfo
                0x2007ac64       0x28 c:/program files (x86)/atmel/studio/7.0/toolchain/arm/arm-gnu-toolchain/bin/../lib/gcc/arm-none-eabi/5.3.1/../../../../arm-none-eabi/lib/armv7-m\libc.a(lib_a-mallocr.o)
                0x2007ac64                __malloc_current_mallinfo
 *(COMMON)
 COMMON         0x2007ac8c        0x4 src/ASF/common/utils/stdio/read.o
                0x2007ac8c                ptr_get
 COMMON         0x2007ac90        0x8 src/ASF/common/utils/stdio/write.o
                0x2007ac90                ptr_put
                0x2007ac94                stdio_base
 COMMON         0x2007ac98     0x17e4 src/ASF/thirdparty/trace/trcBase.o
                0x2007ac98                RecorderData
                0x2007c478                init_hwtc_count
 COMMON         0x2007c47c        0x4 c:/program files (x86)/atmel/studio/7.0/toolchain/arm/arm-gnu-toolchain/bin/../lib/gcc/arm-none-eabi/5.3.1/../../../../arm-none-eabi/lib/armv7-m\libc.a(lib_a-reent.o)
                0x2007c47c                errno
                0x2007c480                . = ALIGN (0x4)
                0x2007c480                _ebss = .
                0x2007c480                _ezero = .

.stack          0x2007c480     0x2000 load address 0x00093de8
                0x2007c480                . = ALIGN (0x8)
                0x2007c480                _sstack = .
                0x2007e480                . = (. + __stack_size__)
 *fill*         0x2007c480     0x2000 
                0x2007e480                . = ALIGN (0x8)
                0x2007e480                _estack = .
                0x2007e480                . = ALIGN (0x4)
                0x2007e480                _end = .
OUTPUT(Example001.elf elf32-littlearm)

.ARM.attributes
                0x00000000       0x29
 .ARM.attributes
                0x00000000       0x1d c:/program files (x86)/atmel/studio/7.0/toolchain/arm/arm-gnu-toolchain/bin/../lib/gcc/arm-none-eabi/5.3.1/armv7-m/crti.o
 .ARM.attributes
                0x0000001d       0x2d c:/program files (x86)/atmel/studio/7.0/toolchain/arm/arm-gnu-toolchain/bin/../lib/gcc/arm-none-eabi/5.3.1/armv7-m/crtbegin.o
 .ARM.attributes
                0x0000004a       0x33 src/ASF/common/utils/stdio/read.o
 .ARM.attributes
                0x0000007d       0x33 src/ASF/sam/drivers/usart/usart.o
 .ARM.attributes
                0x000000b0       0x33 src/ASF/thirdparty/freertos/freertos-7.3.0/source/list.o
 .ARM.attributes
                0x000000e3       0x33 src/ASF/thirdparty/freertos/freertos-7.3.0/source/portable/gcc/sam/port.o
 .ARM.attributes
                0x00000116       0x33 src/ASF/thirdparty/freertos/freertos-7.3.0/source/portable/memmang/heap_4.o
 .ARM.attributes
                0x00000149       0x33 src/ASF/thirdparty/freertos/freertos-7.3.0/source/queue.o
 .ARM.attributes
                0x0000017c       0x33 src/ASF/thirdparty/freertos/freertos-7.3.0/source/tasks.o
 .ARM.attributes
                0x000001af       0x33 src/ASF/thirdparty/freertos/freertos-7.3.0/source/timers.o
 .ARM.attributes
                0x000001e2       0x33 src/ASF/common/utils/stdio/write.o
 .ARM.attributes
                0x00000215       0x33 src/ASF/sam/drivers/uart/uart.o
 .ARM.attributes
                0x00000248       0x33 src/ASF/common/services/clock/sam3x/sysclk.o
 .ARM.attributes
                0x0000027b       0x33 src/ASF/sam/boards/arduino_due_x/init.o
 .ARM.attributes
                0x000002ae       0x33 src/ASF/sam/drivers/pio/pio.o
 .ARM.attributes
                0x000002e1       0x33 src/ASF/sam/drivers/pio/pio_handler.o
 .ARM.attributes
                0x00000314       0x33 src/ASF/sam/drivers/pmc/pmc.o
 .ARM.attributes
                0x00000347       0x33 src/ASF/sam/utils/cmsis/sam3x/source/templates/exceptions.o
 .ARM.attributes
                0x0000037a       0x33 src/ASF/sam/utils/cmsis/sam3x/source/templates/gcc/startup_sam3x.o
 .ARM.attributes
                0x000003ad       0x33 src/ASF/sam/utils/cmsis/sam3x/source/templates/system_sam3x.o
 .ARM.attributes
                0x000003e0       0x33 src/ASF/sam/utils/syscalls/gcc/syscalls.o
 .ARM.attributes
                0x00000413       0x33 src/ASF/thirdparty/trace/trcBase.o
 .ARM.attributes
                0x00000446       0x33 src/ASF/thirdparty/trace/trcHardwarePort.o
 .ARM.attributes
                0x00000479       0x33 src/ASF/thirdparty/trace/trcKernel.o
 .ARM.attributes
                0x000004ac       0x33 src/ASF/thirdparty/trace/trcKernelPortFreeRTOS.o
 .ARM.attributes
                0x000004df       0x33 src/ASF/thirdparty/trace/trcUser.o
 .ARM.attributes
                0x00000512       0x33 src/main.o
 .ARM.attributes
                0x00000545       0x2d c:/program files (x86)/atmel/studio/7.0/toolchain/arm/arm-gnu-toolchain/bin/../lib/gcc/arm-none-eabi/5.3.1/../../../../arm-none-eabi/lib/armv7-m\libc.a(lib_a-impure.o)
 .ARM.attributes
                0x00000572       0x2d c:/program files (x86)/atmel/studio/7.0/toolchain/arm/arm-gnu-toolchain/bin/../lib/gcc/arm-none-eabi/5.3.1/../../../../arm-none-eabi/lib/armv7-m\libc.a(lib_a-init.o)
 .ARM.attributes
                0x0000059f       0x2d c:/program files (x86)/atmel/studio/7.0/toolchain/arm/arm-gnu-toolchain/bin/../lib/gcc/arm-none-eabi/5.3.1/../../../../arm-none-eabi/lib/armv7-m\libc.a(lib_a-iprintf.o)
 .ARM.attributes
                0x000005cc       0x1b c:/program files (x86)/atmel/studio/7.0/toolchain/arm/arm-gnu-toolchain/bin/../lib/gcc/arm-none-eabi/5.3.1/../../../../arm-none-eabi/lib/armv7-m\libc.a(lib_a-memcpy.o)
 .ARM.attributes
                0x000005e7       0x2d c:/program files (x86)/atmel/studio/7.0/toolchain/arm/arm-gnu-toolchain/bin/../lib/gcc/arm-none-eabi/5.3.1/../../../../arm-none-eabi/lib/armv7-m\libc.a(lib_a-memset.o)
 .ARM.attributes
                0x00000614       0x2d c:/program files (x86)/atmel/studio/7.0/toolchain/arm/arm-gnu-toolchain/bin/../lib/gcc/arm-none-eabi/5.3.1/../../../../arm-none-eabi/lib/armv7-m\libc.a(lib_a-setbuf.o)
 .ARM.attributes
                0x00000641       0x2d c:/program files (x86)/atmel/studio/7.0/toolchain/arm/arm-gnu-toolchain/bin/../lib/gcc/arm-none-eabi/5.3.1/../../../../arm-none-eabi/lib/armv7-m\libc.a(lib_a-setvbuf.o)
 .ARM.attributes
                0x0000066e       0x2d c:/program files (x86)/atmel/studio/7.0/toolchain/arm/arm-gnu-toolchain/bin/../lib/gcc/arm-none-eabi/5.3.1/../../../../arm-none-eabi/lib/armv7-m\libc.a(lib_a-strlen-stub.o)
 .ARM.attributes
                0x0000069b       0x2d c:/program files (x86)/atmel/studio/7.0/toolchain/arm/arm-gnu-toolchain/bin/../lib/gcc/arm-none-eabi/5.3.1/../../../../arm-none-eabi/lib/armv7-m\libc.a(lib_a-strncpy.o)
 .ARM.attributes
                0x000006c8       0x2d c:/program files (x86)/atmel/studio/7.0/toolchain/arm/arm-gnu-toolchain/bin/../lib/gcc/arm-none-eabi/5.3.1/../../../../arm-none-eabi/lib/armv7-m\libc.a(lib_a-vfiprintf.o)
 .ARM.attributes
                0x000006f5       0x2d c:/program files (x86)/atmel/studio/7.0/toolchain/arm/arm-gnu-toolchain/bin/../lib/gcc/arm-none-eabi/5.3.1/../../../../arm-none-eabi/lib/armv7-m\libc.a(lib_a-wsetup.o)
 .ARM.attributes
                0x00000722       0x2d c:/program files (x86)/atmel/studio/7.0/toolchain/arm/arm-gnu-toolchain/bin/../lib/gcc/arm-none-eabi/5.3.1/../../../../arm-none-eabi/lib/armv7-m\libc.a(lib_a-__call_atexit.o)
 .ARM.attributes
                0x0000074f       0x2d c:/program files (x86)/atmel/studio/7.0/toolchain/arm/arm-gnu-toolchain/bin/../lib/gcc/arm-none-eabi/5.3.1/../../../../arm-none-eabi/lib/armv7-m\libc.a(lib_a-atexit.o)
 .ARM.attributes
                0x0000077c       0x2d c:/program files (x86)/atmel/studio/7.0/toolchain/arm/arm-gnu-toolchain/bin/../lib/gcc/arm-none-eabi/5.3.1/../../../../arm-none-eabi/lib/armv7-m\libc.a(lib_a-fflush.o)
 .ARM.attributes
                0x000007a9       0x2d c:/program files (x86)/atmel/studio/7.0/toolchain/arm/arm-gnu-toolchain/bin/../lib/gcc/arm-none-eabi/5.3.1/../../../../arm-none-eabi/lib/armv7-m\libc.a(lib_a-findfp.o)
 .ARM.attributes
                0x000007d6       0x2d c:/program files (x86)/atmel/studio/7.0/toolchain/arm/arm-gnu-toolchain/bin/../lib/gcc/arm-none-eabi/5.3.1/../../../../arm-none-eabi/lib/armv7-m\libc.a(lib_a-fini.o)
 .ARM.attributes
                0x00000803       0x2d c:/program files (x86)/atmel/studio/7.0/toolchain/arm/arm-gnu-toolchain/bin/../lib/gcc/arm-none-eabi/5.3.1/../../../../arm-none-eabi/lib/armv7-m\libc.a(lib_a-fputwc.o)
 .ARM.attributes
                0x00000830       0x2d c:/program files (x86)/atmel/studio/7.0/toolchain/arm/arm-gnu-toolchain/bin/../lib/gcc/arm-none-eabi/5.3.1/../../../../arm-none-eabi/lib/armv7-m\libc.a(lib_a-freer.o)
 .ARM.attributes
                0x0000085d       0x2d c:/program files (x86)/atmel/studio/7.0/toolchain/arm/arm-gnu-toolchain/bin/../lib/gcc/arm-none-eabi/5.3.1/../../../../arm-none-eabi/lib/armv7-m\libc.a(lib_a-fvwrite.o)
 .ARM.attributes
                0x0000088a       0x2d c:/program files (x86)/atmel/studio/7.0/toolchain/arm/arm-gnu-toolchain/bin/../lib/gcc/arm-none-eabi/5.3.1/../../../../arm-none-eabi/lib/armv7-m\libc.a(lib_a-fwalk.o)
 .ARM.attributes
                0x000008b7       0x2d c:/program files (x86)/atmel/studio/7.0/toolchain/arm/arm-gnu-toolchain/bin/../lib/gcc/arm-none-eabi/5.3.1/../../../../arm-none-eabi/lib/armv7-m\libc.a(lib_a-locale.o)
 .ARM.attributes
                0x000008e4       0x2d c:/program files (x86)/atmel/studio/7.0/toolchain/arm/arm-gnu-toolchain/bin/../lib/gcc/arm-none-eabi/5.3.1/../../../../arm-none-eabi/lib/armv7-m\libc.a(lib_a-makebuf.o)
 .ARM.attributes
                0x00000911       0x2d c:/program files (x86)/atmel/studio/7.0/toolchain/arm/arm-gnu-toolchain/bin/../lib/gcc/arm-none-eabi/5.3.1/../../../../arm-none-eabi/lib/armv7-m\libc.a(lib_a-malloc.o)
 .ARM.attributes
                0x0000093e       0x2d c:/program files (x86)/atmel/studio/7.0/toolchain/arm/arm-gnu-toolchain/bin/../lib/gcc/arm-none-eabi/5.3.1/../../../../arm-none-eabi/lib/armv7-m\libc.a(lib_a-mallocr.o)
 .ARM.attributes
                0x0000096b       0x2d c:/program files (x86)/atmel/studio/7.0/toolchain/arm/arm-gnu-toolchain/bin/../lib/gcc/arm-none-eabi/5.3.1/../../../../arm-none-eabi/lib/armv7-m\libc.a(lib_a-memchr-stub.o)
 .ARM.attributes
                0x00000998       0x2d c:/program files (x86)/atmel/studio/7.0/toolchain/arm/arm-gnu-toolchain/bin/../lib/gcc/arm-none-eabi/5.3.1/../../../../arm-none-eabi/lib/armv7-m\libc.a(lib_a-memmove.o)
 .ARM.attributes
                0x000009c5       0x2d c:/program files (x86)/atmel/studio/7.0/toolchain/arm/arm-gnu-toolchain/bin/../lib/gcc/arm-none-eabi/5.3.1/../../../../arm-none-eabi/lib/armv7-m\libc.a(lib_a-mlock.o)
 .ARM.attributes
                0x000009f2       0x2d c:/program files (x86)/atmel/studio/7.0/toolchain/arm/arm-gnu-toolchain/bin/../lib/gcc/arm-none-eabi/5.3.1/../../../../arm-none-eabi/lib/armv7-m\libc.a(lib_a-reallocr.o)
 .ARM.attributes
                0x00000a1f       0x2d c:/program files (x86)/atmel/studio/7.0/toolchain/arm/arm-gnu-toolchain/bin/../lib/gcc/arm-none-eabi/5.3.1/../../../../arm-none-eabi/lib/armv7-m\libc.a(lib_a-sbrkr.o)
 .ARM.attributes
                0x00000a4c       0x2d c:/program files (x86)/atmel/studio/7.0/toolchain/arm/arm-gnu-toolchain/bin/../lib/gcc/arm-none-eabi/5.3.1/../../../../arm-none-eabi/lib/armv7-m\libc.a(lib_a-stdio.o)
 .ARM.attributes
                0x00000a79       0x2d c:/program files (x86)/atmel/studio/7.0/toolchain/arm/arm-gnu-toolchain/bin/../lib/gcc/arm-none-eabi/5.3.1/../../../../arm-none-eabi/lib/armv7-m\libc.a(lib_a-wbuf.o)
 .ARM.attributes
                0x00000aa6       0x2d c:/program files (x86)/atmel/studio/7.0/toolchain/arm/arm-gnu-toolchain/bin/../lib/gcc/arm-none-eabi/5.3.1/../../../../arm-none-eabi/lib/armv7-m\libc.a(lib_a-wcrtomb.o)
 .ARM.attributes
                0x00000ad3       0x2d c:/program files (x86)/atmel/studio/7.0/toolchain/arm/arm-gnu-toolchain/bin/../lib/gcc/arm-none-eabi/5.3.1/../../../../arm-none-eabi/lib/armv7-m\libc.a(lib_a-wctomb_r.o)
 .ARM.attributes
                0x00000b00       0x2d c:/program files (x86)/atmel/studio/7.0/toolchain/arm/arm-gnu-toolchain/bin/../lib/gcc/arm-none-eabi/5.3.1/../../../../arm-none-eabi/lib/armv7-m\libc.a(lib_a-writer.o)
 .ARM.attributes
                0x00000b2d       0x2d c:/program files (x86)/atmel/studio/7.0/toolchain/arm/arm-gnu-toolchain/bin/../lib/gcc/arm-none-eabi/5.3.1/../../../../arm-none-eabi/lib/armv7-m\libc.a(lib_a-__atexit.o)
 .ARM.attributes
                0x00000b5a       0x2d c:/program files (x86)/atmel/studio/7.0/toolchain/arm/arm-gnu-toolchain/bin/../lib/gcc/arm-none-eabi/5.3.1/../../../../arm-none-eabi/lib/armv7-m\libc.a(lib_a-closer.o)
 .ARM.attributes
                0x00000b87       0x2d c:/program files (x86)/atmel/studio/7.0/toolchain/arm/arm-gnu-toolchain/bin/../lib/gcc/arm-none-eabi/5.3.1/../../../../arm-none-eabi/lib/armv7-m\libc.a(lib_a-fclose.o)
 .ARM.attributes
                0x00000bb4       0x2d c:/program files (x86)/atmel/studio/7.0/toolchain/arm/arm-gnu-toolchain/bin/../lib/gcc/arm-none-eabi/5.3.1/../../../../arm-none-eabi/lib/armv7-m\libc.a(lib_a-fstatr.o)
 .ARM.attributes
                0x00000be1       0x2d c:/program files (x86)/atmel/studio/7.0/toolchain/arm/arm-gnu-toolchain/bin/../lib/gcc/arm-none-eabi/5.3.1/../../../../arm-none-eabi/lib/armv7-m\libc.a(lib_a-isattyr.o)
 .ARM.attributes
                0x00000c0e       0x2d c:/program files (x86)/atmel/studio/7.0/toolchain/arm/arm-gnu-toolchain/bin/../lib/gcc/arm-none-eabi/5.3.1/../../../../arm-none-eabi/lib/armv7-m\libc.a(lib_a-lseekr.o)
 .ARM.attributes
                0x00000c3b       0x2d c:/program files (x86)/atmel/studio/7.0/toolchain/arm/arm-gnu-toolchain/bin/../lib/gcc/arm-none-eabi/5.3.1/../../../../arm-none-eabi/lib/armv7-m\libc.a(lib_a-readr.o)
 .ARM.attributes
                0x00000c68       0x2d c:/program files (x86)/atmel/studio/7.0/toolchain/arm/arm-gnu-toolchain/bin/../lib/gcc/arm-none-eabi/5.3.1/../../../../arm-none-eabi/lib/armv7-m\libc.a(lib_a-reent.o)
 .ARM.attributes
                0x00000c95       0x1d c:/program files (x86)/atmel/studio/7.0/toolchain/arm/arm-gnu-toolchain/bin/../lib/gcc/arm-none-eabi/5.3.1/armv7-m\libgcc.a(_aeabi_uldivmod.o)
 .ARM.attributes
                0x00000cb2       0x2d c:/program files (x86)/atmel/studio/7.0/toolchain/arm/arm-gnu-toolchain/bin/../lib/gcc/arm-none-eabi/5.3.1/armv7-m\libgcc.a(_udivmoddi4.o)
 .ARM.attributes
                0x00000cdf       0x1d c:/program files (x86)/atmel/studio/7.0/toolchain/arm/arm-gnu-toolchain/bin/../lib/gcc/arm-none-eabi/5.3.1/armv7-m\libgcc.a(_dvmd_tls.o)
 .ARM.attributes
                0x00000cfc       0x1d c:/program files (x86)/atmel/studio/7.0/toolchain/arm/arm-gnu-toolchain/bin/../lib/gcc/arm-none-eabi/5.3.1/armv7-m/crtn.o

.comment        0x00000000       0x59
 .comment       0x00000000       0x59 src/ASF/common/utils/stdio/read.o
                                 0x5a (size before relaxing)
 .comment       0x00000059       0x5a src/ASF/sam/drivers/usart/usart.o
 .comment       0x00000059       0x5a src/ASF/thirdparty/freertos/freertos-7.3.0/source/list.o
 .comment       0x00000059       0x5a src/ASF/thirdparty/freertos/freertos-7.3.0/source/portable/gcc/sam/port.o
 .comment       0x00000059       0x5a src/ASF/thirdparty/freertos/freertos-7.3.0/source/portable/memmang/heap_4.o
 .comment       0x00000059       0x5a src/ASF/thirdparty/freertos/freertos-7.3.0/source/queue.o
 .comment       0x00000059       0x5a src/ASF/thirdparty/freertos/freertos-7.3.0/source/tasks.o
 .comment       0x00000059       0x5a src/ASF/thirdparty/freertos/freertos-7.3.0/source/timers.o
 .comment       0x00000059       0x5a src/ASF/common/utils/stdio/write.o
 .comment       0x00000059       0x5a src/ASF/sam/drivers/uart/uart.o
 .comment       0x00000059       0x5a src/ASF/common/services/clock/sam3x/sysclk.o
 .comment       0x00000059       0x5a src/ASF/sam/boards/arduino_due_x/init.o
 .comment       0x00000059       0x5a src/ASF/sam/drivers/pio/pio.o
 .comment       0x00000059       0x5a src/ASF/sam/drivers/pio/pio_handler.o
 .comment       0x00000059       0x5a src/ASF/sam/drivers/pmc/pmc.o
 .comment       0x00000059       0x5a src/ASF/sam/utils/cmsis/sam3x/source/templates/exceptions.o
 .comment       0x00000059       0x5a src/ASF/sam/utils/cmsis/sam3x/source/templates/gcc/startup_sam3x.o
 .comment       0x00000059       0x5a src/ASF/sam/utils/cmsis/sam3x/source/templates/system_sam3x.o
 .comment       0x00000059       0x5a src/ASF/sam/utils/syscalls/gcc/syscalls.o
 .comment       0x00000059       0x5a src/ASF/thirdparty/trace/trcBase.o
 .comment       0x00000059       0x5a src/ASF/thirdparty/trace/trcHardwarePort.o
 .comment       0x00000059       0x5a src/ASF/thirdparty/trace/trcKernel.o
 .comment       0x00000059       0x5a src/ASF/thirdparty/trace/trcKernelPortFreeRTOS.o
 .comment       0x00000059       0x5a src/ASF/thirdparty/trace/trcUser.o
 .comment       0x00000059       0x5a src/main.o

.debug_info     0x00000000    0x1228a
 .debug_info    0x00000000      0x1bb src/ASF/common/utils/stdio/read.o
 .debug_info    0x000001bb     0x1c04 src/ASF/sam/drivers/usart/usart.o
 .debug_info    0x00001dbf      0x348 src/ASF/thirdparty/freertos/freertos-7.3.0/source/list.o
 .debug_info    0x00002107      0x3a4 src/ASF/thirdparty/freertos/freertos-7.3.0/source/portable/gcc/sam/port.o
 .debug_info    0x000024ab      0x422 src/ASF/thirdparty/freertos/freertos-7.3.0/source/portable/memmang/heap_4.o
 .debug_info    0x000028cd     0x18cc src/ASF/thirdparty/freertos/freertos-7.3.0/source/queue.o
 .debug_info    0x00004199     0x1e98 src/ASF/thirdparty/freertos/freertos-7.3.0/source/tasks.o
 .debug_info    0x00006031      0xc24 src/ASF/thirdparty/freertos/freertos-7.3.0/source/timers.o
 .debug_info    0x00006c55      0x1c0 src/ASF/common/utils/stdio/write.o
 .debug_info    0x00006e15      0x889 src/ASF/sam/drivers/uart/uart.o
 .debug_info    0x0000769e      0x79d src/ASF/common/services/clock/sam3x/sysclk.o
 .debug_info    0x00007e3b      0x767 src/ASF/sam/boards/arduino_due_x/init.o
 .debug_info    0x000085a2     0x1384 src/ASF/sam/drivers/pio/pio.o
 .debug_info    0x00009926      0xe6a src/ASF/sam/drivers/pio/pio_handler.o
 .debug_info    0x0000a790     0x1097 src/ASF/sam/drivers/pmc/pmc.o
 .debug_info    0x0000b827      0x125 src/ASF/sam/utils/cmsis/sam3x/source/templates/exceptions.o
 .debug_info    0x0000b94c      0x3d3 src/ASF/sam/utils/cmsis/sam3x/source/templates/gcc/startup_sam3x.o
 .debug_info    0x0000bd1f      0x4c6 src/ASF/sam/utils/cmsis/sam3x/source/templates/system_sam3x.o
 .debug_info    0x0000c1e5      0x440 src/ASF/sam/utils/syscalls/gcc/syscalls.o
 .debug_info    0x0000c625     0x10f4 src/ASF/thirdparty/trace/trcBase.o
 .debug_info    0x0000d719      0x210 src/ASF/thirdparty/trace/trcHardwarePort.o
 .debug_info    0x0000d929     0x16e4 src/ASF/thirdparty/trace/trcKernel.o
 .debug_info    0x0000f00d      0x8b6 src/ASF/thirdparty/trace/trcKernelPortFreeRTOS.o
 .debug_info    0x0000f8c3     0x1533 src/ASF/thirdparty/trace/trcUser.o
 .debug_info    0x00010df6     0x1494 src/main.o

.debug_abbrev   0x00000000     0x3505
 .debug_abbrev  0x00000000      0x101 src/ASF/common/utils/stdio/read.o
 .debug_abbrev  0x00000101      0x325 src/ASF/sam/drivers/usart/usart.o
 .debug_abbrev  0x00000426      0x11f src/ASF/thirdparty/freertos/freertos-7.3.0/source/list.o
 .debug_abbrev  0x00000545      0x248 src/ASF/thirdparty/freertos/freertos-7.3.0/source/portable/gcc/sam/port.o
 .debug_abbrev  0x0000078d      0x242 src/ASF/thirdparty/freertos/freertos-7.3.0/source/portable/memmang/heap_4.o
 .debug_abbrev  0x000009cf      0x2b3 src/ASF/thirdparty/freertos/freertos-7.3.0/source/queue.o
 .debug_abbrev  0x00000c82      0x317 src/ASF/thirdparty/freertos/freertos-7.3.0/source/tasks.o
 .debug_abbrev  0x00000f99      0x29c src/ASF/thirdparty/freertos/freertos-7.3.0/source/timers.o
 .debug_abbrev  0x00001235       0xf5 src/ASF/common/utils/stdio/write.o
 .debug_abbrev  0x0000132a      0x1bd src/ASF/sam/drivers/uart/uart.o
 .debug_abbrev  0x000014e7      0x241 src/ASF/common/services/clock/sam3x/sysclk.o
 .debug_abbrev  0x00001728      0x17a src/ASF/sam/boards/arduino_due_x/init.o
 .debug_abbrev  0x000018a2      0x2de src/ASF/sam/drivers/pio/pio.o
 .debug_abbrev  0x00001b80      0x262 src/ASF/sam/drivers/pio/pio_handler.o
 .debug_abbrev  0x00001de2      0x268 src/ASF/sam/drivers/pmc/pmc.o
 .debug_abbrev  0x0000204a       0x8f src/ASF/sam/utils/cmsis/sam3x/source/templates/exceptions.o
 .debug_abbrev  0x000020d9      0x11b src/ASF/sam/utils/cmsis/sam3x/source/templates/gcc/startup_sam3x.o
 .debug_abbrev  0x000021f4      0x115 src/ASF/sam/utils/cmsis/sam3x/source/templates/system_sam3x.o
 .debug_abbrev  0x00002309      0x151 src/ASF/sam/utils/syscalls/gcc/syscalls.o
 .debug_abbrev  0x0000245a      0x35b src/ASF/thirdparty/trace/trcBase.o
 .debug_abbrev  0x000027b5       0xe6 src/ASF/thirdparty/trace/trcHardwarePort.o
 .debug_abbrev  0x0000289b      0x2e6 src/ASF/thirdparty/trace/trcKernel.o
 .debug_abbrev  0x00002b81      0x191 src/ASF/thirdparty/trace/trcKernelPortFreeRTOS.o
 .debug_abbrev  0x00002d12      0x41c src/ASF/thirdparty/trace/trcUser.o
 .debug_abbrev  0x0000312e      0x3d7 src/main.o

.debug_loc      0x00000000     0xa713
 .debug_loc     0x00000000       0xd2 src/ASF/common/utils/stdio/read.o
 .debug_loc     0x000000d2     0x119a src/ASF/sam/drivers/usart/usart.o
 .debug_loc     0x0000126c       0x91 src/ASF/thirdparty/freertos/freertos-7.3.0/source/list.o
 .debug_loc     0x000012fd      0x100 src/ASF/thirdparty/freertos/freertos-7.3.0/source/portable/gcc/sam/port.o
 .debug_loc     0x000013fd      0x39b src/ASF/thirdparty/freertos/freertos-7.3.0/source/portable/memmang/heap_4.o
 .debug_loc     0x00001798     0x137d src/ASF/thirdparty/freertos/freertos-7.3.0/source/queue.o
 .debug_loc     0x00002b15     0x151d src/ASF/thirdparty/freertos/freertos-7.3.0/source/tasks.o
 .debug_loc     0x00004032      0xa2e src/ASF/thirdparty/freertos/freertos-7.3.0/source/timers.o
 .debug_loc     0x00004a60      0x15d src/ASF/common/utils/stdio/write.o
 .debug_loc     0x00004bbd      0x242 src/ASF/sam/drivers/uart/uart.o
 .debug_loc     0x00004dff      0x183 src/ASF/common/services/clock/sam3x/sysclk.o
 .debug_loc     0x00004f82       0x70 src/ASF/sam/boards/arduino_due_x/init.o
 .debug_loc     0x00004ff2      0xb2a src/ASF/sam/drivers/pio/pio.o
 .debug_loc     0x00005b1c      0x53e src/ASF/sam/drivers/pio/pio_handler.o
 .debug_loc     0x0000605a      0xd57 src/ASF/sam/drivers/pmc/pmc.o
 .debug_loc     0x00006db1       0x5e src/ASF/sam/utils/cmsis/sam3x/source/templates/gcc/startup_sam3x.o
 .debug_loc     0x00006e0f      0x12b src/ASF/sam/utils/syscalls/gcc/syscalls.o
 .debug_loc     0x00006f3a      0xf11 src/ASF/thirdparty/trace/trcBase.o
 .debug_loc     0x00007e4b       0xe5 src/ASF/thirdparty/trace/trcHardwarePort.o
 .debug_loc     0x00007f30     0x10a6 src/ASF/thirdparty/trace/trcKernel.o
 .debug_loc     0x00008fd6      0x405 src/ASF/thirdparty/trace/trcKernelPortFreeRTOS.o
 .debug_loc     0x000093db      0xf8d src/ASF/thirdparty/trace/trcUser.o
 .debug_loc     0x0000a368      0x3ab src/main.o

.debug_aranges  0x00000000      0xee8
 .debug_aranges
                0x00000000       0x20 src/ASF/common/utils/stdio/read.o
 .debug_aranges
                0x00000020      0x2a8 src/ASF/sam/drivers/usart/usart.o
 .debug_aranges
                0x000002c8       0x40 src/ASF/thirdparty/freertos/freertos-7.3.0/source/list.o
 .debug_aranges
                0x00000308       0x80 src/ASF/thirdparty/freertos/freertos-7.3.0/source/portable/gcc/sam/port.o
 .debug_aranges
                0x00000388       0x40 src/ASF/thirdparty/freertos/freertos-7.3.0/source/portable/memmang/heap_4.o
 .debug_aranges
                0x000003c8       0xd0 src/ASF/thirdparty/freertos/freertos-7.3.0/source/queue.o
 .debug_aranges
                0x00000498      0x130 src/ASF/thirdparty/freertos/freertos-7.3.0/source/tasks.o
 .debug_aranges
                0x000005c8       0x68 src/ASF/thirdparty/freertos/freertos-7.3.0/source/timers.o
 .debug_aranges
                0x00000630       0x20 src/ASF/common/utils/stdio/write.o
 .debug_aranges
                0x00000650       0xe8 src/ASF/sam/drivers/uart/uart.o
 .debug_aranges
                0x00000738       0x40 src/ASF/common/services/clock/sam3x/sysclk.o
 .debug_aranges
                0x00000778       0x20 src/ASF/sam/boards/arduino_due_x/init.o
 .debug_aranges
                0x00000798      0x148 src/ASF/sam/drivers/pio/pio.o
 .debug_aranges
                0x000008e0       0x58 src/ASF/sam/drivers/pio/pio_handler.o
 .debug_aranges
                0x00000938      0x200 src/ASF/sam/drivers/pmc/pmc.o
 .debug_aranges
                0x00000b38       0x20 src/ASF/sam/utils/cmsis/sam3x/source/templates/exceptions.o
 .debug_aranges
                0x00000b58       0x20 src/ASF/sam/utils/cmsis/sam3x/source/templates/gcc/startup_sam3x.o
 .debug_aranges
                0x00000b78       0x30 src/ASF/sam/utils/cmsis/sam3x/source/templates/system_sam3x.o
 .debug_aranges
                0x00000ba8       0x60 src/ASF/sam/utils/syscalls/gcc/syscalls.o
 .debug_aranges
                0x00000c08       0x88 src/ASF/thirdparty/trace/trcBase.o
 .debug_aranges
                0x00000c90       0x28 src/ASF/thirdparty/trace/trcHardwarePort.o
 .debug_aranges
                0x00000cb8       0x98 src/ASF/thirdparty/trace/trcKernel.o
 .debug_aranges
                0x00000d50       0x70 src/ASF/thirdparty/trace/trcKernelPortFreeRTOS.o
 .debug_aranges
                0x00000dc0       0xc8 src/ASF/thirdparty/trace/trcUser.o
 .debug_aranges
                0x00000e88       0x60 src/main.o

.debug_ranges   0x00000000      0xe90
 .debug_ranges  0x00000000       0x10 src/ASF/common/utils/stdio/read.o
 .debug_ranges  0x00000010      0x298 src/ASF/sam/drivers/usart/usart.o
 .debug_ranges  0x000002a8       0x30 src/ASF/thirdparty/freertos/freertos-7.3.0/source/list.o
 .debug_ranges  0x000002d8       0x70 src/ASF/thirdparty/freertos/freertos-7.3.0/source/portable/gcc/sam/port.o
 .debug_ranges  0x00000348       0x30 src/ASF/thirdparty/freertos/freertos-7.3.0/source/portable/memmang/heap_4.o
 .debug_ranges  0x00000378       0xc0 src/ASF/thirdparty/freertos/freertos-7.3.0/source/queue.o
 .debug_ranges  0x00000438      0x178 src/ASF/thirdparty/freertos/freertos-7.3.0/source/tasks.o
 .debug_ranges  0x000005b0       0xb0 src/ASF/thirdparty/freertos/freertos-7.3.0/source/timers.o
 .debug_ranges  0x00000660       0x10 src/ASF/common/utils/stdio/write.o
 .debug_ranges  0x00000670       0xd8 src/ASF/sam/drivers/uart/uart.o
 .debug_ranges  0x00000748       0x30 src/ASF/common/services/clock/sam3x/sysclk.o
 .debug_ranges  0x00000778       0x10 src/ASF/sam/boards/arduino_due_x/init.o
 .debug_ranges  0x00000788      0x138 src/ASF/sam/drivers/pio/pio.o
 .debug_ranges  0x000008c0       0x48 src/ASF/sam/drivers/pio/pio_handler.o
 .debug_ranges  0x00000908      0x1f0 src/ASF/sam/drivers/pmc/pmc.o
 .debug_ranges  0x00000af8       0x10 src/ASF/sam/utils/cmsis/sam3x/source/templates/exceptions.o
 .debug_ranges  0x00000b08       0x10 src/ASF/sam/utils/cmsis/sam3x/source/templates/gcc/startup_sam3x.o
 .debug_ranges  0x00000b18       0x20 src/ASF/sam/utils/cmsis/sam3x/source/templates/system_sam3x.o
 .debug_ranges  0x00000b38       0x50 src/ASF/sam/utils/syscalls/gcc/syscalls.o
 .debug_ranges  0x00000b88       0xd0 src/ASF/thirdparty/trace/trcBase.o
 .debug_ranges  0x00000c58       0x18 src/ASF/thirdparty/trace/trcHardwarePort.o
 .debug_ranges  0x00000c70       0x88 src/ASF/thirdparty/trace/trcKernel.o
 .debug_ranges  0x00000cf8       0x60 src/ASF/thirdparty/trace/trcKernelPortFreeRTOS.o
 .debug_ranges  0x00000d58       0xe8 src/ASF/thirdparty/trace/trcUser.o
 .debug_ranges  0x00000e40       0x50 src/main.o

.debug_macro    0x00000000    0x1b53b
 .debug_macro   0x00000000      0x525 src/ASF/common/utils/stdio/read.o
 .debug_macro   0x00000525      0x898 src/ASF/common/utils/stdio/read.o
 .debug_macro   0x00000dbd      0x16d src/ASF/common/utils/stdio/read.o
 .debug_macro   0x00000f2a      0x644 src/ASF/common/utils/stdio/read.o
 .debug_macro   0x0000156e       0x76 src/ASF/common/utils/stdio/read.o
 .debug_macro   0x000015e4       0x16 src/ASF/common/utils/stdio/read.o
 .debug_macro   0x000015fa      0x6e4 src/ASF/common/utils/stdio/read.o
 .debug_macro   0x00001cde       0x22 src/ASF/common/utils/stdio/read.o
 .debug_macro   0x00001d00       0x87 src/ASF/common/utils/stdio/read.o
 .debug_macro   0x00001d87       0x44 src/ASF/common/utils/stdio/read.o
 .debug_macro   0x00001dcb       0xfd src/ASF/common/utils/stdio/read.o
 .debug_macro   0x00001ec8       0x22 src/ASF/common/utils/stdio/read.o
 .debug_macro   0x00001eea      0x1df src/ASF/common/utils/stdio/read.o
 .debug_macro   0x000020c9       0x20 src/ASF/common/utils/stdio/read.o
 .debug_macro   0x000020e9       0x3a src/ASF/common/utils/stdio/read.o
 .debug_macro   0x00002123       0x2d src/ASF/common/utils/stdio/read.o
 .debug_macro   0x00002150      0xbb1 src/ASF/common/utils/stdio/read.o
 .debug_macro   0x00002d01      0xab6 src/ASF/common/utils/stdio/read.o
 .debug_macro   0x000037b7      0x569 src/ASF/common/utils/stdio/read.o
 .debug_macro   0x00003d20      0x2b5 src/ASF/common/utils/stdio/read.o
 .debug_macro   0x00003fd5      0x31a src/ASF/common/utils/stdio/read.o
 .debug_macro   0x000042ef      0x74f src/ASF/common/utils/stdio/read.o
 .debug_macro   0x00004a3e       0x82 src/ASF/common/utils/stdio/read.o
 .debug_macro   0x00004ac0      0x57b src/ASF/common/utils/stdio/read.o
 .debug_macro   0x0000503b       0x1c src/ASF/common/utils/stdio/read.o
 .debug_macro   0x00005057      0x6b7 src/ASF/common/utils/stdio/read.o
 .debug_macro   0x0000570e      0x52d src/ASF/common/utils/stdio/read.o
 .debug_macro   0x00005c3b       0xbe src/ASF/common/utils/stdio/read.o
 .debug_macro   0x00005cf9     0x2342 src/ASF/common/utils/stdio/read.o
 .debug_macro   0x0000803b      0x85d src/ASF/common/utils/stdio/read.o
 .debug_macro   0x00008898      0xdc9 src/ASF/common/utils/stdio/read.o
 .debug_macro   0x00009661       0x7c src/ASF/common/utils/stdio/read.o
 .debug_macro   0x000096dd      0x263 src/ASF/common/utils/stdio/read.o
 .debug_macro   0x00009940       0x58 src/ASF/common/utils/stdio/read.o
 .debug_macro   0x00009998      0x9a7 src/ASF/common/utils/stdio/read.o
 .debug_macro   0x0000a33f      0x248 src/ASF/common/utils/stdio/read.o
 .debug_macro   0x0000a587      0x4df src/ASF/common/utils/stdio/read.o
 .debug_macro   0x0000aa66      0x6b3 src/ASF/common/utils/stdio/read.o
 .debug_macro   0x0000b119      0x59f src/ASF/common/utils/stdio/read.o
 .debug_macro   0x0000b6b8       0x46 src/ASF/common/utils/stdio/read.o
 .debug_macro   0x0000b6fe      0x34d src/ASF/common/utils/stdio/read.o
 .debug_macro   0x0000ba4b      0x28c src/ASF/common/utils/stdio/read.o
 .debug_macro   0x0000bcd7     0x14d7 src/ASF/common/utils/stdio/read.o
 .debug_macro   0x0000d1ae      0x7ba src/ASF/common/utils/stdio/read.o
 .debug_macro   0x0000d968       0x76 src/ASF/common/utils/stdio/read.o
 .debug_macro   0x0000d9de       0x82 src/ASF/common/utils/stdio/read.o
 .debug_macro   0x0000da60       0x76 src/ASF/common/utils/stdio/read.o
 .debug_macro   0x0000dad6       0x4c src/ASF/common/utils/stdio/read.o
 .debug_macro   0x0000db22      0x105 src/ASF/common/utils/stdio/read.o
 .debug_macro   0x0000dc27      0x105 src/ASF/common/utils/stdio/read.o
 .debug_macro   0x0000dd2c      0x105 src/ASF/common/utils/stdio/read.o
 .debug_macro   0x0000de31       0x88 src/ASF/common/utils/stdio/read.o
 .debug_macro   0x0000deb9       0x88 src/ASF/common/utils/stdio/read.o
 .debug_macro   0x0000df41      0x3b4 src/ASF/common/utils/stdio/read.o
 .debug_macro   0x0000e2f5       0xb8 src/ASF/common/utils/stdio/read.o
 .debug_macro   0x0000e3ad       0xb8 src/ASF/common/utils/stdio/read.o
 .debug_macro   0x0000e465       0xb8 src/ASF/common/utils/stdio/read.o
 .debug_macro   0x0000e51d       0xb8 src/ASF/common/utils/stdio/read.o
 .debug_macro   0x0000e5d5      0x2b8 src/ASF/common/utils/stdio/read.o
 .debug_macro   0x0000e88d      0x125 src/ASF/common/utils/stdio/read.o