Component: ARM Compiler 5.06 update 1 (build 61) Tool: armlink [4d35a8]

==============================================================================

Section Cross References

    event_groups.o(i.vEventGroupClearBitsCallback) refers to event_groups.o(i.xEventGroupClearBits) for xEventGroupClearBits
    event_groups.o(i.vEventGroupDelete) refers to tasks.o(i.vTaskSuspendAll) for vTaskSuspendAll
    event_groups.o(i.vEventGroupDelete) refers to event_groups.o(i.uxEventGroupGetNumber) for uxEventGroupGetNumber
    event_groups.o(i.vEventGroupDelete) refers to trckernel.o(i.vTraceStoreKernelCall) for vTraceStoreKernelCall
    event_groups.o(i.vEventGroupDelete) refers to trckernel.o(i.vTraceStoreObjectNameOnCloseEvent) for vTraceStoreObjectNameOnCloseEvent
    event_groups.o(i.vEventGroupDelete) refers to trckernel.o(i.vTraceStoreObjectPropertiesOnCloseEvent) for vTraceStoreObjectPropertiesOnCloseEvent
    event_groups.o(i.vEventGroupDelete) refers to trcbase.o(i.vTraceFreeObjectHandle) for vTraceFreeObjectHandle
    event_groups.o(i.vEventGroupDelete) refers to tasks.o(i.xTaskRemoveFromUnorderedEventList) for xTaskRemoveFromUnorderedEventList
    event_groups.o(i.vEventGroupDelete) refers to heap_4.o(i.vPortFree) for vPortFree
    event_groups.o(i.vEventGroupDelete) refers to tasks.o(i.xTaskResumeAll) for xTaskResumeAll
    event_groups.o(i.vEventGroupSetBitsCallback) refers to event_groups.o(i.xEventGroupSetBits) for xEventGroupSetBits
    event_groups.o(i.xEventGroupClearBits) refers to port.o(i.vPortEnterCritical) for vPortEnterCritical
    event_groups.o(i.xEventGroupClearBits) refers to event_groups.o(i.uxEventGroupGetNumber) for uxEventGroupGetNumber
    event_groups.o(i.xEventGroupClearBits) refers to trckernel.o(i.vTraceStoreKernelCallWithParam) for vTraceStoreKernelCallWithParam
    event_groups.o(i.xEventGroupClearBits) refers to port.o(i.vPortExitCritical) for vPortExitCritical
    event_groups.o(i.xEventGroupCreate) refers to heap_4.o(i.pvPortMalloc) for pvPortMalloc
    event_groups.o(i.xEventGroupCreate) refers to list.o(i.vListInitialise) for vListInitialise
    event_groups.o(i.xEventGroupCreate) refers to trcbase.o(i.xTraceGetObjectHandle) for xTraceGetObjectHandle
    event_groups.o(i.xEventGroupCreate) refers to event_groups.o(i.uxEventGroupGetNumber) for uxEventGroupGetNumber
    event_groups.o(i.xEventGroupCreate) refers to trckernel.o(i.vTraceStoreKernelCall) for vTraceStoreKernelCall
    event_groups.o(i.xEventGroupSetBits) refers to tasks.o(i.vTaskSuspendAll) for vTaskSuspendAll
    event_groups.o(i.xEventGroupSetBits) refers to event_groups.o(i.uxEventGroupGetNumber) for uxEventGroupGetNumber
    event_groups.o(i.xEventGroupSetBits) refers to trckernel.o(i.vTraceStoreKernelCallWithParam) for vTraceStoreKernelCallWithParam
    event_groups.o(i.xEventGroupSetBits) refers to tasks.o(i.xTaskRemoveFromUnorderedEventList) for xTaskRemoveFromUnorderedEventList
    event_groups.o(i.xEventGroupSetBits) refers to tasks.o(i.xTaskResumeAll) for xTaskResumeAll
    event_groups.o(i.xEventGroupSync) refers to tasks.o(i.xTaskGetSchedulerState) for xTaskGetSchedulerState
    event_groups.o(i.xEventGroupSync) refers to tasks.o(i.vTaskSuspendAll) for vTaskSuspendAll
    event_groups.o(i.xEventGroupSync) refers to event_groups.o(i.xEventGroupSetBits) for xEventGroupSetBits
    event_groups.o(i.xEventGroupSync) refers to event_groups.o(i.uxEventGroupGetNumber) for uxEventGroupGetNumber
    event_groups.o(i.xEventGroupSync) refers to trckernel.o(i.vTraceStoreKernelCallWithParam) for vTraceStoreKernelCallWithParam
    event_groups.o(i.xEventGroupSync) refers to tasks.o(i.vTaskPlaceOnUnorderedEventList) for vTaskPlaceOnUnorderedEventList
    event_groups.o(i.xEventGroupSync) refers to tasks.o(i.xTaskResumeAll) for xTaskResumeAll
    event_groups.o(i.xEventGroupSync) refers to tasks.o(i.uxTaskResetEventItemValue) for uxTaskResetEventItemValue
    event_groups.o(i.xEventGroupSync) refers to port.o(i.vPortEnterCritical) for vPortEnterCritical
    event_groups.o(i.xEventGroupSync) refers to port.o(i.vPortExitCritical) for vPortExitCritical
    event_groups.o(i.xEventGroupWaitBits) refers to tasks.o(i.xTaskGetSchedulerState) for xTaskGetSchedulerState
    event_groups.o(i.xEventGroupWaitBits) refers to tasks.o(i.vTaskSuspendAll) for vTaskSuspendAll
    event_groups.o(i.xEventGroupWaitBits) refers to event_groups.o(i.prvTestWaitCondition) for prvTestWaitCondition
    event_groups.o(i.xEventGroupWaitBits) refers to tasks.o(i.vTaskPlaceOnUnorderedEventList) for vTaskPlaceOnUnorderedEventList
    event_groups.o(i.xEventGroupWaitBits) refers to event_groups.o(i.uxEventGroupGetNumber) for uxEventGroupGetNumber
    event_groups.o(i.xEventGroupWaitBits) refers to trckernel.o(i.vTraceStoreKernelCallWithParam) for vTraceStoreKernelCallWithParam
    event_groups.o(i.xEventGroupWaitBits) refers to trckernelportfreertos.o(i.prvTraceGetCurrentTaskHandle) for prvTraceGetCurrentTaskHandle
[...]
    Removing tasks.o(i.uxTaskGetSystemState), (176 bytes).
    Removing tasks.o(i.uxTaskPriorityGet), (36 bytes).
    Removing tasks.o(i.uxTaskPriorityGetFromISR), (68 bytes).
    Removing tasks.o(i.uxTaskResetEventItemValue), (28 bytes).
    Removing tasks.o(i.vTaskDelay), (140 bytes).
    Removing tasks.o(i.vTaskDelayUntil), (260 bytes).
    Removing tasks.o(i.vTaskDelete), (372 bytes).
    Removing tasks.o(i.vTaskEndScheduler), (36 bytes).
    Removing tasks.o(i.vTaskGetInfo), (120 bytes).
    Removing tasks.o(i.vTaskNotifyGiveFromISR), (276 bytes).
    Removing tasks.o(i.vTaskPlaceOnUnorderedEventList), (112 bytes).
    Removing tasks.o(i.vTaskPrioritySet), (348 bytes).
    Removing tasks.o(i.vTaskResume), (180 bytes).
    Removing tasks.o(i.vTaskSetTaskNumber), (8 bytes).
    Removing tasks.o(i.vTaskSuspend), (260 bytes).
    Removing tasks.o(i.xTaskGenericNotify), (292 bytes).
    Removing tasks.o(i.xTaskGenericNotifyFromISR), (356 bytes).
    Removing tasks.o(i.xTaskGetTickCountFromISR), (20 bytes).
    Removing tasks.o(i.xTaskNotifyStateClear), (52 bytes).
    Removing tasks.o(i.xTaskNotifyWait), (256 bytes).
    Removing tasks.o(i.xTaskRemoveFromUnorderedEventList), (192 bytes).
    Removing tasks.o(i.xTaskResumeFromISR), (212 bytes).
    Removing timers.o(.rev16_text), (4 bytes).
    Removing timers.o(.revsh_text), (4 bytes).
    Removing timers.o(.rrx_text), (6 bytes).
    Removing timers.o(i.pcTimerGetName), (34 bytes).
    Removing timers.o(i.prvInitialiseNewTimer), (128 bytes).
    Removing timers.o(i.pvTimerGetTimerID), (46 bytes).
    Removing timers.o(i.vTimerSetTimerID), (46 bytes).
    Removing timers.o(i.xTimerCreate), (48 bytes).
    Removing timers.o(i.xTimerGetExpiryTime), (36 bytes).
    Removing timers.o(i.xTimerGetPeriod), (34 bytes).
    Removing timers.o(i.xTimerGetTimerDaemonTaskHandle), (48 bytes).
    Removing timers.o(i.xTimerIsTimerActive), (58 bytes).
    Removing port.o(.rev16_text), (4 bytes).
    Removing port.o(.revsh_text), (4 bytes).
    Removing port.o(.rrx_text), (6 bytes).
    Removing port.o(i.vPortEndScheduler), (48 bytes).
    Removing heap_4.o(.rev16_text), (4 bytes).
    Removing heap_4.o(.revsh_text), (4 bytes).
    Removing heap_4.o(.rrx_text), (6 bytes).
    Removing heap_4.o(i.vPortInitialiseBlocks), (2 bytes).
    Removing heap_4.o(i.xPortGetFreeHeapSize), (12 bytes).
    Removing heap_4.o(i.xPortGetMinimumEverFreeHeapSize), (12 bytes).
    Removing main.o(.rev16_text), (4 bytes).
    Removing main.o(.revsh_text), (4 bytes).
    Removing main.o(.rrx_text), (6 bytes).
    Removing main.o(i.vApplicationIdleHook), (2 bytes).
    Removing main.o(i.vApplicationStackOverflowHook), (4 bytes).
    Removing main.o(i.vApplicationTickHook), (2 bytes).
    Removing stdout_usart.o(.rev16_text), (4 bytes).
    Removing stdout_usart.o(.revsh_text), (4 bytes).
    Removing stdout_usart.o(.rrx_text), (6 bytes).
    Removing trcbase.o(.rev16_text), (4 bytes).
    Removing trcbase.o(.revsh_text), (4 bytes).
    Removing trcbase.o(.rrx_text), (6 bytes).
    Removing trchardwareport.o(.rev16_text), (4 bytes).
    Removing trchardwareport.o(.revsh_text), (4 bytes).
    Removing trchardwareport.o(.rrx_text), (6 bytes).
    Removing trckernel.o(.rev16_text), (4 bytes).
    Removing trckernel.o(.revsh_text), (4 bytes).
    Removing trckernel.o(.rrx_text), (6 bytes).
    Removing trckernel.o(i.vTraceSetReadyEventsEnabled), (12 bytes).
    Removing trckernel.o(i.vTraceStoreLowPower), (236 bytes).
    Removing trckernelportfreertos.o(.rev16_text), (4 bytes).
    Removing trckernelportfreertos.o(.revsh_text), (4 bytes).
    Removing trckernelportfreertos.o(.rrx_text), (6 bytes).
    Removing trckernelportfreertos.o(i.prvTraceIsSchedulerActive), (18 bytes).
    Removing trckernelportfreertos.o(i.prvTraceIsSchedulerStarted), (18 bytes).
    Removing trckernelportfreertos.o(i.prvTraceIsSchedulerSuspended), (16 bytes).
    Removing trcuser.o(.rev16_text), (4 bytes).
    Removing trcuser.o(.revsh_text), (4 bytes).
    Removing trcuser.o(.rrx_text), (6 bytes).
    Removing trcuser.o(i.prvTraceTaskInstanceFinish), (128 bytes).
    Removing trcuser.o(i.prvTraceUserEventFormat), (656 bytes).
    Removing trcuser.o(i.uiTraceGetTraceBufferSize), (6 bytes).
    Removing trcuser.o(i.vTraceClear), (128 bytes).
    Removing trcuser.o(i.vTraceClearError), (24 bytes).
    Removing trcuser.o(i.vTraceGetTraceBuffer), (12 bytes).
    Removing trcuser.o(i.vTracePrintF), (30 bytes).
    Removing trcuser.o(i.vTracePrintF_Helper), (420 bytes).
    Removing trcuser.o(i.vTraceSetISRProperties), (184 bytes).
    Removing trcuser.o(i.vTraceSetStopHook), (12 bytes).
    Removing trcuser.o(i.vTraceStart), (8 bytes).
    Removing trcuser.o(i.vTraceStop), (32 bytes).
    Removing trcuser.o(i.vTraceStoreISRBegin), (408 bytes).
    Removing trcuser.o(i.vTraceStoreISREnd), (308 bytes).
    Removing trcuser.o(i.vTraceTaskInstanceFinish), (10 bytes).
    Removing trcuser.o(i.vTraceTaskInstanceFinishDirect), (10 bytes).
    Removing trcuser.o(i.vTraceUserEvent), (196 bytes).
    Removing trcuser.o(i.writeInt16), (128 bytes).
    Removing trcuser.o(i.writeInt32), (128 bytes).
    Removing trcuser.o(i.writeInt8), (88 bytes).
    Removing trcuser.o(i.xTraceGetLastError), (12 bytes).
    Removing trcuser.o(i.xTraceOpenLabel), (76 bytes).
    Removing trcuser.o(.bss), (16 bytes).
    Removing led_nucleo-f446re.o(.rev16_text), (4 bytes).
    Removing led_nucleo-f446re.o(.revsh_text), (4 bytes).
    Removing led_nucleo-f446re.o(.rrx_text), (6 bytes).
    Removing led_nucleo-f446re.o(i.LED_GetCount), (4 bytes).
    Removing led_nucleo-f446re.o(i.LED_Initialize), (88 bytes).
    Removing led_nucleo-f446re.o(i.LED_Off), (36 bytes).
    Removing led_nucleo-f446re.o(i.LED_On), (32 bytes).
    Removing led_nucleo-f446re.o(i.LED_SetOut), (40 bytes).
    Removing led_nucleo-f446re.o(i.LED_Uninitialize), (4 bytes).
    Removing led_nucleo-f446re.o(.constdata), (4 bytes).
    Removing retarget_io.o(i.__aeabi_assert), (156 bytes).
    Removing retarget_io.o(i.__backspace), (8 bytes).
    Removing retarget_io.o(i.abort), (4 bytes).
    Removing retarget_io.o(i.fgetc), (8 bytes).
    Removing startup_stm32f446xx.o(HEAP), (512 bytes).
    Removing system_stm32f4xx.o(.rev16_text), (4 bytes).
    Removing system_stm32f4xx.o(.revsh_text), (4 bytes).
    Removing system_stm32f4xx.o(.rrx_text), (6 bytes).
    Removing dfixui.o(.text), (50 bytes).
    Removing dadd.o(.text), (334 bytes).
    Removing dmul.o(.text), (228 bytes).
    Removing ddiv.o(.text), (222 bytes).
    Removing dfixul.o(.text), (48 bytes).
    Removing cdrcmple.o(.text), (48 bytes).
    Removing depilogue.o(.text), (186 bytes).

171 unused section(s) (total 13914 bytes) removed from the image.

==============================================================================

Image Symbol Table

    Local Symbols

    Symbol Name                              Value     Ov Type        Size  Object(Section)

    ../clib/microlib/division.c              0x00000000   Number         0  uidiv.o ABSOLUTE
    ../clib/microlib/division.c              0x00000000   Number         0  uldiv.o ABSOLUTE
    ../clib/microlib/init/entry.s            0x00000000   Number         0  entry.o ABSOLUTE
    ../clib/microlib/init/entry.s            0x00000000   Number         0  entry8b.o ABSOLUTE
    ../clib/microlib/init/entry.s            0x00000000   Number         0  entry8a.o ABSOLUTE
    ../clib/microlib/init/entry.s            0x00000000   Number         0  entry7b.o ABSOLUTE
    ../clib/microlib/init/entry.s            0x00000000   Number         0  entry7a.o ABSOLUTE
    ../clib/microlib/init/entry.s            0x00000000   Number         0  entry11a.o ABSOLUTE
    ../clib/microlib/init/entry.s            0x00000000   Number         0  entry10b.o ABSOLUTE
    ../clib/microlib/init/entry.s            0x00000000   Number         0  entry11b.o ABSOLUTE
    ../clib/microlib/init/entry.s            0x00000000   Number         0  entry2.o ABSOLUTE
    ../clib/microlib/init/entry.s            0x00000000   Number         0  entry5.o ABSOLUTE
    ../clib/microlib/init/entry.s            0x00000000   Number         0  entry10a.o ABSOLUTE
    ../clib/microlib/init/entry.s            0x00000000   Number         0  entry9b.o ABSOLUTE
    ../clib/microlib/init/entry.s            0x00000000   Number         0  entry9a.o ABSOLUTE
    ../clib/microlib/longlong.c              0x00000000   Number         0  llshl.o ABSOLUTE
    ../clib/microlib/longlong.c              0x00000000   Number         0  llushr.o ABSOLUTE
    ../clib/microlib/longlong.c              0x00000000   Number         0  llsshr.o ABSOLUTE
    ../clib/microlib/printf/printf.c         0x00000000   Number         0  printfb.o ABSOLUTE
    ../clib/microlib/printf/printf.c         0x00000000   Number         0  printf0.o ABSOLUTE
    ../clib/microlib/printf/printf.c         0x00000000   Number         0  printf1.o ABSOLUTE
    ../clib/microlib/printf/printf.c         0x00000000   Number         0  printf2.o ABSOLUTE
    ../clib/microlib/printf/printf.c         0x00000000   Number         0  printf8.o ABSOLUTE
    ../clib/microlib/printf/printf.c         0x00000000   Number         0  printf4.o ABSOLUTE
    ../clib/microlib/printf/printf.c         0x00000000   Number         0  printfa.o ABSOLUTE
    ../clib/microlib/printf/printf.c         0x00000000   Number         0  printf3.o ABSOLUTE
    ../clib/microlib/printf/printf.c         0x00000000   Number         0  printf6.o ABSOLUTE
    ../clib/microlib/printf/printf.c         0x00000000   Number         0  printf5.o ABSOLUTE
    ../clib/microlib/printf/printf.c         0x00000000   Number         0  printf7.o ABSOLUTE
    ../clib/microlib/printf/stubs.s          0x00000000   Number         0  stubs.o ABSOLUTE
    ../clib/microlib/stdio/fputs.c           0x00000000   Number         0  fputs_e.o ABSOLUTE
    ../clib/microlib/stdio/fputs.c           0x00000000   Number         0  fputs.o ABSOLUTE
    ../clib/microlib/stdio/streams.c         0x00000000   Number         0  stderr.o ABSOLUTE
    ../clib/microlib/stdio/streams.c         0x00000000   Number         0  stdout.o ABSOLUTE
    ../clib/microlib/string/memcpy.c         0x00000000   Number         0  memcpyb.o ABSOLUTE
    ../clib/microlib/string/memcpy.c         0x00000000   Number         0  memcpya.o ABSOLUTE
    ../clib/microlib/string/memset.c         0x00000000   Number         0  memseta.o ABSOLUTE
    ../clib/microlib/string/strncmp.c        0x00000000   Number         0  strncmp.o ABSOLUTE
    ../clib/microlib/string/strncpy.c        0x00000000   Number         0  strncpy.o ABSOLUTE
    ../clib/microlib/stubs.s                 0x00000000   Number         0  iusefp.o ABSOLUTE
    ../fplib/microlib/fpadd.c                0x00000000   Number         0  dadd.o ABSOLUTE
    ../fplib/microlib/fpdiv.c                0x00000000   Number         0  ddiv.o ABSOLUTE
    ../fplib/microlib/fpepilogue.c           0x00000000   Number         0  depilogue.o ABSOLUTE
    ../fplib/microlib/fpfix.c                0x00000000   Number         0  dfixui.o ABSOLUTE
    ../fplib/microlib/fpfix.c                0x00000000   Number         0  dfixul.o ABSOLUTE
    ../fplib/microlib/fpmul.c                0x00000000   Number         0  dmul.o ABSOLUTE
    C:\Keil_v5\ARM\PACK\Keil\ARM_Compiler\1.0.0\Source\retarget_io.c 0x00000000   Number         0  retarget_io.o ABSOLUTE
    C:\Keil_v5\ARM\PACK\Keil\STM32NUCLEO_BSP\1.6.0\Boards\ST\NUCLEO-F446RE\Common\LED_NUCLEO-F446RE.c 0x00000000   Number         0  led_nucleo-f446re.o ABSOLUTE
    C:\\Keil_v5\\ARM\\PACK\\Keil\\STM32NUCLEO_BSP\\1.6.0\\Boards\\ST\\NUCLEO-F446RE\\Common\\LED_NUCLEO-F446RE.c 0x00000000   Number         0  led_nucleo-f446re.o ABSOLUTE
    FreeRTOSv9.0.0\FreeRTOS\Source\croutine.c 0x00000000   Number         0  croutine.o ABSOLUTE
    FreeRTOSv9.0.0\FreeRTOS\Source\event_groups.c 0x00000000   Number         0  event_groups.o ABSOLUTE
    FreeRTOSv9.0.0\FreeRTOS\Source\list.c    0x00000000   Number         0  list.o ABSOLUTE
    FreeRTOSv9.0.0\FreeRTOS\Source\portable\MemMang\heap_4.c 0x00000000   Number         0  heap_4.o ABSOLUTE
    FreeRTOSv9.0.0\FreeRTOS\Source\portable\RVDS\ARM_CM4F\port.c 0x00000000   Number         0  port.o ABSOLUTE
    FreeRTOSv9.0.0\FreeRTOS\Source\queue.c   0x00000000   Number         0  queue.o ABSOLUTE
    FreeRTOSv9.0.0\FreeRTOS\Source\tasks.c   0x00000000   Number         0  tasks.o ABSOLUTE
    FreeRTOSv9.0.0\FreeRTOS\Source\timers.c  0x00000000   Number         0  timers.o ABSOLUTE
    FreeRTOSv9.0.0\\FreeRTOS\\Source\\croutine.c 0x00000000   Number         0  croutine.o ABSOLUTE
    FreeRTOSv9.0.0\\FreeRTOS\\Source\\event_groups.c 0x00000000   Number         0  event_groups.o ABSOLUTE
    FreeRTOSv9.0.0\\FreeRTOS\\Source\\list.c 0x00000000   Number         0  list.o ABSOLUTE
    FreeRTOSv9.0.0\\FreeRTOS\\Source\\portable\\MemMang\\heap_4.c 0x00000000   Number         0  heap_4.o ABSOLUTE
    FreeRTOSv9.0.0\\FreeRTOS\\Source\\portable\\RVDS\\ARM_CM4F\\port.c 0x00000000   Number         0  port.o ABSOLUTE
    FreeRTOSv9.0.0\\FreeRTOS\\Source\\queue.c 0x00000000   Number         0  queue.o ABSOLUTE
    FreeRTOSv9.0.0\\FreeRTOS\\Source\\tasks.c 0x00000000   Number         0  tasks.o ABSOLUTE
    FreeRTOSv9.0.0\\FreeRTOS\\Source\\timers.c 0x00000000   Number         0  timers.o ABSOLUTE
    RTE\Device\STM32F446RETx\startup_stm32f446xx.s 0x00000000   Number         0  startup_stm32f446xx.o ABSOLUTE
    RTE\Device\STM32F446RETx\system_stm32f4xx.c 0x00000000   Number         0  system_stm32f4xx.o ABSOLUTE
    RTE\\Device\\STM32F446RETx\\system_stm32f4xx.c 0x00000000   Number         0  system_stm32f4xx.o ABSOLUTE
    cdrcmple.s                               0x00000000   Number         0  cdrcmple.o ABSOLUTE
    dc.s                                     0x00000000   Number         0  dc.o ABSOLUTE
    handlers.s                               0x00000000   Number         0  handlers.o ABSOLUTE
    init.s                                   0x00000000   Number         0  init.o ABSOLUTE
    main.c                                   0x00000000   Number         0  main.o ABSOLUTE
    main.c                                   0x00000000   Number         0  main.o ABSOLUTE
    stdout_USART.c                           0x00000000   Number         0  stdout_usart.o ABSOLUTE
    stdout_USART.c                           0x00000000   Number         0  stdout_usart.o ABSOLUTE
    trace_lib_src\GenericRecorderLibSrc\trcBase.c 0x00000000   Number         0  trcbase.o ABSOLUTE
    trace_lib_src\GenericRecorderLibSrc\trcHardwarePort.c 0x00000000   Number         0  trchardwareport.o ABSOLUTE
    trace_lib_src\GenericRecorderLibSrc\trcKernel.c 0x00000000   Number         0  trckernel.o ABSOLUTE
    trace_lib_src\GenericRecorderLibSrc\trcKernelPortFreeRTOS.c 0x00000000   Number         0  trckernelportfreertos.o ABSOLUTE
    trace_lib_src\GenericRecorderLibSrc\trcUser.c 0x00000000   Number         0  trcuser.o ABSOLUTE
    trace_lib_src\\GenericRecorderLibSrc\\trcBase.c 0x00000000   Number         0  trcbase.o ABSOLUTE
    trace_lib_src\\GenericRecorderLibSrc\\trcHardwarePort.c 0x00000000   Number         0  trchardwareport.o ABSOLUTE
    trace_lib_src\\GenericRecorderLibSrc\\trcKernel.c 0x00000000   Number         0  trckernel.o ABSOLUTE
    trace_lib_src\\GenericRecorderLibSrc\\trcKernelPortFreeRTOS.c 0x00000000   Number         0  trckernelportfreertos.o ABSOLUTE
    trace_lib_src\\GenericRecorderLibSrc\\trcUser.c 0x00000000   Number         0  trcuser.o ABSOLUTE
    RESET                                    0x08000000   Section      452  startup_stm32f446xx.o(RESET)
    .ARM.Collect$$$$00000000                 0x080001c4   Section        0  entry.o(.ARM.Collect$$$$00000000)
    .ARM.Collect$$$$00000001                 0x080001c4   Section        4  entry2.o(.ARM.Collect$$$$00000001)
    .ARM.Collect$$$$00000004                 0x080001c8   Section        4  entry5.o(.ARM.Collect$$$$00000004)
    .ARM.Collect$$$$00000008                 0x080001cc   Section        0  entry7b.o(.ARM.Collect$$$$00000008)
    .ARM.Collect$$$$0000000A                 0x080001cc   Section        0  entry8b.o(.ARM.Collect$$$$0000000A)
    .ARM.Collect$$$$0000000B                 0x080001cc   Section        8  entry9a.o(.ARM.Collect$$$$0000000B)
    .ARM.Collect$$$$0000000D                 0x080001d4   Section        0  entry10a.o(.ARM.Collect$$$$0000000D)
    .ARM.Collect$$$$0000000F                 0x080001d4   Section        0  entry11a.o(.ARM.Collect$$$$0000000F)
    .ARM.Collect$$$$00002712                 0x080001d4   Section        4  entry2.o(.ARM.Collect$$$$00002712)
    __lit__00000000                          0x080001d4   Data           4  entry2.o(.ARM.Collect$$$$00002712)
    .emb_text                                0x080001d8   Section      182  port.o(.emb_text)
    $v0                                      0x080001d8   Number         0  port.o(.emb_text)
    .text                                    0x08000290   Section       36  startup_stm32f446xx.o(.text)
    $v0                                      0x08000290   Number         0  startup_stm32f446xx.o(.text)
    .text                                    0x080002b4   Section        0  memcpya.o(.text)
    .text                                    0x080002d8   Section        0  memseta.o(.text)
    .text                                    0x080002fc   Section        0  strncpy.o(.text)
    .text                                    0x08000314   Section        0  strncmp.o(.text)
    .text                                    0x08000334   Section       36  init.o(.text)
    i.SysTick_Handler                        0x08000358   Section        0  port.o(i.SysTick_Handler)
    i.SystemCoreClockConfigure               0x0800038c   Section        0  main.o(i.SystemCoreClockConfigure)
    i.SystemCoreClockUpdate                  0x0800043c   Section        0  system_stm32f4xx.o(i.SystemCoreClockUpdate)
    i.SystemInit                             0x080004fc   Section        0  system_stm32f4xx.o(i.SystemInit)
    i.__0printf$2                            0x08000560   Section        0  printf2.o(i.__0printf$2)
    i.__get_PRIMASK                          0x08000580   Section        0  trckernel.o(i.__get_PRIMASK)
    __get_PRIMASK                            0x08000581   Thumb Code     6  trckernel.o(i.__get_PRIMASK)
    i.__get_PRIMASK                          0x08000586   Section        0  trcuser.o(i.__get_PRIMASK)
    __get_PRIMASK                            0x08000587   Thumb Code     6  trcuser.o(i.__get_PRIMASK)
    i.__scatterload_copy                     0x0800058c   Section       14  handlers.o(i.__scatterload_copy)
    i.__scatterload_null                     0x0800059a   Section        2  handlers.o(i.__scatterload_null)
    i.__scatterload_zeroinit                 0x0800059c   Section       14  handlers.o(i.__scatterload_zeroinit)
    i.__set_PRIMASK                          0x080005aa   Section        0  trckernel.o(i.__set_PRIMASK)
    __set_PRIMASK                            0x080005ab   Thumb Code     6  trckernel.o(i.__set_PRIMASK)
    i.__set_PRIMASK                          0x080005b0   Section        0  trcuser.o(i.__set_PRIMASK)
    __set_PRIMASK                            0x080005b1   Thumb Code     6  trcuser.o(i.__set_PRIMASK)
    i._printf_core                           0x080005b6   Section        0  printf2.o(i._printf_core)
    _printf_core                             0x080005b7   Thumb Code   214  printf2.o(i._printf_core)
    i.fputc                                  0x0800068c   Section        0  retarget_io.o(i.fputc)
    i.main                                   0x080006ac   Section        0  main.o(i.main)
    i.prvAddCurrentTaskToDelayedList         0x08000794   Section        0  tasks.o(i.prvAddCurrentTaskToDelayedList)
    prvAddCurrentTaskToDelayedList           0x08000795   Thumb Code   124  tasks.o(i.prvAddCurrentTaskToDelayedList)
    i.prvAddNewTaskToReadyList               0x0800082c   Section        0  tasks.o(i.prvAddNewTaskToReadyList)
    prvAddNewTaskToReadyList                 0x0800082d   Thumb Code   236  tasks.o(i.prvAddNewTaskToReadyList)
    i.prvCheckDataToBeOverwrittenForMultiEntryEvents 0x08000934   Section        0  trcbase.o(i.prvCheckDataToBeOverwrittenForMultiEntryEvents)
    i.prvCheckForValidListAndQueue           0x08000a00   Section        0  timers.o(i.prvCheckForValidListAndQueue)
    prvCheckForValidListAndQueue             0x08000a01   Thumb Code    72  timers.o(i.prvCheckForValidListAndQueue)
    i.prvCheckTasksWaitingTermination        0x08000a64   Section        0  tasks.o(i.prvCheckTasksWaitingTermination)
    prvCheckTasksWaitingTermination          0x08000a65   Thumb Code    86  tasks.o(i.prvCheckTasksWaitingTermination)
    i.prvCopyDataFromQueue                   0x08000ac8   Section        0  queue.o(i.prvCopyDataFromQueue)
    prvCopyDataFromQueue                     0x08000ac9   Thumb Code    42  queue.o(i.prvCopyDataFromQueue)
    i.prvCopyDataToQueue                     0x08000af2   Section        0  queue.o(i.prvCopyDataToQueue)
    prvCopyDataToQueue                       0x08000af3   Thumb Code   124  queue.o(i.prvCopyDataToQueue)
    i.prvDeleteTCB                           0x08000b6e   Section        0  tasks.o(i.prvDeleteTCB)
    prvDeleteTCB                             0x08000b6f   Thumb Code    18  tasks.o(i.prvDeleteTCB)
    i.prvGetNextExpireTime                   0x08000b80   Section        0  timers.o(i.prvGetNextExpireTime)
    prvGetNextExpireTime                     0x08000b81   Thumb Code    36  timers.o(i.prvGetNextExpireTime)
    i.prvHeapInit                            0x08000ba8   Section        0  heap_4.o(i.prvHeapInit)
    prvHeapInit                              0x08000ba9   Thumb Code    98  heap_4.o(i.prvHeapInit)
    i.prvIdleTask                            0x08000c24   Section        0  tasks.o(i.prvIdleTask)
    prvIdleTask                              0x08000c25   Thumb Code    32  tasks.o(i.prvIdleTask)
    i.prvInitialiseNewQueue                  0x08000c4c   Section        0  queue.o(i.prvInitialiseNewQueue)
    prvInitialiseNewQueue                    0x08000c4d   Thumb Code   138  queue.o(i.prvInitialiseNewQueue)
    i.prvInitialiseNewTask                   0x08000cdc   Section        0  tasks.o(i.prvInitialiseNewTask)
    prvInitialiseNewTask                     0x08000cdd   Thumb Code   182  tasks.o(i.prvInitialiseNewTask)
    i.prvInitialiseTaskLists                 0x08000d94   Section        0  tasks.o(i.prvInitialiseTaskLists)
    prvInitialiseTaskLists                   0x08000d95   Thumb Code    70  tasks.o(i.prvInitialiseTaskLists)
    i.prvInsertBlockIntoFreeList             0x08000dfc   Section        0  heap_4.o(i.prvInsertBlockIntoFreeList)
    prvInsertBlockIntoFreeList               0x08000dfd   Thumb Code    96  heap_4.o(i.prvInsertBlockIntoFreeList)
    i.prvInsertTimerInActiveList             0x08000e64   Section        0  timers.o(i.prvInsertTimerInActiveList)
    prvInsertTimerInActiveList               0x08000e65   Thumb Code    80  timers.o(i.prvInsertTimerInActiveList)
    i.prvIsQueueEmpty                        0x08000ebc   Section        0  queue.o(i.prvIsQueueEmpty)
    prvIsQueueEmpty                          0x08000ebd   Thumb Code    26  queue.o(i.prvIsQueueEmpty)
    i.prvIsQueueFull                         0x08000ed6   Section        0  queue.o(i.prvIsQueueFull)
    prvIsQueueFull                           0x08000ed7   Thumb Code    30  queue.o(i.prvIsQueueFull)
    i.prvProcessExpiredTimer                 0x08000ef4   Section        0  timers.o(i.prvProcessExpiredTimer)
    prvProcessExpiredTimer                   0x08000ef5   Thumb Code    96  timers.o(i.prvProcessExpiredTimer)
    i.prvProcessReceivedCommands             0x08000f58   Section        0  timers.o(i.prvProcessReceivedCommands)
    prvProcessReceivedCommands               0x08000f59   Thumb Code   246  timers.o(i.prvProcessReceivedCommands)
    i.prvProcessTimerOrBlockTask             0x08001054   Section        0  timers.o(i.prvProcessTimerOrBlockTask)
    prvProcessTimerOrBlockTask               0x08001055   Thumb Code   102  timers.o(i.prvProcessTimerOrBlockTask)
    i.prvResetNextTaskUnblockTime            0x080010c8   Section        0  tasks.o(i.prvResetNextTaskUnblockTime)
    prvResetNextTaskUnblockTime              0x080010c9   Thumb Code    42  tasks.o(i.prvResetNextTaskUnblockTime)
    i.prvSampleTimeNow                       0x080010fc   Section        0  timers.o(i.prvSampleTimeNow)
    prvSampleTimeNow                         0x080010fd   Thumb Code    40  timers.o(i.prvSampleTimeNow)
    i.prvSwitchTimerLists                    0x08001128   Section        0  timers.o(i.prvSwitchTimerLists)
    prvSwitchTimerLists                      0x08001129   Thumb Code   152  timers.o(i.prvSwitchTimerLists)
    i.prvTaskExitError                       0x080011c8   Section        0  port.o(i.prvTaskExitError)
    prvTaskExitError                         0x080011c9   Thumb Code    62  port.o(i.prvTaskExitError)
    i.prvTimerTask                           0x0800120c   Section        0  timers.o(i.prvTimerTask)
    prvTimerTask                             0x0800120d   Thumb Code    26  timers.o(i.prvTimerTask)
    i.prvTraceCreateSymbolTableEntry         0x08001228   Section        0  trcbase.o(i.prvTraceCreateSymbolTableEntry)
    i.prvTraceGetChecksum                    0x08001418   Section        0  trcbase.o(i.prvTraceGetChecksum)
    i.prvTraceGetCurrentTaskHandle           0x08001504   Section        0  trckernelportfreertos.o(i.prvTraceGetCurrentTaskHandle)
    i.prvTraceGetDTS                         0x0800150c   Section        0  trcbase.o(i.prvTraceGetDTS)
    i.prvTraceGetObjectNumber                0x080016c4   Section        0  trckernelportfreertos.o(i.prvTraceGetObjectNumber)
    i.prvTraceGetObjectType                  0x080016d2   Section        0  trckernelportfreertos.o(i.prvTraceGetObjectType)
    i.prvTraceGetParam                       0x080016e0   Section        0  trckernel.o(i.prvTraceGetParam)
    prvTraceGetParam                         0x080016e1   Thumb Code    80  trckernel.o(i.prvTraceGetParam)
    i.prvTraceGetTaskNumber                  0x08001770   Section        0  trckernelportfreertos.o(i.prvTraceGetTaskNumber)
    i.prvTraceInitCortexM                    0x08001780   Section        0  trchardwareport.o(i.prvTraceInitCortexM)
    i.prvTraceInitTraceData                  0x08001818   Section        0  trcbase.o(i.prvTraceInitTraceData)
    i.prvTraceLookupSymbolTableEntry         0x08001a8c   Section        0  trcbase.o(i.prvTraceLookupSymbolTableEntry)
    i.prvTraceOpenSymbol                     0x08001bb0   Section        0  trcbase.o(i.prvTraceOpenSymbol)
    i.prvTraceUpdateCounters                 0x08001c60   Section        0  trcbase.o(i.prvTraceUpdateCounters)
    i.prvUnlockQueue                         0x08001cb4   Section        0  queue.o(i.prvUnlockQueue)
    prvUnlockQueue                           0x08001cb5   Thumb Code   126  queue.o(i.prvUnlockQueue)
    i.pszTraceGetErrorNotEnoughHandles       0x08001d34   Section        0  trckernelportfreertos.o(i.pszTraceGetErrorNotEnoughHandles)
    i.pvPortMalloc                           0x08001ec4   Section        0  heap_4.o(i.pvPortMalloc)
    i.pvTaskIncrementMutexHeldCount          0x0800201c   Section        0  tasks.o(i.pvTaskIncrementMutexHeldCount)
    i.pxPortInitialiseStack                  0x0800203c   Section        0  port.o(i.pxPortInitialiseStack)
    i.stdout_init                            0x08002068   Section        0  stdout_usart.o(i.stdout_init)
    i.stdout_putchar                         0x080020dc   Section        0  stdout_usart.o(i.stdout_putchar)
    i.ucQueueGetQueueType                    0x080020f8   Section        0  queue.o(i.ucQueueGetQueueType)
    i.uiIndexOfObject                        0x08002100   Section        0  trcbase.o(i.uiIndexOfObject)
    i.uiTraceGetObjectState                  0x0800222c   Section        0  trckernel.o(i.uiTraceGetObjectState)
    i.uiTraceGetPriorityProperty             0x080022b8   Section        0  trckernel.o(i.uiTraceGetPriorityProperty)
    i.uiTraceIsObjectExcluded                0x0800234c   Section        0  trckernelportfreertos.o(i.uiTraceIsObjectExcluded)
    i.uiTraceStart                           0x080024a8   Section        0  trcuser.o(i.uiTraceStart)
    i.uxListRemove                           0x08002548   Section        0  list.o(i.uxListRemove)
    i.uxQueueGetQueueNumber                  0x08002570   Section        0  queue.o(i.uxQueueGetQueueNumber)
    i.uxTaskGetTaskNumber                    0x08002576   Section        0  tasks.o(i.uxTaskGetTaskNumber)
    i.vApplicationMallocFailedHook           0x08002584   Section        0  main.o(i.vApplicationMallocFailedHook)
    i.vInitStartMarkers                      0x08002588   Section        0  trcbase.o(i.vInitStartMarkers)
    vInitStartMarkers                        0x08002589   Thumb Code    36  trcbase.o(i.vInitStartMarkers)
    i.vListInitialise                        0x080025dc   Section        0  list.o(i.vListInitialise)
    i.vListInitialiseItem                    0x080025f6   Section        0  list.o(i.vListInitialiseItem)
    i.vListInsert                            0x080025fc   Section        0  list.o(i.vListInsert)
    i.vListInsertEnd                         0x08002630   Section        0  list.o(i.vListInsertEnd)
    i.vPortEnterCritical                     0x08002648   Section        0  port.o(i.vPortEnterCritical)
    i.vPortExitCritical                      0x080026a0   Section        0  port.o(i.vPortExitCritical)
    i.vPortFree                              0x080026e0   Section        0  heap_4.o(i.vPortFree)
    i.vPortSetupTimerInterrupt               0x08002784   Section        0  port.o(i.vPortSetupTimerInterrupt)
    i.vPortValidateInterruptPriority         0x080027a4   Section        0  port.o(i.vPortValidateInterruptPriority)
    i.vQueueAddToRegistry                    0x08002820   Section        0  queue.o(i.vQueueAddToRegistry)
    i.vQueueWaitForMessageRestricted         0x08002874   Section        0  queue.o(i.vQueueWaitForMessageRestricted)
    i.vTask1                                 0x080028c0   Section        0  main.o(i.vTask1)
    i.vTask2                                 0x08002920   Section        0  main.o(i.vTask2)
    i.vTaskMissedYield                       0x08002980   Section        0  tasks.o(i.vTaskMissedYield)
    i.vTaskPlaceOnEventList                  0x0800298c   Section        0  tasks.o(i.vTaskPlaceOnEventList)
    i.vTaskPlaceOnEventListRestricted        0x080029c8   Section        0  tasks.o(i.vTaskPlaceOnEventListRestricted)
    i.vTaskPriorityInherit                   0x08002a3c   Section        0  tasks.o(i.vTaskPriorityInherit)
    i.vTaskSetTimeOutState                   0x08002b3c   Section        0  tasks.o(i.vTaskSetTimeOutState)
    i.vTaskStartScheduler                    0x08002b6c   Section        0  tasks.o(i.vTaskStartScheduler)
    i.vTaskSuspendAll                        0x08002c00   Section        0  tasks.o(i.vTaskSuspendAll)
    i.vTaskSwitchContext                     0x08002c10   Section        0  tasks.o(i.vTaskSwitchContext)
    i.vTraceError                            0x08002cac   Section        0  trcbase.o(i.vTraceError)
    i.vTraceFreeObjectHandle                 0x08002d5c   Section        0  trcbase.o(i.vTraceFreeObjectHandle)
    i.vTraceInitObjectHandleStack            0x08002e3c   Section        0  trckernelportfreertos.o(i.vTraceInitObjectHandleStack)
    i.vTraceInitObjectPropertyTable          0x08002e90   Section        0  trckernelportfreertos.o(i.vTraceInitObjectPropertyTable)
    i.vTraceInitTraceData                    0x08002fb4   Section        0  trcuser.o(i.vTraceInitTraceData)
    i.vTracePortGetTimeStamp                 0x08002fbc   Section        0  trchardwareport.o(i.vTracePortGetTimeStamp)
    i.vTraceSetObjectName                    0x08003028   Section        0  trcbase.o(i.vTraceSetObjectName)
    i.vTraceSetObjectState                   0x08003134   Section        0  trckernel.o(i.vTraceSetObjectState)
    i.vTraceSetPriorityProperty              0x080031c0   Section        0  trckernel.o(i.vTraceSetPriorityProperty)
    i.vTraceSetTaskInstanceFinished          0x08003254   Section        0  trckernel.o(i.vTraceSetTaskInstanceFinished)
    i.vTraceStoreKernelCall                  0x08003298   Section        0  trckernel.o(i.vTraceStoreKernelCall)
    i.vTraceStoreKernelCallWithNumericParamOnly 0x080033f4   Section        0  trckernel.o(i.vTraceStoreKernelCallWithNumericParamOnly)
    i.vTraceStoreKernelCallWithParam         0x080034f4   Section        0  trckernel.o(i.vTraceStoreKernelCallWithParam)
    i.vTraceStoreMemMangEvent                0x08003664   Section        0  trckernel.o(i.vTraceStoreMemMangEvent)
    i.vTraceStoreObjectNameOnCloseEvent      0x0800374c   Section        0  trckernel.o(i.vTraceStoreObjectNameOnCloseEvent)
    i.vTraceStoreObjectPropertiesOnCloseEvent 0x080037c8   Section        0  trckernel.o(i.vTraceStoreObjectPropertiesOnCloseEvent)
    i.vTraceStoreTaskReady                   0x0800385c   Section        0  trckernel.o(i.vTraceStoreTaskReady)
    i.vTraceStoreTaskswitch                  0x08003980   Section        0  trckernel.o(i.vTraceStoreTaskswitch)
    i.xPortStartScheduler                    0x08003a74   Section        0  port.o(i.xPortStartScheduler)
    i.xQueueGenericCreate                    0x08003bb8   Section        0  queue.o(i.xQueueGenericCreate)
    i.xQueueGenericReceive                   0x08003c14   Section        0  queue.o(i.xQueueGenericReceive)
    i.xQueueGenericReset                     0x08003f30   Section        0  queue.o(i.xQueueGenericReset)
    i.xQueueGenericSend                      0x08003fc8   Section        0  queue.o(i.xQueueGenericSend)
    i.xQueueGenericSendFromISR               0x08004274   Section        0  queue.o(i.xQueueGenericSendFromISR)
    i.xTaskCheckForTimeOut                   0x080043f0   Section        0  tasks.o(i.xTaskCheckForTimeOut)
    i.xTaskCreate                            0x08004480   Section        0  tasks.o(i.xTaskCreate)
    i.xTaskGetCurrentTaskHandle              0x080044e0   Section        0  tasks.o(i.xTaskGetCurrentTaskHandle)
    i.xTaskGetSchedulerState                 0x080044ec   Section        0  tasks.o(i.xTaskGetSchedulerState)
    i.xTaskGetTickCount                      0x0800450c   Section        0  tasks.o(i.xTaskGetTickCount)
    i.xTaskIncrementTick                     0x08004518   Section        0  tasks.o(i.xTaskIncrementTick)
    i.xTaskPriorityDisinherit                0x08004694   Section        0  tasks.o(i.xTaskPriorityDisinherit)
    i.xTaskRemoveFromEventList               0x080047ac   Section        0  tasks.o(i.xTaskRemoveFromEventList)
    i.xTaskResumeAll                         0x08004858   Section        0  tasks.o(i.xTaskResumeAll)
    i.xTimerCreateTimerTask                  0x0800496c   Section        0  timers.o(i.xTimerCreateTimerTask)
    i.xTimerGenericCommand                   0x080049c4   Section        0  timers.o(i.xTimerGenericCommand)
    i.xTraceGetObjectHandle                  0x08004ae8   Section        0  trcbase.o(i.xTraceGetObjectHandle)
    i.xTraceNextFreeEventBufferSlot          0x08004c88   Section        0  trcbase.o(i.xTraceNextFreeEventBufferSlot)
    .constdata                               0x08004cec   Section       16  system_stm32f4xx.o(.constdata)
    .conststring                             0x08004cfc   Section      223  trcbase.o(.conststring)
    .conststring                             0x08004ddc   Section     1117  trckernel.o(.conststring)
    .conststring                             0x0800523c   Section      208  trckernelportfreertos.o(.conststring)
    .conststring                             0x0800530c   Section       75  trcuser.o(.conststring)
    .data                                    0x20000000   Section       60  tasks.o(.data)
    pxDelayedTaskList                        0x20000004   Data           4  tasks.o(.data)
    pxOverflowDelayedTaskList                0x20000008   Data           4  tasks.o(.data)
    uxDeletedTasksWaitingCleanUp             0x2000000c   Data           4  tasks.o(.data)
    uxCurrentNumberOfTasks                   0x20000010   Data           4  tasks.o(.data)
    xTickCount                               0x20000014   Data           4  tasks.o(.data)
    uxTopReadyPriority                       0x20000018   Data           4  tasks.o(.data)
    xSchedulerRunning                        0x2000001c   Data           4  tasks.o(.data)
    uxPendedTicks                            0x20000020   Data           4  tasks.o(.data)
    xYieldPending                            0x20000024   Data           4  tasks.o(.data)
    xNumOfOverflows                          0x20000028   Data           4  tasks.o(.data)
    uxTaskNumber                             0x2000002c   Data           4  tasks.o(.data)
    xNextTaskUnblockTime                     0x20000030   Data           4  tasks.o(.data)
    xIdleTaskHandle                          0x20000034   Data           4  tasks.o(.data)
    uxSchedulerSuspended                     0x20000038   Data           4  tasks.o(.data)
    .data                                    0x2000003c   Section       20  timers.o(.data)
    pxCurrentTimerList                       0x2000003c   Data           4  timers.o(.data)
    pxOverflowTimerList                      0x20000040   Data           4  timers.o(.data)
    xTimerQueue                              0x20000044   Data           4  timers.o(.data)
    xTimerTaskHandle                         0x20000048   Data           4  timers.o(.data)
    xLastTime                                0x2000004c   Data           4  timers.o(.data)
    .data                                    0x20000050   Section       12  port.o(.data)
    uxCriticalNesting                        0x20000050   Data           4  port.o(.data)
    ucMaxSysCallPriority                     0x20000054   Data           1  port.o(.data)
    ulMaxPRIGROUPValue                       0x20000058   Data           4  port.o(.data)
    .data                                    0x2000005c   Section       24  heap_4.o(.data)
    xStart                                   0x2000005c   Data           8  heap_4.o(.data)
    pxEnd                                    0x20000064   Data           4  heap_4.o(.data)
    xFreeBytesRemaining                      0x20000068   Data           4  heap_4.o(.data)
    xMinimumEverFreeBytesRemaining           0x2000006c   Data           4  heap_4.o(.data)
    xBlockAllocatedBit                       0x20000070   Data           4  heap_4.o(.data)
    .data                                    0x20000074   Section        4  main.o(.data)
    .data                                    0x20000078   Section       36  trcbase.o(.data)
    indexOfHandle                            0x20000090   Data           4  trcbase.o(.data)
    idx                                      0x20000094   Data           2  trcbase.o(.data)
    old_timestamp                            0x20000098   Data           4  trcbase.o(.data)
    .data                                    0x2000009c   Section       24  trchardwareport.o(.data)
    last_timestamp                           0x200000a0   Data           4  trchardwareport.o(.data)
    last_hwtc_count                          0x200000ac   Data           4  trchardwareport.o(.data)
    last_hwtc_rest                           0x200000b0   Data           4  trchardwareport.o(.data)
    .data                                    0x200000b4   Section       12  trckernel.o(.data)
    heapMemUsage                             0x200000b8   Data           4  trckernel.o(.data)
    readyEventsEnabled                       0x200000bc   Data           4  trckernel.o(.data)
    .data                                    0x200000c0   Section       12  trckernelportfreertos.o(.data)
    .data                                    0x200000cc   Section       20  trcuser.o(.data)
    .data                                    0x200000e0   Section        4  system_stm32f4xx.o(.data)
    .data                                    0x200000e4   Section        4  stdout.o(.data)
    .bss                                     0x200000e8   Section       64  queue.o(.bss)
    .bss                                     0x20000128   Section      200  tasks.o(.bss)
    pxReadyTasksLists                        0x20000128   Data         100  tasks.o(.bss)
    xDelayedTaskList1                        0x2000018c   Data          20  tasks.o(.bss)
    xDelayedTaskList2                        0x200001a0   Data          20  tasks.o(.bss)
    xPendingReadyList                        0x200001b4   Data          20  tasks.o(.bss)
    xTasksWaitingTermination                 0x200001c8   Data          20  tasks.o(.bss)
    xSuspendedTaskList                       0x200001dc   Data          20  tasks.o(.bss)
    .bss                                     0x200001f0   Section       40  timers.o(.bss)
    xActiveTimerList1                        0x200001f0   Data          20  timers.o(.bss)
    xActiveTimerList2                        0x20000204   Data          20  timers.o(.bss)
    .bss                                     0x20000218   Section    40960  heap_4.o(.bss)
    ucHeap                                   0x20000218   Data       40960  heap_4.o(.bss)
    .bss                                     0x2000a218   Section     6256  trcbase.o(.bss)
    STACK                                    0x2000ba88   Section     1024  startup_stm32f446xx.o(STACK)

    Global Symbols

    Symbol Name                              Value     Ov Type        Size  Object(Section)

    BuildAttributes$$THM_ISAv4$E$P$D$K$B$S$7EM$VFPi3$EXTD16$VFPS$VFMA$PE$A:L22UL41UL21$X:L11$S22US41US21$IEEE1$IW$USESV6$~STKCKD$USESV7$~SHL$OSPACE$ROPI$EBA8$MICROLIB$REQ8$PRES8$EABIv2 0x00000000   Number         0  anon$$obj.o ABSOLUTE
    __ARM_use_no_argv                        0x00000000   Number         0  main.o ABSOLUTE
    _printf_a                                0x00000000   Number         0  stubs.o ABSOLUTE
    _printf_c                                0x00000000   Number         0  stubs.o ABSOLUTE
    _printf_charcount                        0x00000000   Number         0  stubs.o ABSOLUTE
    _printf_d                                0x00000000   Number         0  stubs.o ABSOLUTE
    _printf_e                                0x00000000   Number         0  stubs.o ABSOLUTE
    _printf_f                                0x00000000   Number         0  stubs.o ABSOLUTE
    _printf_flags                            0x00000000   Number         0  stubs.o ABSOLUTE
    _printf_fp_dec                           0x00000000   Number         0  stubs.o ABSOLUTE
    _printf_fp_hex                           0x00000000   Number         0  stubs.o ABSOLUTE
    _printf_g                                0x00000000   Number         0  stubs.o ABSOLUTE
    _printf_i                                0x00000000   Number         0  stubs.o ABSOLUTE
    _printf_int_dec                          0x00000000   Number         0  stubs.o ABSOLUTE
    _printf_l                                0x00000000   Number         0  stubs.o ABSOLUTE
    _printf_lc                               0x00000000   Number         0  stubs.o ABSOLUTE
    _printf_ll                               0x00000000   Number         0  stubs.o ABSOLUTE
    _printf_lld                              0x00000000   Number         0  stubs.o ABSOLUTE
    _printf_lli                              0x00000000   Number         0  stubs.o ABSOLUTE
    _printf_llo                              0x00000000   Number         0  stubs.o ABSOLUTE
    _printf_llu                              0x00000000   Number         0  stubs.o ABSOLUTE
    _printf_llx                              0x00000000   Number         0  stubs.o ABSOLUTE
    _printf_longlong_dec                     0x00000000   Number         0  stubs.o ABSOLUTE
    _printf_longlong_hex                     0x00000000   Number         0  stubs.o ABSOLUTE
    _printf_longlong_oct                     0x00000000   Number         0  stubs.o ABSOLUTE
    _printf_ls                               0x00000000   Number         0  stubs.o ABSOLUTE
    _printf_mbtowc                           0x00000000   Number         0  stubs.o ABSOLUTE
    _printf_n                                0x00000000   Number         0  stubs.o ABSOLUTE
    _printf_o                                0x00000000   Number         0  stubs.o ABSOLUTE
    _printf_p                                0x00000000   Number         0  stubs.o ABSOLUTE
    _printf_percent                          0x00000000   Number         0  stubs.o ABSOLUTE
    _printf_pre_padding                      0x00000000   Number         0  stubs.o ABSOLUTE
    _printf_return_value                     0x00000000   Number         0  stubs.o ABSOLUTE
    _printf_s                                0x00000000   Number         0  stubs.o ABSOLUTE
    _printf_sizespec                         0x00000000   Number         0  stubs.o ABSOLUTE
    _printf_str                              0x00000000   Number         0  stubs.o ABSOLUTE
    _printf_truncate_signed                  0x00000000   Number         0  stubs.o ABSOLUTE
    _printf_truncate_unsigned                0x00000000   Number         0  stubs.o ABSOLUTE
    _printf_u                                0x00000000   Number         0  stubs.o ABSOLUTE
    _printf_wc                               0x00000000   Number         0  stubs.o ABSOLUTE
    _printf_wctomb                           0x00000000   Number         0  stubs.o ABSOLUTE
    _printf_widthprec                        0x00000000   Number         0  stubs.o ABSOLUTE
    _printf_x                                0x00000000   Number         0  stubs.o ABSOLUTE
    __cpp_initialize__aeabi_                  - Undefined Weak Reference
    __cxa_finalize                            - Undefined Weak Reference
    __decompress                              - Undefined Weak Reference
    _clock_init                               - Undefined Weak Reference
    _microlib_exit                            - Undefined Weak Reference
    __Vectors_Size                           0x000001c4   Number         0  startup_stm32f446xx.o ABSOLUTE
    __Vectors                                0x08000000   Data           4  startup_stm32f446xx.o(RESET)
    __Vectors_End                            0x080001c4   Data           0  startup_stm32f446xx.o(RESET)
    __main                                   0x080001c5   Thumb Code     0  entry.o(.ARM.Collect$$$$00000000)
    _main_stk                                0x080001c5   Thumb Code     0  entry2.o(.ARM.Collect$$$$00000001)
    _main_scatterload                        0x080001c9   Thumb Code     0  entry5.o(.ARM.Collect$$$$00000004)
    __main_after_scatterload                 0x080001cd   Thumb Code     0  entry5.o(.ARM.Collect$$$$00000004)
    _main_clock                              0x080001cd   Thumb Code     0  entry7b.o(.ARM.Collect$$$$00000008)
    _main_cpp_init                           0x080001cd   Thumb Code     0  entry8b.o(.ARM.Collect$$$$0000000A)
    _main_init                               0x080001cd   Thumb Code     0  entry9a.o(.ARM.Collect$$$$0000000B)
    __rt_final_cpp                           0x080001d5   Thumb Code     0  entry10a.o(.ARM.Collect$$$$0000000D)
    __rt_final_exit                          0x080001d5   Thumb Code     0  entry11a.o(.ARM.Collect$$$$0000000F)
    SVC_Handler                              0x080001d9   Thumb Code    28  port.o(.emb_text)
    __asm___6_port_c_39a90d8d__prvStartFirstTask 0x080001f9   Thumb Code    28  port.o(.emb_text)
    __asm___6_port_c_39a90d8d__prvEnableVFP  0x08000219   Thumb Code    16  port.o(.emb_text)
    PendSV_Handler                           0x0800022d   Thumb Code    88  port.o(.emb_text)
    vPortGetIPSR                             0x08000289   Thumb Code     6  port.o(.emb_text)
    Reset_Handler                            0x08000291   Thumb Code     8  startup_stm32f446xx.o(.text)
    NMI_Handler                              0x08000299   Thumb Code     2  startup_stm32f446xx.o(.text)
    HardFault_Handler                        0x0800029b   Thumb Code     2  startup_stm32f446xx.o(.text)
    MemManage_Handler                        0x0800029d   Thumb Code     2  startup_stm32f446xx.o(.text)
    BusFault_Handler                         0x0800029f   Thumb Code     2  startup_stm32f446xx.o(.text)
    UsageFault_Handler                       0x080002a1   Thumb Code     2  startup_stm32f446xx.o(.text)
    DebugMon_Handler                         0x080002a5   Thumb Code     2  startup_stm32f446xx.o(.text)
    ADC_IRQHandler                           0x080002ab   Thumb Code     0  startup_stm32f446xx.o(.text)
    CAN1_RX0_IRQHandler                      0x080002ab   Thumb Code     0  startup_stm32f446xx.o(.text)
    CAN1_RX1_IRQHandler                      0x080002ab   Thumb Code     0  startup_stm32f446xx.o(.text)
    CAN1_SCE_IRQHandler                      0x080002ab   Thumb Code     0  startup_stm32f446xx.o(.text)
    CAN1_TX_IRQHandler                       0x080002ab   Thumb Code     0  startup_stm32f446xx.o(.text)
    CAN2_RX0_IRQHandler                      0x080002ab   Thumb Code     0  startup_stm32f446xx.o(.text)
    CAN2_RX1_IRQHandler                      0x080002ab   Thumb Code     0  startup_stm32f446xx.o(.text)
    CAN2_SCE_IRQHandler                      0x080002ab   Thumb Code     0  startup_stm32f446xx.o(.text)
    CAN2_TX_IRQHandler                       0x080002ab   Thumb Code     0  startup_stm32f446xx.o(.text)
    CEC_IRQHandler                           0x080002ab   Thumb Code     0  startup_stm32f446xx.o(.text)
    DCMI_IRQHandler                          0x080002ab   Thumb Code     0  startup_stm32f446xx.o(.text)
    DMA1_Stream0_IRQHandler                  0x080002ab   Thumb Code     0  startup_stm32f446xx.o(.text)
    DMA1_Stream1_IRQHandler                  0x080002ab   Thumb Code     0  startup_stm32f446xx.o(.text)
    DMA1_Stream2_IRQHandler                  0x080002ab   Thumb Code     0  startup_stm32f446xx.o(.text)
    DMA1_Stream3_IRQHandler                  0x080002ab   Thumb Code     0  startup_stm32f446xx.o(.text)
    DMA1_Stream4_IRQHandler                  0x080002ab   Thumb Code     0  startup_stm32f446xx.o(.text)
    DMA1_Stream5_IRQHandler                  0x080002ab   Thumb Code     0  startup_stm32f446xx.o(.text)
    DMA1_Stream6_IRQHandler                  0x080002ab   Thumb Code     0  startup_stm32f446xx.o(.text)
    DMA1_Stream7_IRQHandler                  0x080002ab   Thumb Code     0  startup_stm32f446xx.o(.text)
    DMA2_Stream0_IRQHandler                  0x080002ab   Thumb Code     0  startup_stm32f446xx.o(.text)
    DMA2_Stream1_IRQHandler                  0x080002ab   Thumb Code     0  startup_stm32f446xx.o(.text)
    DMA2_Stream2_IRQHandler                  0x080002ab   Thumb Code     0  startup_stm32f446xx.o(.text)
    DMA2_Stream3_IRQHandler                  0x080002ab   Thumb Code     0  startup_stm32f446xx.o(.text)
    DMA2_Stream4_IRQHandler                  0x080002ab   Thumb Code     0  startup_stm32f446xx.o(.text)
    DMA2_Stream5_IRQHandler                  0x080002ab   Thumb Code     0  startup_stm32f446xx.o(.text)
    DMA2_Stream6_IRQHandler                  0x080002ab   Thumb Code     0  startup_stm32f446xx.o(.text)
    DMA2_Stream7_IRQHandler                  0x080002ab   Thumb Code     0  startup_stm32f446xx.o(.text)
    EXTI0_IRQHandler                         0x080002ab   Thumb Code     0  startup_stm32f446xx.o(.text)
    EXTI15_10_IRQHandler                     0x080002ab   Thumb Code     0  startup_stm32f446xx.o(.text)
    EXTI1_IRQHandler                         0x080002ab   Thumb Code     0  startup_stm32f446xx.o(.text)
    EXTI2_IRQHandler                         0x080002ab   Thumb Code     0  startup_stm32f446xx.o(.text)
    EXTI3_IRQHandler                         0x080002ab   Thumb Code     0  startup_stm32f446xx.o(.text)
    EXTI4_IRQHandler                         0x080002ab   Thumb Code     0  startup_stm32f446xx.o(.text)
    EXTI9_5_IRQHandler                       0x080002ab   Thumb Code     0  startup_stm32f446xx.o(.text)
    FLASH_IRQHandler                         0x080002ab   Thumb Code     0  startup_stm32f446xx.o(.text)
    FMC_IRQHandler                           0x080002ab   Thumb Code     0  startup_stm32f446xx.o(.text)
    FPU_IRQHandler                           0x080002ab   Thumb Code     0  startup_stm32f446xx.o(.text)
    I2C1_ER_IRQHandler                       0x080002ab   Thumb Code     0  startup_stm32f446xx.o(.text)
    I2C1_EV_IRQHandler                       0x080002ab   Thumb Code     0  startup_stm32f446xx.o(.text)
    I2C2_ER_IRQHandler                       0x080002ab   Thumb Code     0  startup_stm32f446xx.o(.text)
    I2C2_EV_IRQHandler                       0x080002ab   Thumb Code     0  startup_stm32f446xx.o(.text)
    I2C3_ER_IRQHandler                       0x080002ab   Thumb Code     0  startup_stm32f446xx.o(.text)
    I2C3_EV_IRQHandler                       0x080002ab   Thumb Code     0  startup_stm32f446xx.o(.text)
    I2C4_Error_IRQHandler                    0x080002ab   Thumb Code     0  startup_stm32f446xx.o(.text)
    I2C4_Event_IRQHandler                    0x080002ab   Thumb Code     0  startup_stm32f446xx.o(.text)
    OTG_FS_IRQHandler                        0x080002ab   Thumb Code     0  startup_stm32f446xx.o(.text)
    OTG_FS_WKUP_IRQHandler                   0x080002ab   Thumb Code     0  startup_stm32f446xx.o(.text)
    OTG_HS_EP1_IN_IRQHandler                 0x080002ab   Thumb Code     0  startup_stm32f446xx.o(.text)
    OTG_HS_EP1_OUT_IRQHandler                0x080002ab   Thumb Code     0  startup_stm32f446xx.o(.text)
    OTG_HS_IRQHandler                        0x080002ab   Thumb Code     0  startup_stm32f446xx.o(.text)
    OTG_HS_WKUP_IRQHandler                   0x080002ab   Thumb Code     0  startup_stm32f446xx.o(.text)
    PVD_IRQHandler                           0x080002ab   Thumb Code     0  startup_stm32f446xx.o(.text)
    QUADSPI_IRQHandler                       0x080002ab   Thumb Code     0  startup_stm32f446xx.o(.text)
    RCC_IRQHandler                           0x080002ab   Thumb Code     0  startup_stm32f446xx.o(.text)
    RTC_Alarm_IRQHandler                     0x080002ab   Thumb Code     0  startup_stm32f446xx.o(.text)
    RTC_WKUP_IRQHandler                      0x080002ab   Thumb Code     0  startup_stm32f446xx.o(.text)
    SAI1_IRQHandler                          0x080002ab   Thumb Code     0  startup_stm32f446xx.o(.text)
    SAI2_IRQHandler                          0x080002ab   Thumb Code     0  startup_stm32f446xx.o(.text)
    SDIO_IRQHandler                          0x080002ab   Thumb Code     0  startup_stm32f446xx.o(.text)
    SPDIF_RX_IRQHandler                      0x080002ab   Thumb Code     0  startup_stm32f446xx.o(.text)
    SPI1_IRQHandler                          0x080002ab   Thumb Code     0  startup_stm32f446xx.o(.text)
    SPI2_IRQHandler                          0x080002ab   Thumb Code     0  startup_stm32f446xx.o(.text)
    SPI3_IRQHandler                          0x080002ab   Thumb Code     0  startup_stm32f446xx.o(.text)
    SPI4_IRQHandler                          0x080002ab   Thumb Code     0  startup_stm32f446xx.o(.text)
    TAMP_STAMP_IRQHandler                    0x080002ab   Thumb Code     0  startup_stm32f446xx.o(.text)
    TIM1_BRK_TIM9_IRQHandler                 0x080002ab   Thumb Code     0  startup_stm32f446xx.o(.text)
    TIM1_CC_IRQHandler                       0x080002ab   Thumb Code     0  startup_stm32f446xx.o(.text)
    TIM1_TRG_COM_TIM11_IRQHandler            0x080002ab   Thumb Code     0  startup_stm32f446xx.o(.text)
    TIM1_UP_TIM10_IRQHandler                 0x080002ab   Thumb Code     0  startup_stm32f446xx.o(.text)
    TIM2_IRQHandler                          0x080002ab   Thumb Code     0  startup_stm32f446xx.o(.text)
    TIM3_IRQHandler                          0x080002ab   Thumb Code     0  startup_stm32f446xx.o(.text)
    TIM4_IRQHandler                          0x080002ab   Thumb Code     0  startup_stm32f446xx.o(.text)
    TIM5_IRQHandler                          0x080002ab   Thumb Code     0  startup_stm32f446xx.o(.text)
    TIM6_DAC_IRQHandler                      0x080002ab   Thumb Code     0  startup_stm32f446xx.o(.text)
    TIM7_IRQHandler                          0x080002ab   Thumb Code     0  startup_stm32f446xx.o(.text)
    TIM8_BRK_TIM12_IRQHandler                0x080002ab   Thumb Code     0  startup_stm32f446xx.o(.text)
    TIM8_CC_IRQHandler                       0x080002ab   Thumb Code     0  startup_stm32f446xx.o(.text)
    TIM8_TRG_COM_TIM14_IRQHandler            0x080002ab   Thumb Code     0  startup_stm32f446xx.o(.text)
    TIM8_UP_TIM13_IRQHandler                 0x080002ab   Thumb Code     0  startup_stm32f446xx.o(.text)
    UART4_IRQHandler                         0x080002ab   Thumb Code     0  startup_stm32f446xx.o(.text)
    UART5_IRQHandler                         0x080002ab   Thumb Code     0  startup_stm32f446xx.o(.text)
    USART1_IRQHandler                        0x080002ab   Thumb Code     0  startup_stm32f446xx.o(.text)
    USART2_IRQHandler                        0x080002ab   Thumb Code     0  startup_stm32f446xx.o(.text)
    USART3_IRQHandler                        0x080002ab   Thumb Code     0  startup_stm32f446xx.o(.text)
    USART6_IRQHandler                        0x080002ab   Thumb Code     0  startup_stm32f446xx.o(.text)
    WWDG_IRQHandler                          0x080002ab   Thumb Code     0  startup_stm32f446xx.o(.text)
    __aeabi_memcpy                           0x080002b5   Thumb Code    36  memcpya.o(.text)
    __aeabi_memcpy4                          0x080002b5   Thumb Code     0  memcpya.o(.text)
    __aeabi_memcpy8                          0x080002b5   Thumb Code     0  memcpya.o(.text)
    __aeabi_memset                           0x080002d9   Thumb Code    14  memseta.o(.text)
    __aeabi_memset4                          0x080002d9   Thumb Code     0  memseta.o(.text)
    __aeabi_memset8                          0x080002d9   Thumb Code     0  memseta.o(.text)
    __aeabi_memclr                           0x080002e7   Thumb Code     4  memseta.o(.text)
    __aeabi_memclr4                          0x080002e7   Thumb Code     0  memseta.o(.text)
    __aeabi_memclr8                          0x080002e7   Thumb Code     0  memseta.o(.text)
    _memset$wrapper                          0x080002eb   Thumb Code    18  memseta.o(.text)
    strncpy                                  0x080002fd   Thumb Code    24  strncpy.o(.text)
    strncmp                                  0x08000315   Thumb Code    30  strncmp.o(.text)
    __scatterload                            0x08000335   Thumb Code    28  init.o(.text)
    __scatterload_rt2                        0x08000335   Thumb Code     0  init.o(.text)
    SysTick_Handler                          0x08000359   Thumb Code    46  port.o(i.SysTick_Handler)
    SystemCoreClockConfigure                 0x0800038d   Thumb Code   164  main.o(i.SystemCoreClockConfigure)
    SystemCoreClockUpdate                    0x0800043d   Thumb Code   170  system_stm32f4xx.o(i.SystemCoreClockUpdate)
    SystemInit                               0x080004fd   Thumb Code    82  system_stm32f4xx.o(i.SystemInit)
    __0printf$2                              0x08000561   Thumb Code    22  printf2.o(i.__0printf$2)
    __1printf$2                              0x08000561   Thumb Code     0  printf2.o(i.__0printf$2)
    __2printf                                0x08000561   Thumb Code     0  printf2.o(i.__0printf$2)
    __scatterload_copy                       0x0800058d   Thumb Code    14  handlers.o(i.__scatterload_copy)
    __scatterload_null                       0x0800059b   Thumb Code     2  handlers.o(i.__scatterload_null)
    __scatterload_zeroinit                   0x0800059d   Thumb Code    14  handlers.o(i.__scatterload_zeroinit)
    fputc                                    0x0800068d   Thumb Code    26  retarget_io.o(i.fputc)
    main                                     0x080006ad   Thumb Code   148  main.o(i.main)
    prvCheckDataToBeOverwrittenForMultiEntryEvents 0x08000935   Thumb Code   194  trcbase.o(i.prvCheckDataToBeOverwrittenForMultiEntryEvents)
    prvTraceCreateSymbolTableEntry           0x08001229   Thumb Code   310  trcbase.o(i.prvTraceCreateSymbolTableEntry)
    prvTraceGetChecksum                      0x08001419   Thumb Code    82  trcbase.o(i.prvTraceGetChecksum)
    prvTraceGetCurrentTaskHandle             0x08001505   Thumb Code     8  trckernelportfreertos.o(i.prvTraceGetCurrentTaskHandle)
    prvTraceGetDTS                           0x0800150d   Thumb Code   316  trcbase.o(i.prvTraceGetDTS)
    prvTraceGetObjectNumber                  0x080016c5   Thumb Code    14  trckernelportfreertos.o(i.prvTraceGetObjectNumber)
    prvTraceGetObjectType                    0x080016d3   Thumb Code    12  trckernelportfreertos.o(i.prvTraceGetObjectType)
    prvTraceGetTaskNumber                    0x08001771   Thumb Code    14  trckernelportfreertos.o(i.prvTraceGetTaskNumber)
    prvTraceInitCortexM                      0x08001781   Thumb Code    70  trchardwareport.o(i.prvTraceInitCortexM)
    prvTraceInitTraceData                    0x08001819   Thumb Code   484  trcbase.o(i.prvTraceInitTraceData)
    prvTraceLookupSymbolTableEntry           0x08001a8d   Thumb Code   172  trcbase.o(i.prvTraceLookupSymbolTableEntry)
    prvTraceOpenSymbol                       0x08001bb1   Thumb Code   124  trcbase.o(i.prvTraceOpenSymbol)
    prvTraceUpdateCounters                   0x08001c61   Thumb Code    78  trcbase.o(i.prvTraceUpdateCounters)
    pszTraceGetErrorNotEnoughHandles         0x08001d35   Thumb Code    50  trckernelportfreertos.o(i.pszTraceGetErrorNotEnoughHandles)
    pvPortMalloc                             0x08001ec5   Thumb Code   322  heap_4.o(i.pvPortMalloc)
    pvTaskIncrementMutexHeldCount            0x0800201d   Thumb Code    26  tasks.o(i.pvTaskIncrementMutexHeldCount)
    pxPortInitialiseStack                    0x0800203d   Thumb Code    38  port.o(i.pxPortInitialiseStack)
    stdout_init                              0x08002069   Thumb Code   102  stdout_usart.o(i.stdout_init)
    stdout_putchar                           0x080020dd   Thumb Code    24  stdout_usart.o(i.stdout_putchar)
    ucQueueGetQueueType                      0x080020f9   Thumb Code     8  queue.o(i.ucQueueGetQueueType)
    uiIndexOfObject                          0x08002101   Thumb Code   104  trcbase.o(i.uiIndexOfObject)
    uiTraceGetObjectState                    0x0800222d   Thumb Code    72  trckernel.o(i.uiTraceGetObjectState)
    uiTraceGetPriorityProperty               0x080022b9   Thumb Code    74  trckernel.o(i.uiTraceGetPriorityProperty)
    uiTraceIsObjectExcluded                  0x0800234d   Thumb Code   218  trckernelportfreertos.o(i.uiTraceIsObjectExcluded)
    uiTraceStart                             0x080024a9   Thumb Code   130  trcuser.o(i.uiTraceStart)
    uxListRemove                             0x08002549   Thumb Code    40  list.o(i.uxListRemove)
    uxQueueGetQueueNumber                    0x08002571   Thumb Code     6  queue.o(i.uxQueueGetQueueNumber)
    uxTaskGetTaskNumber                      0x08002577   Thumb Code    14  tasks.o(i.uxTaskGetTaskNumber)
    vApplicationMallocFailedHook             0x08002585   Thumb Code     4  main.o(i.vApplicationMallocFailedHook)
    vListInitialise                          0x080025dd   Thumb Code    26  list.o(i.vListInitialise)
    vListInitialiseItem                      0x080025f7   Thumb Code     6  list.o(i.vListInitialiseItem)
    vListInsert                              0x080025fd   Thumb Code    52  list.o(i.vListInsert)
    vListInsertEnd                           0x08002631   Thumb Code    24  list.o(i.vListInsertEnd)
    vPortEnterCritical                       0x08002649   Thumb Code    78  port.o(i.vPortEnterCritical)
    vPortExitCritical                        0x080026a1   Thumb Code    58  port.o(i.vPortExitCritical)
    vPortFree                                0x080026e1   Thumb Code   156  heap_4.o(i.vPortFree)
    vPortSetupTimerInterrupt                 0x08002785   Thumb Code    26  port.o(i.vPortSetupTimerInterrupt)
    vPortValidateInterruptPriority           0x080027a5   Thumb Code   110  port.o(i.vPortValidateInterruptPriority)
    vQueueAddToRegistry                      0x08002821   Thumb Code    74  queue.o(i.vQueueAddToRegistry)
    vQueueWaitForMessageRestricted           0x08002875   Thumb Code    74  queue.o(i.vQueueWaitForMessageRestricted)
    vTask1                                   0x080028c1   Thumb Code    64  main.o(i.vTask1)
    vTask2                                   0x08002921   Thumb Code    64  main.o(i.vTask2)
    vTaskMissedYield                         0x08002981   Thumb Code     8  tasks.o(i.vTaskMissedYield)
    vTaskPlaceOnEventList                    0x0800298d   Thumb Code    54  tasks.o(i.vTaskPlaceOnEventList)
    vTaskPlaceOnEventListRestricted          0x080029c9   Thumb Code   108  tasks.o(i.vTaskPlaceOnEventListRestricted)
    vTaskPriorityInherit                     0x08002a3d   Thumb Code   244  tasks.o(i.vTaskPriorityInherit)
    vTaskSetTimeOutState                     0x08002b3d   Thumb Code    40  tasks.o(i.vTaskSetTimeOutState)
    vTaskStartScheduler                      0x08002b6d   Thumb Code   120  tasks.o(i.vTaskStartScheduler)
    vTaskSuspendAll                          0x08002c01   Thumb Code    12  tasks.o(i.vTaskSuspendAll)
    vTaskSwitchContext                       0x08002c11   Thumb Code   136  tasks.o(i.vTaskSwitchContext)
    vTraceError                              0x08002cad   Thumb Code    76  trcbase.o(i.vTraceError)
    vTraceFreeObjectHandle                   0x08002d5d   Thumb Code    98  trcbase.o(i.vTraceFreeObjectHandle)
    vTraceInitObjectHandleStack              0x08002e3d   Thumb Code    80  trckernelportfreertos.o(i.vTraceInitObjectHandleStack)
    vTraceInitObjectPropertyTable            0x08002e91   Thumb Code   286  trckernelportfreertos.o(i.vTraceInitObjectPropertyTable)
    vTraceInitTraceData                      0x08002fb5   Thumb Code     8  trcuser.o(i.vTraceInitTraceData)
    vTracePortGetTimeStamp                   0x08002fbd   Thumb Code    84  trchardwareport.o(i.vTracePortGetTimeStamp)
    vTraceSetObjectName                      0x08003029   Thumb Code   118  trcbase.o(i.vTraceSetObjectName)
    vTraceSetObjectState                     0x08003135   Thumb Code    72  trckernel.o(i.vTraceSetObjectState)
    vTraceSetPriorityProperty                0x080031c1   Thumb Code    74  trckernel.o(i.vTraceSetPriorityProperty)
    vTraceSetTaskInstanceFinished            0x08003255   Thumb Code    58  trckernel.o(i.vTraceSetTaskInstanceFinished)
    vTraceStoreKernelCall                    0x08003299   Thumb Code   206  trckernel.o(i.vTraceStoreKernelCall)
    vTraceStoreKernelCallWithNumericParamOnly 0x080033f5   Thumb Code   170  trckernel.o(i.vTraceStoreKernelCallWithNumericParamOnly)
    vTraceStoreKernelCallWithParam           0x080034f5   Thumb Code   222  trckernel.o(i.vTraceStoreKernelCallWithParam)
    vTraceStoreMemMangEvent                  0x08003665   Thumb Code   210  trckernel.o(i.vTraceStoreMemMangEvent)
    vTraceStoreObjectNameOnCloseEvent        0x0800374d   Thumb Code   112  trckernel.o(i.vTraceStoreObjectNameOnCloseEvent)
    vTraceStoreObjectPropertiesOnCloseEvent  0x080037c9   Thumb Code   136  trckernel.o(i.vTraceStoreObjectPropertiesOnCloseEvent)
    vTraceStoreTaskReady                     0x0800385d   Thumb Code   154  trckernel.o(i.vTraceStoreTaskReady)
    vTraceStoreTaskswitch                    0x08003981   Thumb Code   214  trckernel.o(i.vTraceStoreTaskswitch)
    xPortStartScheduler                      0x08003a75   Thumb Code   294  port.o(i.xPortStartScheduler)
    xQueueGenericCreate                      0x08003bb9   Thumb Code    90  queue.o(i.xQueueGenericCreate)
    xQueueGenericReceive                     0x08003c15   Thumb Code   786  queue.o(i.xQueueGenericReceive)
    xQueueGenericReset                       0x08003f31   Thumb Code   148  queue.o(i.xQueueGenericReset)
    xQueueGenericSend                        0x08003fc9   Thumb Code   674  queue.o(i.xQueueGenericSend)
    xQueueGenericSendFromISR                 0x08004275   Thumb Code   376  queue.o(i.xQueueGenericSendFromISR)
    xTaskCheckForTimeOut                     0x080043f1   Thumb Code   136  tasks.o(i.xTaskCheckForTimeOut)
    xTaskCreate                              0x08004481   Thumb Code    96  tasks.o(i.xTaskCreate)
    xTaskGetCurrentTaskHandle                0x080044e1   Thumb Code     6  tasks.o(i.xTaskGetCurrentTaskHandle)
    xTaskGetSchedulerState                   0x080044ed   Thumb Code    24  tasks.o(i.xTaskGetSchedulerState)
    xTaskGetTickCount                        0x0800450d   Thumb Code     6  tasks.o(i.xTaskGetTickCount)
    xTaskIncrementTick                       0x08004519   Thumb Code   330  tasks.o(i.xTaskIncrementTick)
    xTaskPriorityDisinherit                  0x08004695   Thumb Code   268  tasks.o(i.xTaskPriorityDisinherit)
    xTaskRemoveFromEventList                 0x080047ad   Thumb Code   146  tasks.o(i.xTaskRemoveFromEventList)
    xTaskResumeAll                           0x08004859   Thumb Code   238  tasks.o(i.xTaskResumeAll)
    xTimerCreateTimerTask                    0x0800496d   Thumb Code    68  timers.o(i.xTimerCreateTimerTask)
    xTimerGenericCommand                     0x080049c5   Thumb Code   288  timers.o(i.xTimerGenericCommand)
    xTraceGetObjectHandle                    0x08004ae9   Thumb Code   400  trcbase.o(i.xTraceGetObjectHandle)
    xTraceNextFreeEventBufferSlot            0x08004c89   Thumb Code    56  trcbase.o(i.xTraceNextFreeEventBufferSlot)
    AHBPrescTable                            0x08004cec   Data          16  system_stm32f4xx.o(.constdata)
    Region$$Table$$Base                      0x08005358   Number         0  anon$$obj.o(Region$$Table)
    Region$$Table$$Limit                     0x08005378   Number         0  anon$$obj.o(Region$$Table)
    pxCurrentTCB                             0x20000000   Data           4  tasks.o(.data)
    xSemaphore                               0x20000074   Data           4  main.o(.data)
    excludedObjects                          0x20000078   Data           8  trcbase.o(.data)
    init_hwtc_count                          0x20000080   Data           4  trcbase.o(.data)
    RecorderDataPtr                          0x20000084   Data           4  trcbase.o(.data)
    recorder_busy                            0x20000088   Data           4  trcbase.o(.data)
    traceErrorMessage                        0x2000008c   Data           4  trcbase.o(.data)
    trace_disable_timestamp                  0x2000009c   Data           4  trchardwareport.o(.data)
    uiTraceTickCount                         0x200000a4   Data           4  trchardwareport.o(.data)
    DWT_CYCLES_ADDED                         0x200000a8   Data           4  trchardwareport.o(.data)
    nISRactive                               0x200000b4   Data           1  trckernel.o(.data)
    handle_of_last_logged_task               0x200000b5   Data           1  trckernel.o(.data)
    inExcludedTask                           0x200000b6   Data           1  trckernel.o(.data)
    TraceObjectClassTable                    0x200000c0   Data           5  trckernelportfreertos.o(.data)
    uiInEventGroupSetBitsFromISR             0x200000c8   Data           4  trckernelportfreertos.o(.data)
    vTraceStopHookPtr                        0x200000cc   Data           4  trcuser.o(.data)
    isPendingContextSwitch                   0x200000d0   Data           4  trcuser.o(.data)
    ptrLastISRExitEvent                      0x200000d4   Data           4  trcuser.o(.data)
    DWTCycleCountAtLastISRExit               0x200000d8   Data           4  trcuser.o(.data)
    threshold_low_watermark                  0x200000dc   Data           4  trcuser.o(.data)
    SystemCoreClock                          0x200000e0   Data           4  system_stm32f4xx.o(.data)
    __stdout                                 0x200000e4   Data           4  stdout.o(.data)
    xQueueRegistry                           0x200000e8   Data          64  queue.o(.bss)
    excludedEventCodes                       0x2000a218   Data          33  trcbase.o(.bss)
    objectHandleStacks                       0x2000a23a   Data         110  trcbase.o(.bss)
    RecorderData                             0x2000a2a8   Data        6112  trcbase.o(.bss)
    __initial_sp                             0x2000be88   Data           0  startup_stm32f446xx.o(STACK)



==============================================================================

Memory Map of the image

  Image Entry point : 0x08000291

  Load Region LR_1 (Base: 0x08000000, Size: 0x00005460, Max: 0xffffffff, ABSOLUTE)

    Execution Region ER_RO (Base: 0x08000000, Size: 0x00005378, Max: 0xffffffff, ABSOLUTE)

    Base Addr    Size         Type   Attr      Idx    E Section Name        Object

    0x08000000   0x000001c4   Data   RO         1946    RESET               startup_stm32f446xx.o
    0x080001c4   0x00000000   Code   RO         1985  * .ARM.Collect$$$$00000000  mc_w.l(entry.o)
    0x080001c4   0x00000004   Code   RO         2267    .ARM.Collect$$$$00000001  mc_w.l(entry2.o)
    0x080001c8   0x00000004   Code   RO         2270    .ARM.Collect$$$$00000004  mc_w.l(entry5.o)
    0x080001cc   0x00000000   Code   RO         2272    .ARM.Collect$$$$00000008  mc_w.l(entry7b.o)
    0x080001cc   0x00000000   Code   RO         2274    .ARM.Collect$$$$0000000A  mc_w.l(entry8b.o)
    0x080001cc   0x00000008   Code   RO         2275    .ARM.Collect$$$$0000000B  mc_w.l(entry9a.o)
    0x080001d4   0x00000000   Code   RO         2277    .ARM.Collect$$$$0000000D  mc_w.l(entry10a.o)
    0x080001d4   0x00000000   Code   RO         2279    .ARM.Collect$$$$0000000F  mc_w.l(entry11a.o)
    0x080001d4   0x00000004   Code   RO         2268    .ARM.Collect$$$$00002712  mc_w.l(entry2.o)
    0x080001d8   0x000000b6   Code   RO         1003    .emb_text           port.o
    0x0800028e   0x00000002   PAD
    0x08000290   0x00000024   Code   RO         1947  * .text               startup_stm32f446xx.o
    0x080002b4   0x00000024   Code   RO         1994    .text               mc_w.l(memcpya.o)
    0x080002d8   0x00000024   Code   RO         1996    .text               mc_w.l(memseta.o)
    0x080002fc   0x00000018   Code   RO         1998    .text               mc_w.l(strncpy.o)
    0x08000314   0x0000001e   Code   RO         2000    .text               mc_w.l(strncmp.o)
    0x08000332   0x00000002   PAD
    0x08000334   0x00000024   Code   RO         2298    .text               mc_w.l(init.o)
    0x08000358   0x00000034   Code   RO         1004    i.SysTick_Handler   port.o
    0x0800038c   0x000000b0   Code   RO         1153    i.SystemCoreClockConfigure  main.o
    0x0800043c   0x000000c0   Code   RO         1954    i.SystemCoreClockUpdate  system_stm32f4xx.o
    0x080004fc   0x00000064   Code   RO         1955    i.SystemInit        system_stm32f4xx.o
    0x08000560   0x00000020   Code   RO         2071    i.__0printf$2       mc_w.l(printf2.o)
    0x08000580   0x00000006   Code   RO         1432    i.__get_PRIMASK     trckernel.o
    0x08000586   0x00000006   Code   RO         1651    i.__get_PRIMASK     trcuser.o
    0x0800058c   0x0000000e   Code   RO         2308    i.__scatterload_copy  mc_w.l(handlers.o)
    0x0800059a   0x00000002   Code   RO         2309    i.__scatterload_null  mc_w.l(handlers.o)
    0x0800059c   0x0000000e   Code   RO         2310    i.__scatterload_zeroinit  mc_w.l(handlers.o)
    0x080005aa   0x00000006   Code   RO         1433    i.__set_PRIMASK     trckernel.o
    0x080005b0   0x00000006   Code   RO         1652    i.__set_PRIMASK     trcuser.o
    0x080005b6   0x000000d6   Code   RO         2078    i._printf_core      mc_w.l(printf2.o)
    0x0800068c   0x00000020   Code   RO         1895    i.fputc             retarget_io.o
    0x080006ac   0x000000e8   Code   RO         1154    i.main              main.o
    0x08000794   0x00000098   Code   RO          501    i.prvAddCurrentTaskToDelayedList  tasks.o
    0x0800082c   0x00000108   Code   RO          502    i.prvAddNewTaskToReadyList  tasks.o
    0x08000934   0x000000cc   Code   RO         1275    i.prvCheckDataToBeOverwrittenForMultiEntryEvents  trcbase.o
    0x08000a00   0x00000064   Code   RO          851    i.prvCheckForValidListAndQueue  timers.o
    0x08000a64   0x00000064   Code   RO          503    i.prvCheckTasksWaitingTermination  tasks.o
    0x08000ac8   0x0000002a   Code   RO          288    i.prvCopyDataFromQueue  queue.o
    0x08000af2   0x0000007c   Code   RO          289    i.prvCopyDataToQueue  queue.o
    0x08000b6e   0x00000012   Code   RO          504    i.prvDeleteTCB      tasks.o
    0x08000b80   0x00000028   Code   RO          852    i.prvGetNextExpireTime  timers.o
    0x08000ba8   0x0000007c   Code   RO         1092    i.prvHeapInit       heap_4.o
    0x08000c24   0x00000028   Code   RO          505    i.prvIdleTask       tasks.o
    0x08000c4c   0x00000090   Code   RO          291    i.prvInitialiseNewQueue  queue.o
    0x08000cdc   0x000000b6   Code   RO          506    i.prvInitialiseNewTask  tasks.o
    0x08000d92   0x00000002   PAD
    0x08000d94   0x00000068   Code   RO          507    i.prvInitialiseTaskLists  tasks.o
    0x08000dfc   0x00000068   Code   RO         1093    i.prvInsertBlockIntoFreeList  heap_4.o
    0x08000e64   0x00000058   Code   RO          854    i.prvInsertTimerInActiveList  timers.o
    0x08000ebc   0x0000001a   Code   RO          292    i.prvIsQueueEmpty   queue.o
    0x08000ed6   0x0000001e   Code   RO          293    i.prvIsQueueFull    queue.o
    0x08000ef4   0x00000064   Code   RO          855    i.prvProcessExpiredTimer  timers.o
    0x08000f58   0x000000fc   Code   RO          856    i.prvProcessReceivedCommands  timers.o
    0x08001054   0x00000074   Code   RO          857    i.prvProcessTimerOrBlockTask  timers.o
    0x080010c8   0x00000034   Code   RO          509    i.prvResetNextTaskUnblockTime  tasks.o
    0x080010fc   0x0000002c   Code   RO          858    i.prvSampleTimeNow  timers.o
    0x08001128   0x000000a0   Code   RO          859    i.prvSwitchTimerLists  timers.o
    0x080011c8   0x00000044   Code   RO         1005    i.prvTaskExitError  port.o
    0x0800120c   0x0000001a   Code   RO          860    i.prvTimerTask      timers.o
    0x08001226   0x00000002   PAD
    0x08001228   0x000001f0   Code   RO         1276    i.prvTraceCreateSymbolTableEntry  trcbase.o
    0x08001418   0x000000ec   Code   RO         1277    i.prvTraceGetChecksum  trcbase.o
    0x08001504   0x00000008   Code   RO         1560    i.prvTraceGetCurrentTaskHandle  trckernelportfreertos.o
    0x0800150c   0x000001b8   Code   RO         1278    i.prvTraceGetDTS    trcbase.o
    0x080016c4   0x0000000e   Code   RO         1561    i.prvTraceGetObjectNumber  trckernelportfreertos.o
    0x080016d2   0x0000000c   Code   RO         1562    i.prvTraceGetObjectType  trckernelportfreertos.o
    0x080016de   0x00000002   PAD
    0x080016e0   0x00000090   Code   RO         1434    i.prvTraceGetParam  trckernel.o
    0x08001770   0x0000000e   Code   RO         1563    i.prvTraceGetTaskNumber  trckernelportfreertos.o
    0x0800177e   0x00000002   PAD
    0x08001780   0x00000098   Code   RO         1393    i.prvTraceInitCortexM  trchardwareport.o
    0x08001818   0x00000274   Code   RO         1279    i.prvTraceInitTraceData  trcbase.o
    0x08001a8c   0x00000124   Code   RO         1280    i.prvTraceLookupSymbolTableEntry  trcbase.o
    0x08001bb0   0x000000b0   Code   RO         1281    i.prvTraceOpenSymbol  trcbase.o
    0x08001c60   0x00000054   Code   RO         1282    i.prvTraceUpdateCounters  trcbase.o
    0x08001cb4   0x0000007e   Code   RO          294    i.prvUnlockQueue    queue.o
    0x08001d32   0x00000002   PAD
    0x08001d34   0x00000190   Code   RO         1567    i.pszTraceGetErrorNotEnoughHandles  trckernelportfreertos.o
    0x08001ec4   0x00000158   Code   RO         1094    i.pvPortMalloc      heap_4.o
    0x0800201c   0x00000020   Code   RO          512    i.pvTaskIncrementMutexHeldCount  tasks.o
    0x0800203c   0x0000002c   Code   RO         1006    i.pxPortInitialiseStack  port.o
    0x08002068   0x00000074   Code   RO         1238    i.stdout_init       stdout_usart.o
    0x080020dc   0x0000001c   Code   RO         1239    i.stdout_putchar    stdout_usart.o
    0x080020f8   0x00000008   Code   RO          295    i.ucQueueGetQueueType  queue.o
    0x08002100   0x0000012c   Code   RO         1283    i.uiIndexOfObject   trcbase.o
    0x0800222c   0x0000008c   Code   RO         1435    i.uiTraceGetObjectState  trckernel.o
    0x080022b8   0x00000094   Code   RO         1436    i.uiTraceGetPriorityProperty  trckernel.o
    0x0800234c   0x0000015c   Code   RO         1568    i.uiTraceIsObjectExcluded  trckernelportfreertos.o
    0x080024a8   0x000000a0   Code   RO         1656    i.uiTraceStart      trcuser.o
    0x08002548   0x00000028   Code   RO          239    i.uxListRemove      list.o
    0x08002570   0x00000006   Code   RO          296    i.uxQueueGetQueueNumber  queue.o
    0x08002576   0x0000000e   Code   RO          516    i.uxTaskGetTaskNumber  tasks.o
    0x08002584   0x00000004   Code   RO         1156    i.vApplicationMallocFailedHook  main.o
    0x08002588   0x00000054   Code   RO         1284    i.vInitStartMarkers  trcbase.o
    0x080025dc   0x0000001a   Code   RO          240    i.vListInitialise   list.o
    0x080025f6   0x00000006   Code   RO          241    i.vListInitialiseItem  list.o
    0x080025fc   0x00000034   Code   RO          242    i.vListInsert       list.o
    0x08002630   0x00000018   Code   RO          243    i.vListInsertEnd    list.o
    0x08002648   0x00000058   Code   RO         1008    i.vPortEnterCritical  port.o
    0x080026a0   0x00000040   Code   RO         1009    i.vPortExitCritical  port.o
    0x080026e0   0x000000a4   Code   RO         1095    i.vPortFree         heap_4.o
    0x08002784   0x00000020   Code   RO         1010    i.vPortSetupTimerInterrupt  port.o
    0x080027a4   0x0000007c   Code   RO         1011    i.vPortValidateInterruptPriority  port.o
    0x08002820   0x00000054   Code   RO          300    i.vQueueAddToRegistry  queue.o
    0x08002874   0x0000004a   Code   RO          304    i.vQueueWaitForMessageRestricted  queue.o
    0x080028be   0x00000002   PAD
    0x080028c0   0x00000060   Code   RO         1159    i.vTask1            main.o
    0x08002920   0x00000060   Code   RO         1160    i.vTask2            main.o
    0x08002980   0x0000000c   Code   RO          525    i.vTaskMissedYield  tasks.o
    0x0800298c   0x0000003c   Code   RO          527    i.vTaskPlaceOnEventList  tasks.o
    0x080029c8   0x00000074   Code   RO          528    i.vTaskPlaceOnEventListRestricted  tasks.o
    0x08002a3c   0x00000100   Code   RO          530    i.vTaskPriorityInherit  tasks.o
    0x08002b3c   0x00000030   Code   RO          534    i.vTaskSetTimeOutState  tasks.o
    0x08002b6c   0x00000094   Code   RO          535    i.vTaskStartScheduler  tasks.o
    0x08002c00   0x00000010   Code   RO          537    i.vTaskSuspendAll   tasks.o
    0x08002c10   0x0000009c   Code   RO          538    i.vTaskSwitchContext  tasks.o
    0x08002cac   0x000000b0   Code   RO         1285    i.vTraceError       trcbase.o
    0x08002d5c   0x000000e0   Code   RO         1286    i.vTraceFreeObjectHandle  trcbase.o
    0x08002e3c   0x00000054   Code   RO         1569    i.vTraceInitObjectHandleStack  trckernelportfreertos.o
    0x08002e90   0x00000124   Code   RO         1570    i.vTraceInitObjectPropertyTable  trckernelportfreertos.o
    0x08002fb4   0x00000008   Code   RO         1660    i.vTraceInitTraceData  trcuser.o
    0x08002fbc   0x0000006c   Code   RO         1394    i.vTracePortGetTimeStamp  trchardwareport.o
    0x08003028   0x0000010c   Code   RO         1287    i.vTraceSetObjectName  trcbase.o
    0x08003134   0x0000008c   Code   RO         1437    i.vTraceSetObjectState  trckernel.o
    0x080031c0   0x00000094   Code   RO         1438    i.vTraceSetPriorityProperty  trckernel.o
    0x08003254   0x00000044   Code   RO         1440    i.vTraceSetTaskInstanceFinished  trckernel.o
    0x08003298   0x0000015c   Code   RO         1441    i.vTraceStoreKernelCall  trckernel.o
    0x080033f4   0x00000100   Code   RO         1442    i.vTraceStoreKernelCallWithNumericParamOnly  trckernel.o
    0x080034f4   0x00000170   Code   RO         1443    i.vTraceStoreKernelCallWithParam  trckernel.o
    0x08003664   0x000000e8   Code   RO         1445    i.vTraceStoreMemMangEvent  trckernel.o
    0x0800374c   0x0000007c   Code   RO         1446    i.vTraceStoreObjectNameOnCloseEvent  trckernel.o
    0x080037c8   0x00000094   Code   RO         1447    i.vTraceStoreObjectPropertiesOnCloseEvent  trckernel.o
    0x0800385c   0x00000124   Code   RO         1448    i.vTraceStoreTaskReady  trckernel.o
    0x08003980   0x000000f4   Code   RO         1449    i.vTraceStoreTaskswitch  trckernel.o
    0x08003a74   0x00000144   Code   RO         1012    i.xPortStartScheduler  port.o
    0x08003bb8   0x0000005a   Code   RO          307    i.xQueueGenericCreate  queue.o
    0x08003c12   0x00000002   PAD
    0x08003c14   0x0000031c   Code   RO          308    i.xQueueGenericReceive  queue.o
    0x08003f30   0x00000098   Code   RO          309    i.xQueueGenericReset  queue.o
    0x08003fc8   0x000002ac   Code   RO          310    i.xQueueGenericSend  queue.o
    0x08004274   0x0000017c   Code   RO          311    i.xQueueGenericSendFromISR  queue.o
    0x080043f0   0x00000090   Code   RO          539    i.xTaskCheckForTimeOut  tasks.o
    0x08004480   0x00000060   Code   RO          540    i.xTaskCreate       tasks.o
    0x080044e0   0x0000000c   Code   RO          543    i.xTaskGetCurrentTaskHandle  tasks.o
    0x080044ec   0x00000020   Code   RO          544    i.xTaskGetSchedulerState  tasks.o
    0x0800450c   0x0000000c   Code   RO          545    i.xTaskGetTickCount  tasks.o
    0x08004518   0x0000017c   Code   RO          547    i.xTaskIncrementTick  tasks.o
    0x08004694   0x00000118   Code   RO          550    i.xTaskPriorityDisinherit  tasks.o
    0x080047ac   0x000000ac   Code   RO          551    i.xTaskRemoveFromEventList  tasks.o
    0x08004858   0x00000114   Code   RO          553    i.xTaskResumeAll    tasks.o
    0x0800496c   0x00000058   Code   RO          864    i.xTimerCreateTimerTask  timers.o
    0x080049c4   0x00000124   Code   RO          865    i.xTimerGenericCommand  timers.o
    0x08004ae8   0x000001a0   Code   RO         1288    i.xTraceGetObjectHandle  trcbase.o
    0x08004c88   0x00000064   Code   RO         1289    i.xTraceNextFreeEventBufferSlot  trcbase.o
    0x08004cec   0x00000010   Data   RO         1956    .constdata          system_stm32f4xx.o
    0x08004cfc   0x000000df   Data   RO         1291    .conststring        trcbase.o
    0x08004ddb   0x00000001   PAD
    0x08004ddc   0x0000045d   Data   RO         1450    .conststring        trckernel.o
    0x08005239   0x00000003   PAD
    0x0800523c   0x000000d0   Data   RO         1571    .conststring        trckernelportfreertos.o
    0x0800530c   0x0000004b   Data   RO         1678    .conststring        trcuser.o
    0x08005357   0x00000001   PAD
    0x08005358   0x00000020   Data   RO         2306    Region$$Table       anon$$obj.o


    Execution Region ER_RW (Base: 0x20000000, Size: 0x000000e8, Max: 0xffffffff, ABSOLUTE)

    Base Addr    Size         Type   Attr      Idx    E Section Name        Object

    0x20000000   0x0000003c   Data   RW          556    .data               tasks.o
    0x2000003c   0x00000014   Data   RW          871    .data               timers.o
    0x20000050   0x0000000c   Data   RW         1013    .data               port.o
    0x2000005c   0x00000018   Data   RW         1100    .data               heap_4.o
    0x20000074   0x00000004   Data   RW         1161    .data               main.o
    0x20000078   0x00000024   Data   RW         1292    .data               trcbase.o
    0x2000009c   0x00000018   Data   RW         1395    .data               trchardwareport.o
    0x200000b4   0x0000000c   Data   RW         1451    .data               trckernel.o
    0x200000c0   0x0000000c   Data   RW         1572    .data               trckernelportfreertos.o
    0x200000cc   0x00000014   Data   RW         1679    .data               trcuser.o
    0x200000e0   0x00000004   Data   RW         1957    .data               system_stm32f4xx.o
    0x200000e4   0x00000004   Data   RW         1992    .data               mc_w.l(stdout.o)


    Execution Region ER_ZI (Base: 0x200000e8, Size: 0x0000bda0, Max: 0xffffffff, ABSOLUTE)

    Base Addr    Size         Type   Attr      Idx    E Section Name        Object

    0x200000e8   0x00000040   Zero   RW          319    .bss                queue.o
    0x20000128   0x000000c8   Zero   RW          555    .bss                tasks.o
    0x200001f0   0x00000028   Zero   RW          870    .bss                timers.o
    0x20000218   0x0000a000   Zero   RW         1099    .bss                heap_4.o
    0x2000a218   0x00001870   Zero   RW         1290    .bss                trcbase.o
    0x2000ba88   0x00000400   Zero   RW         1944    STACK               startup_stm32f446xx.o


==============================================================================

Image component sizes


      Code (inc. data)   RO Data    RW Data    ZI Data      Debug   Object Name

         0          0          0          0          0      17878   croutine.o
         0          0          0          0          0      11912   event_groups.o
       736         64          0         24      40960       4919   heap_4.o
       148          0          0          0          0       3362   list.o
       604        160          0          4          0       4952   main.o
       978        100          0         12          0      12169   port.o
      2766         44          0          0         64      22771   queue.o
        32          6          0          0          0       1900   retarget_io.o
        36          8        452          0       1024        848   startup_stm32f446xx.o
       144         18          0          0          0        999   stdout_usart.o
       292         40         16          4          0       1973   system_stm32f4xx.o
      3174        372          0         60        200      24273   tasks.o
      1306        110          0         20         40      18287   timers.o
      4124       1484        223         36       6256      18200   trcbase.o
       260        106          0         24          0       2259   trchardwareport.o
      2812        946       1117         12          0      13852   trckernel.o
      1172        506        208         12          0       6229   trckernelportfreertos.o
       180         30         75         20          0       4162   trcuser.o

    ----------------------------------------------------------------------
     18780       3994       2128        228      48544     170945   Object Totals
         0          0         32          0          0          0   (incl. Generated)
        16          0          5          0          0          0   (incl. Padding)

    ----------------------------------------------------------------------

      Code (inc. data)   RO Data    RW Data    ZI Data      Debug   Library Member Name

         0          0          0          0          0          0   entry.o
         0          0          0          0          0          0   entry10a.o
         0          0          0          0          0          0   entry11a.o
         8          4          0          0          0          0   entry2.o
         4          0          0          0          0          0   entry5.o
         0          0          0          0          0          0   entry7b.o
         0          0          0          0          0          0   entry8b.o
         8          4          0          0          0          0   entry9a.o
        30          0          0          0          0          0   handlers.o
        36          8          0          0          0         68   init.o
        36          0          0          0          0         68   memcpya.o
        36          0          0          0          0        108   memseta.o
       246         10          0          0          0        176   printf2.o
         0          0          0          4          0          0   stdout.o
        30          0          0          0          0         80   strncmp.o
        24          0          0          0          0         76   strncpy.o

    ----------------------------------------------------------------------
       460         26          0          4          0        576   Library Totals
         2          0          0          0          0          0   (incl. Padding)

    ----------------------------------------------------------------------

      Code (inc. data)   RO Data    RW Data    ZI Data      Debug   Library Name

       458         26          0          4          0        576   mc_w.l

    ----------------------------------------------------------------------
       460         26          0          4          0        576   Library Totals

    ----------------------------------------------------------------------

==============================================================================


      Code (inc. data)   RO Data    RW Data    ZI Data      Debug   

     19240       4020       2128        232      48544     159417   Grand Totals
     19240       4020       2128        232      48544     159417   ELF Image Totals
     19240       4020       2128        232          0          0   ROM Totals

==============================================================================

    Total RO  Size (Code + RO Data)                21368 (  20.87kB)
    Total RW  Size (RW Data + ZI Data)             48776 (  47.63kB)
    Total ROM Size (Code + RO Data + RW Data)      21600 (  21.09kB)

==============================================================================

