Archive member included to satisfy reference by file (symbol)

/opt/eclipse/arm_toolchain/gcc-arm-none-toochain-5-4-2016/bin/../lib/gcc/arm-none-eabi/5.4.1/../../../../arm-none-eabi/lib/armv7e-m/fpu/libg_nano.a(lib_a-errno.o)
                              ./system/src/newlib/_sbrk.o (__errno)
/opt/eclipse/arm_toolchain/gcc-arm-none-toochain-5-4-2016/bin/../lib/gcc/arm-none-eabi/5.4.1/../../../../arm-none-eabi/lib/armv7e-m/fpu/libg_nano.a(lib_a-impure.o)
                              /opt/eclipse/arm_toolchain/gcc-arm-none-toochain-5-4-2016/bin/../lib/gcc/arm-none-eabi/5.4.1/../../../../arm-none-eabi/lib/armv7e-m/fpu/libg_nano.a(lib_a-errno.o) (_impure_ptr)
/opt/eclipse/arm_toolchain/gcc-arm-none-toochain-5-4-2016/bin/../lib/gcc/arm-none-eabi/5.4.1/../../../../arm-none-eabi/lib/armv7e-m/fpu/libg_nano.a(lib_a-memcpy-stub.o)
                              ./FreeRTOS_STM_NUCLEO/Source/queue.o (memcpy)
/opt/eclipse/arm_toolchain/gcc-arm-none-toochain-5-4-2016/bin/../lib/gcc/arm-none-eabi/5.4.1/../../../../arm-none-eabi/lib/armv7e-m/fpu/libg_nano.a(lib_a-memset.o)
                              ./FreeRTOS_STM_NUCLEO/Source/tasks.o (memset)
/opt/eclipse/arm_toolchain/gcc-arm-none-toochain-5-4-2016/bin/../lib/gcc/arm-none-eabi/5.4.1/../../../../arm-none-eabi/lib/armv7e-m/fpu/libg_nano.a(lib_a-strlen.o)
                              ./system/src/diag/Trace.o (strlen)
/opt/eclipse/arm_toolchain/gcc-arm-none-toochain-5-4-2016/bin/../lib/gcc/arm-none-eabi/5.4.1/../../../../arm-none-eabi/lib/armv7e-m/fpu/libg_nano.a(lib_a-vsnprintf.o)
                              ./system/src/diag/Trace.o (vsnprintf)
/opt/eclipse/arm_toolchain/gcc-arm-none-toochain-5-4-2016/bin/../lib/gcc/arm-none-eabi/5.4.1/../../../../arm-none-eabi/lib/armv7e-m/fpu/libg_nano.a(lib_a-nano-svfprintf.o)
                              /opt/eclipse/arm_toolchain/gcc-arm-none-toochain-5-4-2016/bin/../lib/gcc/arm-none-eabi/5.4.1/../../../../arm-none-eabi/lib/armv7e-m/fpu/libg_nano.a(lib_a-vsnprintf.o) (_svfprintf_r)
/opt/eclipse/arm_toolchain/gcc-arm-none-toochain-5-4-2016/bin/../lib/gcc/arm-none-eabi/5.4.1/../../../../arm-none-eabi/lib/armv7e-m/fpu/libg_nano.a(lib_a-nano-vfprintf_i.o)
                              /opt/eclipse/arm_toolchain/gcc-arm-none-toochain-5-4-2016/bin/../lib/gcc/arm-none-eabi/5.4.1/../../../../arm-none-eabi/lib/armv7e-m/fpu/libg_nano.a(lib_a-nano-svfprintf.o) (_printf_i)
/opt/eclipse/arm_toolchain/gcc-arm-none-toochain-5-4-2016/bin/../lib/gcc/arm-none-eabi/5.4.1/../../../../arm-none-eabi/lib/armv7e-m/fpu/libg_nano.a(lib_a-memchr.o)
                              /opt/eclipse/arm_toolchain/gcc-arm-none-toochain-5-4-2016/bin/../lib/gcc/arm-none-eabi/5.4.1/../../../../arm-none-eabi/lib/armv7e-m/fpu/libg_nano.a(lib_a-nano-svfprintf.o) (memchr)
/opt/eclipse/arm_toolchain/gcc-arm-none-toochain-5-4-2016/bin/../lib/gcc/arm-none-eabi/5.4.1/../../../../arm-none-eabi/lib/armv7e-m/fpu/libg_nano.a(lib_a-memmove.o)
                              /opt/eclipse/arm_toolchain/gcc-arm-none-toochain-5-4-2016/bin/../lib/gcc/arm-none-eabi/5.4.1/../../../../arm-none-eabi/lib/armv7e-m/fpu/libg_nano.a(lib_a-nano-svfprintf.o) (memmove)
/opt/eclipse/arm_toolchain/gcc-arm-none-toochain-5-4-2016/bin/../lib/gcc/arm-none-eabi/5.4.1/../../../../arm-none-eabi/lib/armv7e-m/fpu/libg_nano.a(lib_a-nano-freer.o)
                              /opt/eclipse/arm_toolchain/gcc-arm-none-toochain-5-4-2016/bin/../lib/gcc/arm-none-eabi/5.4.1/../../../../arm-none-eabi/lib/armv7e-m/fpu/libg_nano.a(lib_a-nano-svfprintf.o) (_free_r)
/opt/eclipse/arm_toolchain/gcc-arm-none-toochain-5-4-2016/bin/../lib/gcc/arm-none-eabi/5.4.1/../../../../arm-none-eabi/lib/armv7e-m/fpu/libg_nano.a(lib_a-nano-mallocr.o)
                              /opt/eclipse/arm_toolchain/gcc-arm-none-toochain-5-4-2016/bin/../lib/gcc/arm-none-eabi/5.4.1/../../../../arm-none-eabi/lib/armv7e-m/fpu/libg_nano.a(lib_a-nano-svfprintf.o) (_malloc_r)
/opt/eclipse/arm_toolchain/gcc-arm-none-toochain-5-4-2016/bin/../lib/gcc/arm-none-eabi/5.4.1/../../../../arm-none-eabi/lib/armv7e-m/fpu/libg_nano.a(lib_a-nano-reallocr.o)
                              /opt/eclipse/arm_toolchain/gcc-arm-none-toochain-5-4-2016/bin/../lib/gcc/arm-none-eabi/5.4.1/../../../../arm-none-eabi/lib/armv7e-m/fpu/libg_nano.a(lib_a-nano-svfprintf.o) (_realloc_r)
/opt/eclipse/arm_toolchain/gcc-arm-none-toochain-5-4-2016/bin/../lib/gcc/arm-none-eabi/5.4.1/../../../../arm-none-eabi/lib/armv7e-m/fpu/libg_nano.a(lib_a-sbrkr.o)
                              /opt/eclipse/arm_toolchain/gcc-arm-none-toochain-5-4-2016/bin/../lib/gcc/arm-none-eabi/5.4.1/../../../../arm-none-eabi/lib/armv7e-m/fpu/libg_nano.a(lib_a-nano-mallocr.o) (_sbrk_r)
/opt/eclipse/arm_toolchain/gcc-arm-none-toochain-5-4-2016/bin/../lib/gcc/arm-none-eabi/5.4.1/../../../../arm-none-eabi/lib/armv7e-m/fpu/libg_nano.a(lib_a-mlock.o)
[...]
Memory Configuration

Name             Origin             Length             Attributes
RAM              0x20000000         0x00020000         xrw
CCMRAM           0x10000000         0x00010000         xrw
FLASH            0x08000000         0x00100000         xr
FLASHB1          0x00000000         0x00000000         xr
EXTMEMB0         0x00000000         0x00000000         xr
EXTMEMB1         0x00000000         0x00000000         xr
EXTMEMB2         0x00000000         0x00000000         xr
EXTMEMB3         0x00000000         0x00000000         xr
MEMORY_ARRAY     0x20002000         0x00000020         xrw
*default*        0x00000000         0xffffffff

Linker script and memory map

LOAD ./system/src/stm32f4-hal/stm32f4xx_hal.o
LOAD ./system/src/stm32f4-hal/stm32f4xx_hal_cortex.o
LOAD ./system/src/stm32f4-hal/stm32f4xx_hal_dfsdm.o
LOAD ./system/src/stm32f4-hal/stm32f4xx_hal_flash.o
LOAD ./system/src/stm32f4-hal/stm32f4xx_hal_gpio.o
LOAD ./system/src/stm32f4-hal/stm32f4xx_hal_iwdg.o
LOAD ./system/src/stm32f4-hal/stm32f4xx_hal_pwr.o
LOAD ./system/src/stm32f4-hal/stm32f4xx_hal_rcc.o
LOAD ./system/src/newlib/_cxx.o
LOAD ./system/src/newlib/_exit.o
LOAD ./system/src/newlib/_sbrk.o
LOAD ./system/src/newlib/_startup.o
LOAD ./system/src/newlib/_syscalls.o
LOAD ./system/src/newlib/assert.o
LOAD ./system/src/diag/Trace.o
LOAD ./system/src/diag/trace_impl.o
LOAD ./system/src/cortexm/_initialize_hardware.o
LOAD ./system/src/cortexm/_reset_hardware.o
LOAD ./system/src/cortexm/exception_handlers.o
LOAD ./system/src/cmsis/system_stm32f4xx.o
LOAD ./system/src/cmsis/vectors_stm32f446xx.o
LOAD ./src/BlinkLed.o
LOAD ./src/Timer.o
LOAD ./src/_initialize_hardware.o
LOAD ./src/_write.o
LOAD ./src/main.o
LOAD ./src/stm32f4xx_hal_msp.o
LOAD ./FreeRTOS_STM_NUCLEO/Source/portable/MemMang/heap_4.o
LOAD ./FreeRTOS_STM_NUCLEO/Source/portable/GCC/ARM_CM4F/port.o
LOAD ./FreeRTOS_STM_NUCLEO/Source/croutine.o
LOAD ./FreeRTOS_STM_NUCLEO/Source/event_groups.o
LOAD ./FreeRTOS_STM_NUCLEO/Source/list.o
LOAD ./FreeRTOS_STM_NUCLEO/Source/queue.o
LOAD ./FreeRTOS_STM_NUCLEO/Source/tasks.o
LOAD ./FreeRTOS_STM_NUCLEO/Source/timers.o
LOAD /opt/eclipse/arm_toolchain/gcc-arm-none-toochain-5-4-2016/bin/../lib/gcc/arm-none-eabi/5.4.1/../../../../arm-none-eabi/lib/armv7e-m/fpu/libstdc++_nano.a
LOAD /opt/eclipse/arm_toolchain/gcc-arm-none-toochain-5-4-2016/bin/../lib/gcc/arm-none-eabi/5.4.1/../../../../arm-none-eabi/lib/armv7e-m/fpu/libm.a
START GROUP
LOAD /opt/eclipse/arm_toolchain/gcc-arm-none-toochain-5-4-2016/bin/../lib/gcc/arm-none-eabi/5.4.1/armv7e-m/fpu/libgcc.a
LOAD /opt/eclipse/arm_toolchain/gcc-arm-none-toochain-5-4-2016/bin/../lib/gcc/arm-none-eabi/5.4.1/../../../../arm-none-eabi/lib/armv7e-m/fpu/libg_nano.a
LOAD /opt/eclipse/arm_toolchain/gcc-arm-none-toochain-5-4-2016/bin/../lib/gcc/arm-none-eabi/5.4.1/../../../../arm-none-eabi/lib/armv7e-m/fpu/libc_nano.a
END GROUP
START GROUP
LOAD /opt/eclipse/arm_toolchain/gcc-arm-none-toochain-5-4-2016/bin/../lib/gcc/arm-none-eabi/5.4.1/armv7e-m/fpu/libgcc.a
LOAD /opt/eclipse/arm_toolchain/gcc-arm-none-toochain-5-4-2016/bin/../lib/gcc/arm-none-eabi/5.4.1/../../../../arm-none-eabi/lib/armv7e-m/fpu/libc_nano.a
END GROUP
                0x20020000                __stack = (ORIGIN (RAM) + LENGTH (RAM))
                0x20020000                _estack = __stack
                0x00000400                __Main_Stack_Size = 0x400
                [!provide]                PROVIDE (_Main_Stack_Size, __Main_Stack_Size)
                0x2001fc00                __Main_Stack_Limit = (__stack - __Main_Stack_Size)
                [!provide]                PROVIDE (_Main_Stack_Limit, __Main_Stack_Limit)
                0x00000100                _Minimum_Stack_Size = 0x100
                0x2000a2c0                PROVIDE (_Heap_Begin, _end_noinit)
                0x2001fc00                PROVIDE (_Heap_Limit, (__stack - __Main_Stack_Size))

.isr_vector     0x08000000      0x420
 FILL mask 0xff
                0x08000000                __vectors_start = ABSOLUTE (.)
                0x08000000                __vectors_start__ = ABSOLUTE (.)
 *(.isr_vector)
 .isr_vector    0x08000000      0x1c4 ./system/src/cmsis/vectors_stm32f446xx.o
                0x08000000                __isr_vectors
 *(.cfmconfig)
 *(.after_vectors .after_vectors.*)
 .after_vectors
                0x080001c4      0x130 ./system/src/newlib/_startup.o
                0x080001c4                _start
 .after_vectors
                0x080002f4      0x128 ./system/src/cortexm/exception_handlers.o
                0x080002f4                Reset_Handler
                0x080002fc                NMI_Handler
                0x08000300                HardFault_Handler
                0x08000314                HardFault_Handler_C
                0x08000374                MemManage_Handler
                0x08000378                BusFault_Handler
                0x0800038c                BusFault_Handler_C
                0x080003c0                UsageFault_Handler
                0x080003d4                UsageFault_Handler_C
                0x08000408                DebugMon_Handler
                0x0800040c                PendSV_Handler
 .after_vectors
                0x0800041c        0x4 ./system/src/cmsis/vectors_stm32f446xx.o
                0x0800041c                RTC_Alarm_IRQHandler
                0x0800041c                EXTI2_IRQHandler
                0x0800041c                TIM8_CC_IRQHandler
                0x0800041c                SPI4_IRQHandler
                0x0800041c                TIM1_CC_IRQHandler
                0x0800041c                DMA2_Stream5_IRQHandler
                0x0800041c                DMA1_Stream5_IRQHandler
                0x0800041c                PVD_IRQHandler
                0x0800041c                SDIO_IRQHandler
                0x0800041c                TAMP_STAMP_IRQHandler
                0x0800041c                CAN2_RX1_IRQHandler
                0x0800041c                EXTI3_IRQHandler
                0x0800041c                TIM8_TRG_COM_TIM14_IRQHandler
                0x0800041c                TIM1_UP_TIM10_IRQHandler
                0x0800041c                TIM8_UP_TIM13_IRQHandler
                0x0800041c                I2C3_ER_IRQHandler
                0x0800041c                EXTI0_IRQHandler
                0x0800041c                I2C2_EV_IRQHandler
                0x0800041c                DMA1_Stream2_IRQHandler
                0x0800041c                CAN1_RX0_IRQHandler
                0x0800041c                FPU_IRQHandler
                0x0800041c                OTG_HS_WKUP_IRQHandler
                0x0800041c                CAN2_SCE_IRQHandler
                0x0800041c                DMA2_Stream2_IRQHandler
                0x0800041c                SPI1_IRQHandler
                0x0800041c                TIM6_DAC_IRQHandler
                0x0800041c                TIM1_BRK_TIM9_IRQHandler
                0x0800041c                DCMI_IRQHandler
                0x0800041c                CAN2_RX0_IRQHandler
                0x0800041c                DMA2_Stream3_IRQHandler
                0x0800041c                SAI2_IRQHandler
                0x0800041c                USART6_IRQHandler
                0x0800041c                USART3_IRQHandler
                0x0800041c                CAN1_RX1_IRQHandler
                0x0800041c                UART5_IRQHandler
                0x0800041c                DMA2_Stream0_IRQHandler
                0x0800041c                I2C4_Error_IRQHandler
                0x0800041c                TIM4_IRQHandler
                0x0800041c                QUADSPI_IRQHandler
                0x0800041c                I2C1_EV_IRQHandler
                0x0800041c                DMA1_Stream6_IRQHandler
                0x0800041c                DMA1_Stream1_IRQHandler
                0x0800041c                UART4_IRQHandler
                0x0800041c                TIM3_IRQHandler
                0x0800041c                RCC_IRQHandler
                0x0800041c                TIM8_BRK_TIM12_IRQHandler
                0x0800041c                Default_Handler
                0x0800041c                CEC_IRQHandler
                0x0800041c                EXTI15_10_IRQHandler
                0x0800041c                ADC_IRQHandler
                0x0800041c                DMA1_Stream7_IRQHandler
                0x0800041c                TIM7_IRQHandler
                0x0800041c                CAN2_TX_IRQHandler
                0x0800041c                TIM5_IRQHandler
                0x0800041c                DMA2_Stream7_IRQHandler
                0x0800041c                I2C3_EV_IRQHandler
                0x0800041c                EXTI9_5_IRQHandler
                0x0800041c                RTC_WKUP_IRQHandler
                0x0800041c                SPDIF_RX_IRQHandler
                0x0800041c                SPI2_IRQHandler
                0x0800041c                OTG_HS_EP1_IN_IRQHandler
                0x0800041c                DMA1_Stream0_IRQHandler
                0x0800041c                CAN1_TX_IRQHandler
                0x0800041c                EXTI4_IRQHandler
                0x0800041c                OTG_HS_EP1_OUT_IRQHandler
                0x0800041c                WWDG_IRQHandler
                0x0800041c                TIM2_IRQHandler
                0x0800041c                OTG_FS_WKUP_IRQHandler
                0x0800041c                TIM1_TRG_COM_TIM11_IRQHandler
                0x0800041c                OTG_HS_IRQHandler
                0x0800041c                EXTI1_IRQHandler
                0x0800041c                USART2_IRQHandler
                0x0800041c                I2C2_ER_IRQHandler
                0x0800041c                DMA2_Stream1_IRQHandler
                0x0800041c                CAN1_SCE_IRQHandler
                0x0800041c                FLASH_IRQHandler
                0x0800041c                DMA2_Stream4_IRQHandler
                0x0800041c                USART1_IRQHandler
                0x0800041c                OTG_FS_IRQHandler
                0x0800041c                SPI3_IRQHandler
                0x0800041c                DMA1_Stream4_IRQHandler
                0x0800041c                I2C1_ER_IRQHandler
                0x0800041c                FMC_IRQHandler
                0x0800041c                I2C4_Event_IRQHandler
                0x0800041c                DMA2_Stream6_IRQHandler
                0x0800041c                SAI1_IRQHandler
                0x0800041c                DMA1_Stream3_IRQHandler

.inits          0x08000420       0x28
                0x08000420                __data_regions_array_start = .
                0x08000420        0x4 LONG 0x8003960 LOADADDR (.data)
                0x08000424        0x4 LONG 0x20000000 ADDR (.data)
                0x08000428        0x4 LONG 0x2000007c (ADDR (.data) + SIZEOF (.data))
                0x0800042c        0x4 LONG 0x8003960 LOADADDR (.data_CCMRAM)
                0x08000430        0x4 LONG 0x10000000 ADDR (.data_CCMRAM)
                0x08000434        0x4 LONG 0x10000000 (ADDR (.data_CCMRAM) + SIZEOF (.data_CCMRAM))
                0x08000438                __data_regions_array_end = .
                0x08000438                __bss_regions_array_start = .
                0x08000438        0x4 LONG 0x2000007c ADDR (.bss)
                0x0800043c        0x4 LONG 0x2000a2c0 (ADDR (.bss) + SIZEOF (.bss))
                0x08000440        0x4 LONG 0x10000000 ADDR (.bss_CCMRAM)
                0x08000444        0x4 LONG 0x10000000 (ADDR (.bss_CCMRAM) + SIZEOF (.bss_CCMRAM))
                0x08000448                __bss_regions_array_end = .
 *(.init)
 *(.fini)
                0x08000448                . = ALIGN (0x4)
                0x08000448                PROVIDE (__preinit_array_start, .)
 *(.preinit_array_sysinit .preinit_array_sysinit.*)
 *(.preinit_array_platform .preinit_array_platform.*)
 *(.preinit_array .preinit_array.*)
                0x08000448                PROVIDE (__preinit_array_end, .)
                0x08000448                . = ALIGN (0x4)
                0x08000448                PROVIDE (__init_array_start, .)
 *(SORT(.init_array.*))
 *(.init_array)
                0x08000448                PROVIDE (__init_array_end, .)
                0x08000448                . = ALIGN (0x4)
                0x08000448                PROVIDE (__fini_array_start, .)
 *(SORT(.fini_array.*))
 *(.fini_array)
                0x08000448                PROVIDE (__fini_array_end, .)

.flashtext
 *(.flashtext .flashtext.*)

.text           0x08000450     0x350f
 *(.text .text.*)
 .text.HAL_InitTick
                0x08000450       0x2c ./system/src/stm32f4-hal/stm32f4xx_hal.o
                0x08000450                HAL_InitTick
 .text.HAL_Init
                0x0800047c       0x34 ./system/src/stm32f4-hal/stm32f4xx_hal.o
                0x0800047c                HAL_Init
 .text.HAL_GetTick
                0x080004b0        0xc ./system/src/stm32f4-hal/stm32f4xx_hal.o
                0x080004b0                HAL_GetTick
 .text.HAL_NVIC_SetPriorityGrouping
                0x080004bc       0x3c ./system/src/stm32f4-hal/stm32f4xx_hal_cortex.o
                0x080004bc                HAL_NVIC_SetPriorityGrouping
 .text.HAL_NVIC_SetPriority
                0x080004f8       0x84 ./system/src/stm32f4-hal/stm32f4xx_hal_cortex.o
                0x080004f8                HAL_NVIC_SetPriority
 .text.HAL_SYSTICK_Config
                0x0800057c       0x2c ./system/src/stm32f4-hal/stm32f4xx_hal_cortex.o
                0x0800057c                HAL_SYSTICK_Config
 .text.HAL_SYSTICK_CLKSourceConfig
                0x080005a8       0x38 ./system/src/stm32f4-hal/stm32f4xx_hal_cortex.o
                0x080005a8                HAL_SYSTICK_CLKSourceConfig
 .text.HAL_RCC_OscConfig
                0x080005e0      0x448 ./system/src/stm32f4-hal/stm32f4xx_hal_rcc.o
                0x080005e0                HAL_RCC_OscConfig
 .text.HAL_RCC_GetSysClockFreq
                0x08000a28       0xa4 ./system/src/stm32f4-hal/stm32f4xx_hal_rcc.o
                0x08000a28                HAL_RCC_GetSysClockFreq
 .text.HAL_RCC_ClockConfig
                0x08000acc      0x264 ./system/src/stm32f4-hal/stm32f4xx_hal_rcc.o
                0x08000acc                HAL_RCC_ClockConfig
 .text.HAL_RCC_GetHCLKFreq
                0x08000d30        0xc ./system/src/stm32f4-hal/stm32f4xx_hal_rcc.o
                0x08000d30                HAL_RCC_GetHCLKFreq
 .text._exit    0x08000d3c        0x4 ./system/src/newlib/_exit.o
                0x08000d3c                _exit
 .text.abort    0x08000d40       0x14 ./system/src/newlib/_exit.o
                0x08000d40                abort
 .text._sbrk    0x08000d54       0x44 ./system/src/newlib/_sbrk.o
                0x08000d54                _sbrk
 .text.__initialize_args
                0x08000d98       0x10 ./system/src/newlib/_syscalls.o
                0x08000d98                __initialize_args
 .text.assert_failed
                0x08000da8       0x14 ./system/src/newlib/assert.o
                0x08000da8                assert_failed
 .text.trace_printf
                0x08000dbc       0x30 ./system/src/diag/Trace.o
                0x08000dbc                trace_printf
 .text.trace_puts
                0x08000dec       0x20 ./system/src/diag/Trace.o
                0x08000dec                trace_puts
 .text._trace_write_semihosting_debug
                0x08000e0c       0x64 ./system/src/diag/trace_impl.o
 .text.trace_write
                0x08000e70        0x8 ./system/src/diag/trace_impl.o
                0x08000e70                trace_write
 .text.__initialize_hardware_early
                0x08000e78       0x24 ./system/src/cortexm/_initialize_hardware.o
                0x08000e78                __initialize_hardware_early
 .text.dumpExceptionStack
                0x08000e9c       0xf0 ./system/src/cortexm/exception_handlers.o
                0x08000e9c                dumpExceptionStack
 .text.isSemihosting
                0x08000f8c       0x20 ./system/src/cortexm/exception_handlers.o
                0x08000f8c                isSemihosting
 .text.SystemInit
                0x08000fac       0x4c ./system/src/cmsis/system_stm32f4xx.o
                0x08000fac                SystemInit
 .text.SystemCoreClockUpdate
                0x08000ff8       0xa0 ./system/src/cmsis/system_stm32f4xx.o
                0x08000ff8                SystemCoreClockUpdate
 .text.SystemClock_Config
                0x08001098       0x9c ./src/_initialize_hardware.o
                0x08001098                SystemClock_Config
 .text.__initialize_hardware
                0x08001134       0x10 ./src/_initialize_hardware.o
                0x08001134                __initialize_hardware
 .text.vTask1   0x08001144       0x50 ./src/main.o
                0x08001144                vTask1
 .text.vTask2   0x08001194       0x50 ./src/main.o
                0x08001194                vTask2
 .text.SystemCoreClockConfigure
                0x080011e4       0x88 ./src/main.o
                0x080011e4                SystemCoreClockConfigure
 .text.main     0x0800126c       0x9c ./src/main.o
                0x0800126c                main
 .text.vApplicationMallocFailedHook
                0x08001308        0x4 ./src/main.o
                0x08001308                vApplicationMallocFailedHook
 .text.HAL_MspInit
                0x0800130c        0x4 ./src/stm32f4xx_hal_msp.o
                0x0800130c                HAL_MspInit
 .text.prvHeapInit
                0x08001310       0x64 ./FreeRTOS_STM_NUCLEO/Source/portable/MemMang/heap_4.o
 .text.prvInsertBlockIntoFreeList
                0x08001374       0x58 ./FreeRTOS_STM_NUCLEO/Source/portable/MemMang/heap_4.o
 .text.pvPortMalloc
                0x080013cc      0x110 ./FreeRTOS_STM_NUCLEO/Source/portable/MemMang/heap_4.o
                0x080013cc                pvPortMalloc
 .text.vPortFree
                0x080014dc       0x7c ./FreeRTOS_STM_NUCLEO/Source/portable/MemMang/heap_4.o
                0x080014dc                vPortFree
 .text.prvTaskExitError
                0x08001558       0x34 ./FreeRTOS_STM_NUCLEO/Source/portable/GCC/ARM_CM4F/port.o
 .text.prvPortStartFirstTask
                0x0800158c       0x20 ./FreeRTOS_STM_NUCLEO/Source/portable/GCC/ARM_CM4F/port.o
 .text.vPortEnableVFP
                0x080015ac       0x14 ./FreeRTOS_STM_NUCLEO/Source/portable/GCC/ARM_CM4F/port.o
 .text.pxPortInitialiseStack
                0x080015c0       0x2c ./FreeRTOS_STM_NUCLEO/Source/portable/GCC/ARM_CM4F/port.o
                0x080015c0                pxPortInitialiseStack
 *fill*         0x080015ec        0x4 
 .text.SVC_Handler
                0x080015f0       0x24 ./FreeRTOS_STM_NUCLEO/Source/portable/GCC/ARM_CM4F/port.o
                0x080015f0                SVC_Handler
 .text.vPortEnterCritical
                0x08001614       0x44 ./FreeRTOS_STM_NUCLEO/Source/portable/GCC/ARM_CM4F/port.o
                0x08001614                vPortEnterCritical
 .text.vPortExitCritical
                0x08001658       0x2c ./FreeRTOS_STM_NUCLEO/Source/portable/GCC/ARM_CM4F/port.o
                0x08001658                vPortExitCritical
 .text.SysTick_Handler
                0x08001684       0x2c ./FreeRTOS_STM_NUCLEO/Source/portable/GCC/ARM_CM4F/port.o
                0x08001684                SysTick_Handler
 .text.vPortSetupTimerInterrupt
                0x080016b0       0x2c ./FreeRTOS_STM_NUCLEO/Source/portable/GCC/ARM_CM4F/port.o
                0x080016b0                vPortSetupTimerInterrupt
 .text.xPortStartScheduler
                0x080016dc       0xf0 ./FreeRTOS_STM_NUCLEO/Source/portable/GCC/ARM_CM4F/port.o
                0x080016dc                xPortStartScheduler
 .text.vPortValidateInterruptPriority
                0x080017cc       0x60 ./FreeRTOS_STM_NUCLEO/Source/portable/GCC/ARM_CM4F/port.o
                0x080017cc                vPortValidateInterruptPriority
 .text.vListInitialise
                0x0800182c       0x18 ./FreeRTOS_STM_NUCLEO/Source/list.o
                0x0800182c                vListInitialise
 .text.vListInitialiseItem
                0x08001844        0x8 ./FreeRTOS_STM_NUCLEO/Source/list.o
                0x08001844                vListInitialiseItem
 .text.vListInsertEnd
                0x0800184c       0x18 ./FreeRTOS_STM_NUCLEO/Source/list.o
                0x0800184c                vListInsertEnd
 .text.vListInsert
                0x08001864       0x34 ./FreeRTOS_STM_NUCLEO/Source/list.o
                0x08001864                vListInsert
 .text.uxListRemove
                0x08001898       0x24 ./FreeRTOS_STM_NUCLEO/Source/list.o
                0x08001898                uxListRemove
 .text.prvIsQueueFull
                0x080018bc       0x20 ./FreeRTOS_STM_NUCLEO/Source/queue.o
 .text.prvIsQueueEmpty
                0x080018dc       0x1c ./FreeRTOS_STM_NUCLEO/Source/queue.o
 .text.prvCopyDataToQueue
                0x080018f8       0x78 ./FreeRTOS_STM_NUCLEO/Source/queue.o
 .text.prvCopyDataFromQueue
                0x08001970       0x24 ./FreeRTOS_STM_NUCLEO/Source/queue.o
 .text.prvUnlockQueue
                0x08001994       0x68 ./FreeRTOS_STM_NUCLEO/Source/queue.o
 .text.xQueueGenericReset
                0x080019fc       0x84 ./FreeRTOS_STM_NUCLEO/Source/queue.o
                0x080019fc                xQueueGenericReset
 .text.prvInitialiseNewQueue
                0x08001a80       0x24 ./FreeRTOS_STM_NUCLEO/Source/queue.o
 .text.xQueueGenericCreate
                0x08001aa4       0x4c ./FreeRTOS_STM_NUCLEO/Source/queue.o
                0x08001aa4                xQueueGenericCreate
 .text.xQueueGenericSend
                0x08001af0      0x198 ./FreeRTOS_STM_NUCLEO/Source/queue.o
                0x08001af0                xQueueGenericSend
 .text.xQueueGenericSendFromISR
                0x08001c88       0xe8 ./FreeRTOS_STM_NUCLEO/Source/queue.o
                0x08001c88                xQueueGenericSendFromISR
 .text.xQueueGenericReceive
                0x08001d70      0x1a8 ./FreeRTOS_STM_NUCLEO/Source/queue.o
                0x08001d70                xQueueGenericReceive
 .text.vQueueAddToRegistry
                0x08001f18       0x28 ./FreeRTOS_STM_NUCLEO/Source/queue.o
                0x08001f18                vQueueAddToRegistry
 .text.vQueueWaitForMessageRestricted
                0x08001f40       0x4c ./FreeRTOS_STM_NUCLEO/Source/queue.o
                0x08001f40                vQueueWaitForMessageRestricted
 .text.prvResetNextTaskUnblockTime
                0x08001f8c       0x34 ./FreeRTOS_STM_NUCLEO/Source/tasks.o
 .text.prvDeleteTCB
                0x08001fc0       0x14 ./FreeRTOS_STM_NUCLEO/Source/tasks.o
 .text.prvInitialiseNewTask
                0x08001fd4       0x90 ./FreeRTOS_STM_NUCLEO/Source/tasks.o
 .text.prvInitialiseTaskLists
                0x08002064       0x68 ./FreeRTOS_STM_NUCLEO/Source/tasks.o
 .text.prvAddNewTaskToReadyList
                0x080020cc       0xac ./FreeRTOS_STM_NUCLEO/Source/tasks.o
 .text.prvAddCurrentTaskToDelayedList
                0x08002178       0x98 ./FreeRTOS_STM_NUCLEO/Source/tasks.o
 .text.xTaskCreate
                0x08002210       0x64 ./FreeRTOS_STM_NUCLEO/Source/tasks.o
                0x08002210                xTaskCreate
 .text.vTaskStartScheduler
                0x08002274       0x84 ./FreeRTOS_STM_NUCLEO/Source/tasks.o
                0x08002274                vTaskStartScheduler
 .text.vTaskSuspendAll
                0x080022f8       0x10 ./FreeRTOS_STM_NUCLEO/Source/tasks.o
                0x080022f8                vTaskSuspendAll
 .text.xTaskGetTickCount
                0x08002308        0xc ./FreeRTOS_STM_NUCLEO/Source/tasks.o
                0x08002308                xTaskGetTickCount
 .text.xTaskIncrementTick
                0x08002314      0x128 ./FreeRTOS_STM_NUCLEO/Source/tasks.o
                0x08002314                xTaskIncrementTick
 .text.xTaskResumeAll
                0x0800243c       0xfc ./FreeRTOS_STM_NUCLEO/Source/tasks.o
                0x0800243c                xTaskResumeAll
 .text.prvCheckTasksWaitingTermination
                0x08002538       0x54 ./FreeRTOS_STM_NUCLEO/Source/tasks.o
 .text.prvIdleTask
                0x0800258c       0x28 ./FreeRTOS_STM_NUCLEO/Source/tasks.o
 .text.vTaskPlaceOnEventList
                0x080025b4       0x34 ./FreeRTOS_STM_NUCLEO/Source/tasks.o
                0x080025b4                vTaskPlaceOnEventList
 .text.vTaskPlaceOnEventListRestricted
                0x080025e8       0x3c ./FreeRTOS_STM_NUCLEO/Source/tasks.o
                0x080025e8                vTaskPlaceOnEventListRestricted
 .text.xTaskRemoveFromEventList
                0x08002624       0x90 ./FreeRTOS_STM_NUCLEO/Source/tasks.o
                0x08002624                xTaskRemoveFromEventList
 .text.vTaskSetTimeOutState
                0x080026b4       0x2c ./FreeRTOS_STM_NUCLEO/Source/tasks.o
                0x080026b4                vTaskSetTimeOutState
 .text.xTaskCheckForTimeOut
                0x080026e0       0x84 ./FreeRTOS_STM_NUCLEO/Source/tasks.o
                0x080026e0                xTaskCheckForTimeOut
 .text.vTaskMissedYield
                0x08002764        0xc ./FreeRTOS_STM_NUCLEO/Source/tasks.o
                0x08002764                vTaskMissedYield
 .text.xTaskGetSchedulerState
                0x08002770       0x20 ./FreeRTOS_STM_NUCLEO/Source/tasks.o
                0x08002770                xTaskGetSchedulerState
 .text.vTaskPriorityInherit
                0x08002790       0xa8 ./FreeRTOS_STM_NUCLEO/Source/tasks.o
                0x08002790                vTaskPriorityInherit
 .text.xTaskPriorityDisinherit
                0x08002838       0xb8 ./FreeRTOS_STM_NUCLEO/Source/tasks.o
                0x08002838                xTaskPriorityDisinherit
 .text.pvTaskIncrementMutexHeldCount
                0x080028f0       0x1c ./FreeRTOS_STM_NUCLEO/Source/tasks.o
                0x080028f0                pvTaskIncrementMutexHeldCount
 .text.prvGetNextExpireTime
                0x0800290c       0x20 ./FreeRTOS_STM_NUCLEO/Source/timers.o
 .text.prvInsertTimerInActiveList
                0x0800292c       0x48 ./FreeRTOS_STM_NUCLEO/Source/timers.o
 .text.prvCheckForValidListAndQueue
                0x08002974       0x58 ./FreeRTOS_STM_NUCLEO/Source/timers.o
 .text.xTimerCreateTimerTask
                0x080029cc       0x54 ./FreeRTOS_STM_NUCLEO/Source/timers.o
                0x080029cc                xTimerCreateTimerTask
 .text.xTimerGenericCommand
                0x08002a20       0x6c ./FreeRTOS_STM_NUCLEO/Source/timers.o
                0x08002a20                xTimerGenericCommand
 .text.prvSwitchTimerLists
                0x08002a8c       0x7c ./FreeRTOS_STM_NUCLEO/Source/timers.o
 .text.prvSampleTimeNow
                0x08002b08       0x2c ./FreeRTOS_STM_NUCLEO/Source/timers.o
 .text.prvProcessExpiredTimer
                0x08002b34       0x60 ./FreeRTOS_STM_NUCLEO/Source/timers.o
 .text.prvProcessTimerOrBlockTask
                0x08002b94       0x74 ./FreeRTOS_STM_NUCLEO/Source/timers.o
 .text.prvProcessReceivedCommands
                0x08002c08       0xc0 ./FreeRTOS_STM_NUCLEO/Source/timers.o
 .text.prvTimerTask
                0x08002cc8       0x18 ./FreeRTOS_STM_NUCLEO/Source/timers.o
 .text.__errno  0x08002ce0        0xc /opt/eclipse/arm_toolchain/gcc-arm-none-toochain-5-4-2016/bin/../lib/gcc/arm-none-eabi/5.4.1/../../../../arm-none-eabi/lib/armv7e-m/fpu/libg_nano.a(lib_a-errno.o)
                0x08002ce0                __errno
 .text.memcpy   0x08002cec       0x16 /opt/eclipse/arm_toolchain/gcc-arm-none-toochain-5-4-2016/bin/../lib/gcc/arm-none-eabi/5.4.1/../../../../arm-none-eabi/lib/armv7e-m/fpu/libg_nano.a(lib_a-memcpy-stub.o)
                0x08002cec                memcpy
 .text.memset   0x08002d02       0x10 /opt/eclipse/arm_toolchain/gcc-arm-none-toochain-5-4-2016/bin/../lib/gcc/arm-none-eabi/5.4.1/../../../../arm-none-eabi/lib/armv7e-m/fpu/libg_nano.a(lib_a-memset.o)
                0x08002d02                memset
 .text          0x08002d12       0x10 /opt/eclipse/arm_toolchain/gcc-arm-none-toochain-5-4-2016/bin/../lib/gcc/arm-none-eabi/5.4.1/../../../../arm-none-eabi/lib/armv7e-m/fpu/libg_nano.a(lib_a-strlen.o)
                0x08002d12                strlen
 .text._vsnprintf_r
                0x08002d22       0x56 /opt/eclipse/arm_toolchain/gcc-arm-none-toochain-5-4-2016/bin/../lib/gcc/arm-none-eabi/5.4.1/../../../../arm-none-eabi/lib/armv7e-m/fpu/libg_nano.a(lib_a-vsnprintf.o)
                0x08002d22                _vsnprintf_r
                0x08002d22                _vsniprintf_r
 .text.vsnprintf
                0x08002d78       0x1c /opt/eclipse/arm_toolchain/gcc-arm-none-toochain-5-4-2016/bin/../lib/gcc/arm-none-eabi/5.4.1/../../../../arm-none-eabi/lib/armv7e-m/fpu/libg_nano.a(lib_a-vsnprintf.o)
                0x08002d78                vsnprintf
                0x08002d78                vsniprintf
 .text.__ssputs_r
                0x08002d94       0xb2 /opt/eclipse/arm_toolchain/gcc-arm-none-toochain-5-4-2016/bin/../lib/gcc/arm-none-eabi/5.4.1/../../../../arm-none-eabi/lib/armv7e-m/fpu/libg_nano.a(lib_a-nano-svfprintf.o)
                0x08002d94                __ssputs_r
 *fill*         0x08002e46        0x2 
 .text._svfprintf_r
                0x08002e48      0x1e8 /opt/eclipse/arm_toolchain/gcc-arm-none-toochain-5-4-2016/bin/../lib/gcc/arm-none-eabi/5.4.1/../../../../arm-none-eabi/lib/armv7e-m/fpu/libg_nano.a(lib_a-nano-svfprintf.o)
                0x08002e48                _svfprintf_r
                0x08002e48                _svfiprintf_r
 .text._printf_common
                0x08003030       0xec /opt/eclipse/arm_toolchain/gcc-arm-none-toochain-5-4-2016/bin/../lib/gcc/arm-none-eabi/5.4.1/../../../../arm-none-eabi/lib/armv7e-m/fpu/libg_nano.a(lib_a-nano-vfprintf_i.o)
                0x08003030                _printf_common
 .text._printf_i
                0x0800311c      0x24c /opt/eclipse/arm_toolchain/gcc-arm-none-toochain-5-4-2016/bin/../lib/gcc/arm-none-eabi/5.4.1/../../../../arm-none-eabi/lib/armv7e-m/fpu/libg_nano.a(lib_a-nano-vfprintf_i.o)
                0x0800311c                _printf_i
 *fill*         0x08003368        0x8 
 .text          0x08003370       0xa0 /opt/eclipse/arm_toolchain/gcc-arm-none-toochain-5-4-2016/bin/../lib/gcc/arm-none-eabi/5.4.1/../../../../arm-none-eabi/lib/armv7e-m/fpu/libg_nano.a(lib_a-memchr.o)
                0x08003370                memchr
 .text.memmove  0x08003410       0x36 /opt/eclipse/arm_toolchain/gcc-arm-none-toochain-5-4-2016/bin/../lib/gcc/arm-none-eabi/5.4.1/../../../../arm-none-eabi/lib/armv7e-m/fpu/libg_nano.a(lib_a-memmove.o)
                0x08003410                memmove
 *fill*         0x08003446        0x2 
 .text._free_r  0x08003448       0x9c /opt/eclipse/arm_toolchain/gcc-arm-none-toochain-5-4-2016/bin/../lib/gcc/arm-none-eabi/5.4.1/../../../../arm-none-eabi/lib/armv7e-m/fpu/libg_nano.a(lib_a-nano-freer.o)
                0x08003448                _free_r
 .text._malloc_r
                0x080034e4       0xbc /opt/eclipse/arm_toolchain/gcc-arm-none-toochain-5-4-2016/bin/../lib/gcc/arm-none-eabi/5.4.1/../../../../arm-none-eabi/lib/armv7e-m/fpu/libg_nano.a(lib_a-nano-mallocr.o)
                0x080034e4                _malloc_r
 .text._realloc_r
                0x080035a0       0x4c /opt/eclipse/arm_toolchain/gcc-arm-none-toochain-5-4-2016/bin/../lib/gcc/arm-none-eabi/5.4.1/../../../../arm-none-eabi/lib/armv7e-m/fpu/libg_nano.a(lib_a-nano-reallocr.o)
                0x080035a0                _realloc_r
 .text._sbrk_r  0x080035ec       0x20 /opt/eclipse/arm_toolchain/gcc-arm-none-toochain-5-4-2016/bin/../lib/gcc/arm-none-eabi/5.4.1/../../../../arm-none-eabi/lib/armv7e-m/fpu/libg_nano.a(lib_a-sbrkr.o)
                0x080035ec                _sbrk_r
 .text.__malloc_lock
                0x0800360c        0x2 /opt/eclipse/arm_toolchain/gcc-arm-none-toochain-5-4-2016/bin/../lib/gcc/arm-none-eabi/5.4.1/../../../../arm-none-eabi/lib/armv7e-m/fpu/libg_nano.a(lib_a-mlock.o)
                0x0800360c                __malloc_lock
 .text.__malloc_unlock
                0x0800360e        0x2 /opt/eclipse/arm_toolchain/gcc-arm-none-toochain-5-4-2016/bin/../lib/gcc/arm-none-eabi/5.4.1/../../../../arm-none-eabi/lib/armv7e-m/fpu/libg_nano.a(lib_a-mlock.o)
                0x0800360e                __malloc_unlock
 .text._malloc_usable_size_r
                0x08003610       0x14 /opt/eclipse/arm_toolchain/gcc-arm-none-toochain-5-4-2016/bin/../lib/gcc/arm-none-eabi/5.4.1/../../../../arm-none-eabi/lib/armv7e-m/fpu/libg_nano.a(lib_a-nano-msizer.o)
                0x08003610                _malloc_usable_size_r
 *(.rodata .rodata.* .constdata .constdata.*)
 .rodata.str1.4
                0x08003624       0x31 ./system/src/stm32f4-hal/stm32f4xx_hal_cortex.o
 *fill*         0x08003655        0x3 
 .rodata.APBAHBPrescTable
                0x08003658       0x10 ./system/src/stm32f4-hal/stm32f4xx_hal_rcc.o
                0x08003658                APBAHBPrescTable
 .rodata.str1.4
                0x08003668       0x2e ./system/src/stm32f4-hal/stm32f4xx_hal_rcc.o
 *fill*         0x08003696        0x2 
 .rodata.str1.4
                0x08003698       0x14 ./system/src/newlib/_exit.o
 .rodata.str1.4
                0x080036ac       0x6b ./system/src/newlib/assert.o
                                 0x6f (size before relaxing)
 *fill*         0x08003717        0x1 
 .rodata.str1.4
                0x08003718       0x29 ./system/src/diag/Trace.o
                                 0x2d (size before relaxing)
 *fill*         0x08003741        0x3 
 .rodata.str1.4
                0x08003744      0x146 ./system/src/cortexm/exception_handlers.o
 *fill*         0x0800388a        0x2 
 .rodata.AHBPrescTable
                0x0800388c       0x10 ./system/src/cmsis/system_stm32f4xx.o
                0x0800388c                AHBPrescTable
 .rodata.str1.4
                0x0800389c       0x77 ./src/main.o
 *fill*         0x08003913        0x1 
 .rodata.str1.4
                0x08003914        0x5 ./FreeRTOS_STM_NUCLEO/Source/tasks.o
 *fill*         0x08003919        0x3 
 .rodata.str1.4
                0x0800391c       0x10 ./FreeRTOS_STM_NUCLEO/Source/timers.o
 .rodata.str1.1
                0x0800392c       0x11 /opt/eclipse/arm_toolchain/gcc-arm-none-toochain-5-4-2016/bin/../lib/gcc/arm-none-eabi/5.4.1/../../../../arm-none-eabi/lib/armv7e-m/fpu/libg_nano.a(lib_a-nano-svfprintf.o)
 .rodata.str1.1
                0x0800393d       0x22 /opt/eclipse/arm_toolchain/gcc-arm-none-toochain-5-4-2016/bin/../lib/gcc/arm-none-eabi/5.4.1/../../../../arm-none-eabi/lib/armv7e-m/fpu/libg_nano.a(lib_a-nano-vfprintf_i.o)
 *(vtable)
 *(.eh_frame*)
 *(.glue_7)
 .glue_7        0x0800395f        0x0 linker stubs
 *(.glue_7t)
 .glue_7t       0x0800395f        0x0 linker stubs

.vfp11_veneer   0x08003960        0x0
 .vfp11_veneer  0x08003960        0x0 linker stubs

.v4_bx          0x08003960        0x0
 .v4_bx         0x08003960        0x0 linker stubs

.iplt           0x08003960        0x0
 .iplt          0x08003960        0x0 ./system/src/stm32f4-hal/stm32f4xx_hal.o

.rel.dyn        0x08003960        0x0
 .rel.iplt      0x08003960        0x0 ./system/src/stm32f4-hal/stm32f4xx_hal.o

.ARM.extab
 *(.ARM.extab* .gnu.linkonce.armextab.*)
                0x08003960                . = ALIGN (0x4)
                0x08003960                __exidx_start = .

.ARM.exidx
 *(.ARM.exidx* .gnu.linkonce.armexidx.*)
                0x08003960                __exidx_end = .
                0x08003960                . = ALIGN (0x4)
                0x08003960                _etext = .
                0x08003960                __etext = .

.data_CCMRAM    0x10000000        0x0 load address 0x08003960
 FILL mask 0xff
 *(.data.CCMRAM .data.CCMRAM.*)
                0x10000000                . = ALIGN (0x4)
                0x08003960                _sidata = LOADADDR (.data)

.data           0x20000000       0x7c load address 0x08003960
 FILL mask 0xff
                0x20000000                _sdata = .
                0x20000000                __data_start__ = .
 *(.data_begin .data_begin.*)
 .data_begin    0x20000000        0x4 ./system/src/newlib/_startup.o
 *(.data .data.*)
 .data.argv.4292
                0x20000004        0x8 ./system/src/newlib/_syscalls.o
 .data.SystemCoreClock
                0x2000000c        0x4 ./system/src/cmsis/system_stm32f4xx.o
                0x2000000c                SystemCoreClock
 .data.uxCriticalNesting
                0x20000010        0x4 ./FreeRTOS_STM_NUCLEO/Source/portable/GCC/ARM_CM4F/port.o
 .data.impure_data
                0x20000014       0x60 /opt/eclipse/arm_toolchain/gcc-arm-none-toochain-5-4-2016/bin/../lib/gcc/arm-none-eabi/5.4.1/../../../../arm-none-eabi/lib/armv7e-m/fpu/libg_nano.a(lib_a-impure.o)
 .data._impure_ptr
                0x20000074        0x4 /opt/eclipse/arm_toolchain/gcc-arm-none-toochain-5-4-2016/bin/../lib/gcc/arm-none-eabi/5.4.1/../../../../arm-none-eabi/lib/armv7e-m/fpu/libg_nano.a(lib_a-impure.o)
                0x20000074                _impure_ptr
 *(.data_end .data_end.*)
 .data_end      0x20000078        0x4 ./system/src/newlib/_startup.o
                0x2000007c                . = ALIGN (0x4)
                0x2000007c                _edata = .
                0x2000007c                __data_end__ = .

.igot.plt       0x2000007c        0x0 load address 0x080039dc
 .igot.plt      0x2000007c        0x0 ./system/src/stm32f4-hal/stm32f4xx_hal.o

.bss_CCMRAM     0x10000000        0x0
 *(.bss.CCMRAM .bss.CCMRAM.*)

.bss            0x2000007c     0xa244
                0x2000007c                __bss_start__ = .
                0x2000007c                _sbss = .
 *(.bss_begin .bss_begin.*)
 .bss_begin     0x2000007c        0x4 ./system/src/newlib/_startup.o
 *(.bss .bss.*)
 .bss.current_heap_end.3976
                0x20000080        0x4 ./system/src/newlib/_sbrk.o
 .bss.name.4291
                0x20000084        0x1 ./system/src/newlib/_syscalls.o
 *fill*         0x20000085        0x3 
 .bss.buf.5181  0x20000088       0x80 ./system/src/diag/Trace.o
 .bss.xSemaphore
                0x20000108        0x4 ./src/main.o
                0x20000108                xSemaphore
 .bss.xFreeBytesRemaining
                0x2000010c        0x4 ./FreeRTOS_STM_NUCLEO/Source/portable/MemMang/heap_4.o
 .bss.pxEnd     0x20000110        0x4 ./FreeRTOS_STM_NUCLEO/Source/portable/MemMang/heap_4.o
 .bss.xStart    0x20000114        0x8 ./FreeRTOS_STM_NUCLEO/Source/portable/MemMang/heap_4.o
 .bss.ucHeap    0x2000011c     0xa000 ./FreeRTOS_STM_NUCLEO/Source/portable/MemMang/heap_4.o
 .bss.xBlockAllocatedBit
                0x2000a11c        0x4 ./FreeRTOS_STM_NUCLEO/Source/portable/MemMang/heap_4.o
 .bss.xMinimumEverFreeBytesRemaining
                0x2000a120        0x4 ./FreeRTOS_STM_NUCLEO/Source/portable/MemMang/heap_4.o
 .bss.ucMaxSysCallPriority
                0x2000a124        0x1 ./FreeRTOS_STM_NUCLEO/Source/portable/GCC/ARM_CM4F/port.o
 *fill*         0x2000a125        0x3 
 .bss.ulMaxPRIGROUPValue
                0x2000a128        0x4 ./FreeRTOS_STM_NUCLEO/Source/portable/GCC/ARM_CM4F/port.o
 .bss.xNumOfOverflows
                0x2000a12c        0x4 ./FreeRTOS_STM_NUCLEO/Source/tasks.o
 .bss.pxDelayedTaskList
                0x2000a130        0x4 ./FreeRTOS_STM_NUCLEO/Source/tasks.o
 .bss.xSchedulerRunning
                0x2000a134        0x4 ./FreeRTOS_STM_NUCLEO/Source/tasks.o
 .bss.xTasksWaitingTermination
                0x2000a138       0x14 ./FreeRTOS_STM_NUCLEO/Source/tasks.o
 .bss.pxOverflowDelayedTaskList
                0x2000a14c        0x4 ./FreeRTOS_STM_NUCLEO/Source/tasks.o
 .bss.uxPendedTicks
                0x2000a150        0x4 ./FreeRTOS_STM_NUCLEO/Source/tasks.o
 .bss.pxReadyTasksLists
                0x2000a154       0x64 ./FreeRTOS_STM_NUCLEO/Source/tasks.o
 .bss.uxSchedulerSuspended
                0x2000a1b8        0x4 ./FreeRTOS_STM_NUCLEO/Source/tasks.o
 .bss.uxDeletedTasksWaitingCleanUp
                0x2000a1bc        0x4 ./FreeRTOS_STM_NUCLEO/Source/tasks.o
 .bss.uxCurrentNumberOfTasks
                0x2000a1c0        0x4 ./FreeRTOS_STM_NUCLEO/Source/tasks.o
 .bss.pxCurrentTCB
                0x2000a1c4        0x4 ./FreeRTOS_STM_NUCLEO/Source/tasks.o
                0x2000a1c4                pxCurrentTCB
 .bss.xPendingReadyList
                0x2000a1c8       0x14 ./FreeRTOS_STM_NUCLEO/Source/tasks.o
 .bss.xIdleTaskHandle
                0x2000a1dc        0x4 ./FreeRTOS_STM_NUCLEO/Source/tasks.o
 .bss.xTickCount
                0x2000a1e0        0x4 ./FreeRTOS_STM_NUCLEO/Source/tasks.o
 .bss.xNextTaskUnblockTime
                0x2000a1e4        0x4 ./FreeRTOS_STM_NUCLEO/Source/tasks.o
 .bss.uxTaskNumber
                0x2000a1e8        0x4 ./FreeRTOS_STM_NUCLEO/Source/tasks.o
 .bss.xDelayedTaskList1
                0x2000a1ec       0x14 ./FreeRTOS_STM_NUCLEO/Source/tasks.o
 .bss.xDelayedTaskList2
                0x2000a200       0x14 ./FreeRTOS_STM_NUCLEO/Source/tasks.o
 .bss.xSuspendedTaskList
                0x2000a214       0x14 ./FreeRTOS_STM_NUCLEO/Source/tasks.o
 .bss.uxTopReadyPriority
                0x2000a228        0x4 ./FreeRTOS_STM_NUCLEO/Source/tasks.o
 .bss.xYieldPending
                0x2000a22c        0x4 ./FreeRTOS_STM_NUCLEO/Source/tasks.o
 .bss.pxCurrentTimerList
                0x2000a230        0x4 ./FreeRTOS_STM_NUCLEO/Source/timers.o
 .bss.xActiveTimerList1
                0x2000a234       0x14 ./FreeRTOS_STM_NUCLEO/Source/timers.o
 .bss.xActiveTimerList2
                0x2000a248       0x14 ./FreeRTOS_STM_NUCLEO/Source/timers.o
 .bss.xLastTime.4959
                0x2000a25c        0x4 ./FreeRTOS_STM_NUCLEO/Source/timers.o
 .bss.xTimerQueue
                0x2000a260        0x4 ./FreeRTOS_STM_NUCLEO/Source/timers.o
 .bss.pxOverflowTimerList
                0x2000a264        0x4 ./FreeRTOS_STM_NUCLEO/Source/timers.o
 .bss.xTimerTaskHandle
                0x2000a268        0x4 ./FreeRTOS_STM_NUCLEO/Source/timers.o
 .bss.__malloc_sbrk_start
                0x2000a26c        0x4 /opt/eclipse/arm_toolchain/gcc-arm-none-toochain-5-4-2016/bin/../lib/gcc/arm-none-eabi/5.4.1/../../../../arm-none-eabi/lib/armv7e-m/fpu/libg_nano.a(lib_a-nano-mallocr.o)
                0x2000a26c                __malloc_sbrk_start
 .bss.__malloc_free_list
                0x2000a270        0x4 /opt/eclipse/arm_toolchain/gcc-arm-none-toochain-5-4-2016/bin/../lib/gcc/arm-none-eabi/5.4.1/../../../../arm-none-eabi/lib/armv7e-m/fpu/libg_nano.a(lib_a-nano-mallocr.o)
                0x2000a270                __malloc_free_list
 *(COMMON)
 COMMON         0x2000a274        0x4 ./system/src/stm32f4-hal/stm32f4xx_hal.o
                0x2000a274                uwTick
 COMMON         0x2000a278        0x4 ./system/src/newlib/_syscalls.o
                0x2000a278                errno
 COMMON         0x2000a27c       0x40 ./FreeRTOS_STM_NUCLEO/Source/queue.o
                0x2000a27c                xQueueRegistry
 *(.bss_end .bss_end.*)
 .bss_end       0x2000a2bc        0x4 ./system/src/newlib/_startup.o
                0x2000a2c0                . = ALIGN (0x4)
                0x2000a2c0                __bss_end__ = .
                0x2000a2c0                _ebss = .

.noinit_CCMRAM
 *(.noinit.CCMRAM .noinit.CCMRAM.*)

.noinit         0x2000a2c0        0x0
                0x2000a2c0                _noinit = .
 *(.noinit .noinit.*)
                0x2000a2c0                . = ALIGN (0x4)
                0x2000a2c0                _end_noinit = .
                [!provide]                PROVIDE (end, _end_noinit)
                [!provide]                PROVIDE (_end, _end_noinit)
                [!provide]                PROVIDE (__end, _end_noinit)
                [!provide]                PROVIDE (__end__, _end_noinit)

._check_stack   0x2000a2c0      0x100
                0x2000a3c0                . = (. + _Minimum_Stack_Size)
 *fill*         0x2000a2c0      0x100 

.b1text
 *(.b1text)
 *(.b1rodata)
 *(.b1rodata.*)

.eb0text
 *(.eb0text)
 *(.eb0rodata)
 *(.eb0rodata.*)

.eb1text
 *(.eb1text)
 *(.eb1rodata)
 *(.eb1rodata.*)

.eb2text
 *(.eb2text)
 *(.eb2rodata)
 *(.eb2rodata.*)

.eb3text
 *(.eb3text)
 *(.eb3rodata)
 *(.eb3rodata.*)

.stab
 *(.stab)

.stabstr
 *(.stabstr)

.stab.excl
 *(.stab.excl)

.stab.exclstr
 *(.stab.exclstr)

.stab.index
 *(.stab.index)

.stab.indexstr
 *(.stab.indexstr)

.comment        0x00000000       0x6e
 *(.comment)
 .comment       0x00000000       0x6e ./system/src/stm32f4-hal/stm32f4xx_hal.o
                                 0x6f (size before relaxing)
 .comment       0x0000006e       0x6f ./system/src/stm32f4-hal/stm32f4xx_hal_cortex.o
 .comment       0x0000006e       0x6f ./system/src/stm32f4-hal/stm32f4xx_hal_rcc.o
 .comment       0x0000006e       0x6f ./system/src/newlib/_exit.o
 .comment       0x0000006e       0x6f ./system/src/newlib/_sbrk.o
 .comment       0x0000006e       0x6f ./system/src/newlib/_startup.o
 .comment       0x0000006e       0x6f ./system/src/newlib/_syscalls.o
 .comment       0x0000006e       0x6f ./system/src/newlib/assert.o
 .comment       0x0000006e       0x6f ./system/src/diag/Trace.o
 .comment       0x0000006e       0x6f ./system/src/diag/trace_impl.o
 .comment       0x0000006e       0x6f ./system/src/cortexm/_initialize_hardware.o
 .comment       0x0000006e       0x6f ./system/src/cortexm/exception_handlers.o
 .comment       0x0000006e       0x6f ./system/src/cmsis/system_stm32f4xx.o
 .comment       0x0000006e       0x6f ./system/src/cmsis/vectors_stm32f446xx.o
 .comment       0x0000006e       0x6f ./src/_initialize_hardware.o
 .comment       0x0000006e       0x6f ./src/main.o
 .comment       0x0000006e       0x6f ./src/stm32f4xx_hal_msp.o
 .comment       0x0000006e       0x6f ./FreeRTOS_STM_NUCLEO/Source/portable/MemMang/heap_4.o
 .comment       0x0000006e       0x6f ./FreeRTOS_STM_NUCLEO/Source/portable/GCC/ARM_CM4F/port.o
 .comment       0x0000006e       0x6f ./FreeRTOS_STM_NUCLEO/Source/list.o
 .comment       0x0000006e       0x6f ./FreeRTOS_STM_NUCLEO/Source/queue.o
 .comment       0x0000006e       0x6f ./FreeRTOS_STM_NUCLEO/Source/tasks.o
 .comment       0x0000006e       0x6f ./FreeRTOS_STM_NUCLEO/Source/timers.o

.ARM.attributes
                0x00000000       0x37
 .ARM.attributes
                0x00000000       0x39 ./system/src/stm32f4-hal/stm32f4xx_hal.o
 .ARM.attributes
                0x00000039       0x39 ./system/src/stm32f4-hal/stm32f4xx_hal_cortex.o
 .ARM.attributes
                0x00000072       0x39 ./system/src/stm32f4-hal/stm32f4xx_hal_rcc.o
 .ARM.attributes
                0x000000ab       0x39 ./system/src/newlib/_exit.o
 .ARM.attributes
                0x000000e4       0x39 ./system/src/newlib/_sbrk.o
 .ARM.attributes
                0x0000011d       0x39 ./system/src/newlib/_startup.o
 .ARM.attributes
                0x00000156       0x39 ./system/src/newlib/_syscalls.o
 .ARM.attributes
                0x0000018f       0x39 ./system/src/newlib/assert.o
 .ARM.attributes
                0x000001c8       0x39 ./system/src/diag/Trace.o
 .ARM.attributes
                0x00000201       0x39 ./system/src/diag/trace_impl.o
 .ARM.attributes
                0x0000023a       0x39 ./system/src/cortexm/_initialize_hardware.o
 .ARM.attributes
                0x00000273       0x39 ./system/src/cortexm/exception_handlers.o
 .ARM.attributes
                0x000002ac       0x39 ./system/src/cmsis/system_stm32f4xx.o
 .ARM.attributes
                0x000002e5       0x39 ./system/src/cmsis/vectors_stm32f446xx.o
 .ARM.attributes
                0x0000031e       0x39 ./src/_initialize_hardware.o
 .ARM.attributes
                0x00000357       0x39 ./src/main.o
 .ARM.attributes
                0x00000390       0x39 ./src/stm32f4xx_hal_msp.o
 .ARM.attributes
                0x000003c9       0x39 ./FreeRTOS_STM_NUCLEO/Source/portable/MemMang/heap_4.o
 .ARM.attributes
                0x00000402       0x39 ./FreeRTOS_STM_NUCLEO/Source/portable/GCC/ARM_CM4F/port.o
 .ARM.attributes
                0x0000043b       0x39 ./FreeRTOS_STM_NUCLEO/Source/list.o
 .ARM.attributes
                0x00000474       0x39 ./FreeRTOS_STM_NUCLEO/Source/queue.o
 .ARM.attributes
                0x000004ad       0x39 ./FreeRTOS_STM_NUCLEO/Source/tasks.o
 .ARM.attributes
                0x000004e6       0x39 ./FreeRTOS_STM_NUCLEO/Source/timers.o
 .ARM.attributes
                0x0000051f       0x34 /opt/eclipse/arm_toolchain/gcc-arm-none-toochain-5-4-2016/bin/../lib/gcc/arm-none-eabi/5.4.1/../../../../arm-none-eabi/lib/armv7e-m/fpu/libg_nano.a(lib_a-errno.o)
 .ARM.attributes
                0x00000553       0x34 /opt/eclipse/arm_toolchain/gcc-arm-none-toochain-5-4-2016/bin/../lib/gcc/arm-none-eabi/5.4.1/../../../../arm-none-eabi/lib/armv7e-m/fpu/libg_nano.a(lib_a-impure.o)
 .ARM.attributes
                0x00000587       0x34 /opt/eclipse/arm_toolchain/gcc-arm-none-toochain-5-4-2016/bin/../lib/gcc/arm-none-eabi/5.4.1/../../../../arm-none-eabi/lib/armv7e-m/fpu/libg_nano.a(lib_a-memcpy-stub.o)
 .ARM.attributes
                0x000005bb       0x34 /opt/eclipse/arm_toolchain/gcc-arm-none-toochain-5-4-2016/bin/../lib/gcc/arm-none-eabi/5.4.1/../../../../arm-none-eabi/lib/armv7e-m/fpu/libg_nano.a(lib_a-memset.o)
 .ARM.attributes
                0x000005ef       0x1b /opt/eclipse/arm_toolchain/gcc-arm-none-toochain-5-4-2016/bin/../lib/gcc/arm-none-eabi/5.4.1/../../../../arm-none-eabi/lib/armv7e-m/fpu/libg_nano.a(lib_a-strlen.o)
 .ARM.attributes
                0x0000060a       0x34 /opt/eclipse/arm_toolchain/gcc-arm-none-toochain-5-4-2016/bin/../lib/gcc/arm-none-eabi/5.4.1/../../../../arm-none-eabi/lib/armv7e-m/fpu/libg_nano.a(lib_a-vsnprintf.o)
 .ARM.attributes
                0x0000063e       0x34 /opt/eclipse/arm_toolchain/gcc-arm-none-toochain-5-4-2016/bin/../lib/gcc/arm-none-eabi/5.4.1/../../../../arm-none-eabi/lib/armv7e-m/fpu/libg_nano.a(lib_a-nano-svfprintf.o)
 .ARM.attributes
                0x00000672       0x34 /opt/eclipse/arm_toolchain/gcc-arm-none-toochain-5-4-2016/bin/../lib/gcc/arm-none-eabi/5.4.1/../../../../arm-none-eabi/lib/armv7e-m/fpu/libg_nano.a(lib_a-nano-vfprintf_i.o)
 .ARM.attributes
                0x000006a6       0x20 /opt/eclipse/arm_toolchain/gcc-arm-none-toochain-5-4-2016/bin/../lib/gcc/arm-none-eabi/5.4.1/../../../../arm-none-eabi/lib/armv7e-m/fpu/libg_nano.a(lib_a-memchr.o)
 .ARM.attributes
                0x000006c6       0x34 /opt/eclipse/arm_toolchain/gcc-arm-none-toochain-5-4-2016/bin/../lib/gcc/arm-none-eabi/5.4.1/../../../../arm-none-eabi/lib/armv7e-m/fpu/libg_nano.a(lib_a-memmove.o)
 .ARM.attributes
                0x000006fa       0x34 /opt/eclipse/arm_toolchain/gcc-arm-none-toochain-5-4-2016/bin/../lib/gcc/arm-none-eabi/5.4.1/../../../../arm-none-eabi/lib/armv7e-m/fpu/libg_nano.a(lib_a-nano-freer.o)
 .ARM.attributes
                0x0000072e       0x34 /opt/eclipse/arm_toolchain/gcc-arm-none-toochain-5-4-2016/bin/../lib/gcc/arm-none-eabi/5.4.1/../../../../arm-none-eabi/lib/armv7e-m/fpu/libg_nano.a(lib_a-nano-mallocr.o)
 .ARM.attributes
                0x00000762       0x34 /opt/eclipse/arm_toolchain/gcc-arm-none-toochain-5-4-2016/bin/../lib/gcc/arm-none-eabi/5.4.1/../../../../arm-none-eabi/lib/armv7e-m/fpu/libg_nano.a(lib_a-nano-reallocr.o)
 .ARM.attributes
                0x00000796       0x34 /opt/eclipse/arm_toolchain/gcc-arm-none-toochain-5-4-2016/bin/../lib/gcc/arm-none-eabi/5.4.1/../../../../arm-none-eabi/lib/armv7e-m/fpu/libg_nano.a(lib_a-sbrkr.o)
 .ARM.attributes
                0x000007ca       0x34 /opt/eclipse/arm_toolchain/gcc-arm-none-toochain-5-4-2016/bin/../lib/gcc/arm-none-eabi/5.4.1/../../../../arm-none-eabi/lib/armv7e-m/fpu/libg_nano.a(lib_a-mlock.o)
 .ARM.attributes
                0x000007fe       0x34 /opt/eclipse/arm_toolchain/gcc-arm-none-toochain-5-4-2016/bin/../lib/gcc/arm-none-eabi/5.4.1/../../../../arm-none-eabi/lib/armv7e-m/fpu/libg_nano.a(lib_a-nano-msizer.o)

.debug
 *(.debug)

.line
 *(.line)

.debug_srcinfo
 *(.debug_srcinfo)

.debug_sfnames
 *(.debug_sfnames)

.debug_aranges  0x00000000      0x988
 *(.debug_aranges)
 .debug_aranges
                0x00000000       0xc0 ./system/src/stm32f4-hal/stm32f4xx_hal.o
 .debug_aranges
                0x000000c0       0x98 ./system/src/stm32f4-hal/stm32f4xx_hal_cortex.o
 .debug_aranges
                0x00000158       0x88 ./system/src/stm32f4-hal/stm32f4xx_hal_rcc.o
 .debug_aranges
                0x000001e0       0x28 ./system/src/newlib/_exit.o
 .debug_aranges
                0x00000208       0x20 ./system/src/newlib/_sbrk.o
 .debug_aranges
                0x00000228       0x40 ./system/src/newlib/_startup.o
 .debug_aranges
                0x00000268       0x30 ./system/src/newlib/_syscalls.o
 .debug_aranges
                0x00000298       0x28 ./system/src/newlib/assert.o
 .debug_aranges
                0x000002c0       0x38 ./system/src/diag/Trace.o
 .debug_aranges
                0x000002f8       0x30 ./system/src/diag/trace_impl.o
 .debug_aranges
                0x00000328       0x28 ./system/src/cortexm/_initialize_hardware.o
 .debug_aranges
                0x00000350       0x80 ./system/src/cortexm/exception_handlers.o
 .debug_aranges
                0x000003d0       0x28 ./system/src/cmsis/system_stm32f4xx.o
 .debug_aranges
                0x000003f8       0x20 ./system/src/cmsis/vectors_stm32f446xx.o
 .debug_aranges
                0x00000418       0x28 ./src/_initialize_hardware.o
 .debug_aranges
                0x00000440       0x58 ./src/main.o
 .debug_aranges
                0x00000498       0x38 ./src/stm32f4xx_hal_msp.o
 .debug_aranges
                0x000004d0       0x50 ./FreeRTOS_STM_NUCLEO/Source/portable/MemMang/heap_4.o
 .debug_aranges
                0x00000520       0x80 ./FreeRTOS_STM_NUCLEO/Source/portable/GCC/ARM_CM4F/port.o
 .debug_aranges
                0x000005a0       0x40 ./FreeRTOS_STM_NUCLEO/Source/list.o
 .debug_aranges
                0x000005e0      0x118 ./FreeRTOS_STM_NUCLEO/Source/queue.o
 .debug_aranges
                0x000006f8      0x1d8 ./FreeRTOS_STM_NUCLEO/Source/tasks.o
 .debug_aranges
                0x000008d0       0xb8 ./FreeRTOS_STM_NUCLEO/Source/timers.o

.debug_pubnames
 *(.debug_pubnames)

.debug_info     0x00000000     0xb766
 *(.debug_info .gnu.linkonce.wi.*)
 .debug_info    0x00000000      0x92b ./system/src/stm32f4-hal/stm32f4xx_hal.o
 .debug_info    0x0000092b     0x1112 ./system/src/stm32f4-hal/stm32f4xx_hal_cortex.o
 .debug_info    0x00001a3d      0xf7d ./system/src/stm32f4-hal/stm32f4xx_hal_rcc.o
 .debug_info    0x000029ba       0xef ./system/src/newlib/_exit.o
 .debug_info    0x00002aa9      0x11f ./system/src/newlib/_sbrk.o
 .debug_info    0x00002bc8      0x4ef ./system/src/newlib/_startup.o
 .debug_info    0x000030b7      0x1c7 ./system/src/newlib/_syscalls.o
 .debug_info    0x0000327e      0x1a3 ./system/src/newlib/assert.o
 .debug_info    0x00003421      0x2e7 ./system/src/diag/Trace.o
 .debug_info    0x00003708      0x30a ./system/src/diag/trace_impl.o
 .debug_info    0x00003a12      0x2bf ./system/src/cortexm/_initialize_hardware.o
 .debug_info    0x00003cd1      0x8d0 ./system/src/cortexm/exception_handlers.o
 .debug_info    0x000045a1      0x4ed ./system/src/cmsis/system_stm32f4xx.o
 .debug_info    0x00004a8e       0xd1 ./system/src/cmsis/vectors_stm32f446xx.o
 .debug_info    0x00004b5f      0x52b ./src/_initialize_hardware.o
 .debug_info    0x0000508a      0x725 ./src/main.o
 .debug_info    0x000057af       0xe5 ./src/stm32f4xx_hal_msp.o
 .debug_info    0x00005894      0x45e ./FreeRTOS_STM_NUCLEO/Source/portable/MemMang/heap_4.o
 .debug_info    0x00005cf2      0x51e ./FreeRTOS_STM_NUCLEO/Source/portable/GCC/ARM_CM4F/port.o
 .debug_info    0x00006210      0x29a ./FreeRTOS_STM_NUCLEO/Source/list.o
 .debug_info    0x000064aa     0x1a70 ./FreeRTOS_STM_NUCLEO/Source/queue.o
 .debug_info    0x00007f1a     0x27fb ./FreeRTOS_STM_NUCLEO/Source/tasks.o
 .debug_info    0x0000a715     0x1051 ./FreeRTOS_STM_NUCLEO/Source/timers.o

.debug_abbrev   0x00000000     0x2553
 *(.debug_abbrev)
 .debug_abbrev  0x00000000      0x235 ./system/src/stm32f4-hal/stm32f4xx_hal.o
 .debug_abbrev  0x00000235      0x324 ./system/src/stm32f4-hal/stm32f4xx_hal_cortex.o
 .debug_abbrev  0x00000559      0x2d2 ./system/src/stm32f4-hal/stm32f4xx_hal_rcc.o
 .debug_abbrev  0x0000082b       0x8e ./system/src/newlib/_exit.o
 .debug_abbrev  0x000008b9       0xb9 ./system/src/newlib/_sbrk.o
 .debug_abbrev  0x00000972      0x1d4 ./system/src/newlib/_startup.o
 .debug_abbrev  0x00000b46       0xec ./system/src/newlib/_syscalls.o
 .debug_abbrev  0x00000c32       0xab ./system/src/newlib/assert.o
 .debug_abbrev  0x00000cdd      0x156 ./system/src/diag/Trace.o
 .debug_abbrev  0x00000e33      0x1c8 ./system/src/diag/trace_impl.o
 .debug_abbrev  0x00000ffb       0xea ./system/src/cortexm/_initialize_hardware.o
 .debug_abbrev  0x000010e5      0x247 ./system/src/cortexm/exception_handlers.o
 .debug_abbrev  0x0000132c      0x104 ./system/src/cmsis/system_stm32f4xx.o
 .debug_abbrev  0x00001430       0x9d ./system/src/cmsis/vectors_stm32f446xx.o
 .debug_abbrev  0x000014cd      0x14c ./src/_initialize_hardware.o
 .debug_abbrev  0x00001619      0x1f6 ./src/main.o
 .debug_abbrev  0x0000180f       0x6a ./src/stm32f4xx_hal_msp.o
 .debug_abbrev  0x00001879      0x21a ./FreeRTOS_STM_NUCLEO/Source/portable/MemMang/heap_4.o
 .debug_abbrev  0x00001a93      0x21c ./FreeRTOS_STM_NUCLEO/Source/portable/GCC/ARM_CM4F/port.o
 .debug_abbrev  0x00001caf       0xdf ./FreeRTOS_STM_NUCLEO/Source/list.o
 .debug_abbrev  0x00001d8e      0x28a ./FreeRTOS_STM_NUCLEO/Source/queue.o
 .debug_abbrev  0x00002018      0x312 ./FreeRTOS_STM_NUCLEO/Source/tasks.o
 .debug_abbrev  0x0000232a      0x229 ./FreeRTOS_STM_NUCLEO/Source/timers.o

.debug_line     0x00000000     0xba13
 *(.debug_line)
 .debug_line    0x00000000      0xbf4 ./system/src/stm32f4-hal/stm32f4xx_hal.o
 .debug_line    0x00000bf4      0xcd7 ./system/src/stm32f4-hal/stm32f4xx_hal_cortex.o
 .debug_line    0x000018cb      0xea6 ./system/src/stm32f4-hal/stm32f4xx_hal_rcc.o
 .debug_line    0x00002771      0x340 ./system/src/newlib/_exit.o
 .debug_line    0x00002ab1      0x2f2 ./system/src/newlib/_sbrk.o
 .debug_line    0x00002da3      0x3ba ./system/src/newlib/_startup.o
 .debug_line    0x0000315d      0x40e ./system/src/newlib/_syscalls.o
 .debug_line    0x0000356b      0x37b ./system/src/newlib/assert.o
 .debug_line    0x000038e6      0x3ac ./system/src/diag/Trace.o
 .debug_line    0x00003c92      0xb2f ./system/src/diag/trace_impl.o
 .debug_line    0x000047c1      0xa9b ./system/src/cortexm/_initialize_hardware.o
 .debug_line    0x0000525c      0xbc7 ./system/src/cortexm/exception_handlers.o
 .debug_line    0x00005e23      0xa99 ./system/src/cmsis/system_stm32f4xx.o
 .debug_line    0x000068bc      0x106 ./system/src/cmsis/vectors_stm32f446xx.o
 .debug_line    0x000069c2      0xa91 ./src/_initialize_hardware.o
 .debug_line    0x00007453      0xcde ./src/main.o
 .debug_line    0x00008131      0xa92 ./src/stm32f4xx_hal_msp.o
 .debug_line    0x00008bc3      0x51f ./FreeRTOS_STM_NUCLEO/Source/portable/MemMang/heap_4.o
 .debug_line    0x000090e2      0x3ed ./FreeRTOS_STM_NUCLEO/Source/portable/GCC/ARM_CM4F/port.o
 .debug_line    0x000094cf      0x44a ./FreeRTOS_STM_NUCLEO/Source/list.o
 .debug_line    0x00009919      0xaeb ./FreeRTOS_STM_NUCLEO/Source/queue.o
 .debug_line    0x0000a404      0xf13 ./FreeRTOS_STM_NUCLEO/Source/tasks.o
 .debug_line    0x0000b317      0x6fc ./FreeRTOS_STM_NUCLEO/Source/timers.o

.debug_frame    0x00000000     0x19b8
 *(.debug_frame)
 .debug_frame   0x00000000      0x188 ./system/src/stm32f4-hal/stm32f4xx_hal.o
 .debug_frame   0x00000188      0x17c ./system/src/stm32f4-hal/stm32f4xx_hal_cortex.o
 .debug_frame   0x00000304      0x150 ./system/src/stm32f4-hal/stm32f4xx_hal_rcc.o
 .debug_frame   0x00000454       0x38 ./system/src/newlib/_exit.o
 .debug_frame   0x0000048c       0x28 ./system/src/newlib/_sbrk.o
 .debug_frame   0x000004b4       0x7c ./system/src/newlib/_startup.o
 .debug_frame   0x00000530       0x50 ./system/src/newlib/_syscalls.o
 .debug_frame   0x00000580       0x40 ./system/src/newlib/assert.o
 .debug_frame   0x000005c0       0x94 ./system/src/diag/Trace.o
 .debug_frame   0x00000654       0x60 ./system/src/diag/trace_impl.o
 .debug_frame   0x000006b4       0x40 ./system/src/cortexm/_initialize_hardware.o
 .debug_frame   0x000006f4      0x138 ./system/src/cortexm/exception_handlers.o
 .debug_frame   0x0000082c       0x30 ./system/src/cmsis/system_stm32f4xx.o
 .debug_frame   0x0000085c       0x20 ./system/src/cmsis/vectors_stm32f446xx.o
 .debug_frame   0x0000087c       0x48 ./src/_initialize_hardware.o
 .debug_frame   0x000008c4       0xb0 ./src/main.o
 .debug_frame   0x00000974       0x50 ./src/stm32f4xx_hal_msp.o
 .debug_frame   0x000009c4       0xac ./FreeRTOS_STM_NUCLEO/Source/portable/MemMang/heap_4.o
 .debug_frame   0x00000a70       0xf0 ./FreeRTOS_STM_NUCLEO/Source/portable/GCC/ARM_CM4F/port.o
 .debug_frame   0x00000b60       0x6c ./FreeRTOS_STM_NUCLEO/Source/list.o
 .debug_frame   0x00000bcc      0x338 ./FreeRTOS_STM_NUCLEO/Source/queue.o
 .debug_frame   0x00000f04      0x5ac ./FreeRTOS_STM_NUCLEO/Source/tasks.o
 .debug_frame   0x000014b0      0x224 ./FreeRTOS_STM_NUCLEO/Source/timers.o
 .debug_frame   0x000016d4       0x20 /opt/eclipse/arm_toolchain/gcc-arm-none-toochain-5-4-2016/bin/../lib/gcc/arm-none-eabi/5.4.1/../../../../arm-none-eabi/lib/armv7e-m/fpu/libg_nano.a(lib_a-errno.o)
 .debug_frame   0x000016f4       0x28 /opt/eclipse/arm_toolchain/gcc-arm-none-toochain-5-4-2016/bin/../lib/gcc/arm-none-eabi/5.4.1/../../../../arm-none-eabi/lib/armv7e-m/fpu/libg_nano.a(lib_a-memcpy-stub.o)
 .debug_frame   0x0000171c       0x20 /opt/eclipse/arm_toolchain/gcc-arm-none-toochain-5-4-2016/bin/../lib/gcc/arm-none-eabi/5.4.1/../../../../arm-none-eabi/lib/armv7e-m/fpu/libg_nano.a(lib_a-memset.o)
 .debug_frame   0x0000173c       0x48 /opt/eclipse/arm_toolchain/gcc-arm-none-toochain-5-4-2016/bin/../lib/gcc/arm-none-eabi/5.4.1/../../../../arm-none-eabi/lib/armv7e-m/fpu/libg_nano.a(lib_a-vsnprintf.o)
 .debug_frame   0x00001784       0x90 /opt/eclipse/arm_toolchain/gcc-arm-none-toochain-5-4-2016/bin/../lib/gcc/arm-none-eabi/5.4.1/../../../../arm-none-eabi/lib/armv7e-m/fpu/libg_nano.a(lib_a-nano-svfprintf.o)
 .debug_frame   0x00001814       0x60 /opt/eclipse/arm_toolchain/gcc-arm-none-toochain-5-4-2016/bin/../lib/gcc/arm-none-eabi/5.4.1/../../../../arm-none-eabi/lib/armv7e-m/fpu/libg_nano.a(lib_a-nano-vfprintf_i.o)
 .debug_frame   0x00001874       0x28 /opt/eclipse/arm_toolchain/gcc-arm-none-toochain-5-4-2016/bin/../lib/gcc/arm-none-eabi/5.4.1/../../../../arm-none-eabi/lib/armv7e-m/fpu/libg_nano.a(lib_a-memmove.o)
 .debug_frame   0x0000189c       0x38 /opt/eclipse/arm_toolchain/gcc-arm-none-toochain-5-4-2016/bin/../lib/gcc/arm-none-eabi/5.4.1/../../../../arm-none-eabi/lib/armv7e-m/fpu/libg_nano.a(lib_a-nano-freer.o)
 .debug_frame   0x000018d4       0x2c /opt/eclipse/arm_toolchain/gcc-arm-none-toochain-5-4-2016/bin/../lib/gcc/arm-none-eabi/5.4.1/../../../../arm-none-eabi/lib/armv7e-m/fpu/libg_nano.a(lib_a-nano-mallocr.o)
 .debug_frame   0x00001900       0x3c /opt/eclipse/arm_toolchain/gcc-arm-none-toochain-5-4-2016/bin/../lib/gcc/arm-none-eabi/5.4.1/../../../../arm-none-eabi/lib/armv7e-m/fpu/libg_nano.a(lib_a-nano-reallocr.o)
 .debug_frame   0x0000193c       0x2c /opt/eclipse/arm_toolchain/gcc-arm-none-toochain-5-4-2016/bin/../lib/gcc/arm-none-eabi/5.4.1/../../../../arm-none-eabi/lib/armv7e-m/fpu/libg_nano.a(lib_a-sbrkr.o)
 .debug_frame   0x00001968       0x30 /opt/eclipse/arm_toolchain/gcc-arm-none-toochain-5-4-2016/bin/../lib/gcc/arm-none-eabi/5.4.1/../../../../arm-none-eabi/lib/armv7e-m/fpu/libg_nano.a(lib_a-mlock.o)
 .debug_frame   0x00001998       0x20 /opt/eclipse/arm_toolchain/gcc-arm-none-toochain-5-4-2016/bin/../lib/gcc/arm-none-eabi/5.4.1/../../../../arm-none-eabi/lib/armv7e-m/fpu/libg_nano.a(lib_a-nano-msizer.o)

.debug_str      0x00000000    0xa4c2c
 *(.debug_str)
 .debug_str     0x00000000    0x99e52 ./system/src/stm32f4-hal/stm32f4xx_hal.o
                              0x9a46f (size before relaxing)
 .debug_str     0x00099e52      0x384 ./system/src/stm32f4-hal/stm32f4xx_hal_cortex.o
                              0x9a2b6 (size before relaxing)
 .debug_str     0x0009a1d6      0x405 ./system/src/stm32f4-hal/stm32f4xx_hal_rcc.o
                              0x99e53 (size before relaxing)
 .debug_str     0x0009a5db     0x10b6 ./system/src/newlib/_exit.o
                               0x6f01 (size before relaxing)
 .debug_str     0x0009b691      0x35e ./system/src/newlib/_sbrk.o
                               0x62ec (size before relaxing)
 .debug_str     0x0009b9ef      0x2cc ./system/src/newlib/_startup.o
                               0x5f07 (size before relaxing)
 .debug_str     0x0009bcbb      0xe18 ./system/src/newlib/_syscalls.o
                               0x714c (size before relaxing)
 .debug_str     0x0009cad3       0xd5 ./system/src/newlib/assert.o
                               0x7a06 (size before relaxing)
 .debug_str     0x0009cba8      0x169 ./system/src/diag/Trace.o
                               0x76f1 (size before relaxing)
 .debug_str     0x0009cd11      0x37b ./system/src/diag/trace_impl.o
                              0x9ab59 (size before relaxing)
 .debug_str     0x0009d08c       0x5e ./system/src/cortexm/_initialize_hardware.o
                              0x9993a (size before relaxing)
 .debug_str     0x0009d0ea      0x172 ./system/src/cortexm/exception_handlers.o
                              0x9acc7 (size before relaxing)
 .debug_str     0x0009d25c       0x46 ./system/src/cmsis/system_stm32f4xx.o
                              0x99a3e (size before relaxing)
 .debug_str     0x0009d2a2       0x59 ./system/src/cmsis/vectors_stm32f446xx.o
                               0x30be (size before relaxing)
 .debug_str     0x0009d2fb       0x31 ./src/_initialize_hardware.o
                              0x99b49 (size before relaxing)
 .debug_str     0x0009d32c     0x4618 ./src/main.o
                              0x9f095 (size before relaxing)
 .debug_str     0x000a1944       0x3d ./src/stm32f4xx_hal_msp.o
                              0x99879 (size before relaxing)
 .debug_str     0x000a1981      0x2df ./FreeRTOS_STM_NUCLEO/Source/portable/MemMang/heap_4.o
                               0x96c4 (size before relaxing)
 .debug_str     0x000a1c60      0x8ae ./FreeRTOS_STM_NUCLEO/Source/portable/GCC/ARM_CM4F/port.o
                               0x725f (size before relaxing)
 .debug_str     0x000a250e      0x130 ./FreeRTOS_STM_NUCLEO/Source/list.o
                               0x8f71 (size before relaxing)
 .debug_str     0x000a263e      0x864 ./FreeRTOS_STM_NUCLEO/Source/queue.o
                               0xa6c9 (size before relaxing)
 .debug_str     0x000a2ea2     0x1982 ./FreeRTOS_STM_NUCLEO/Source/tasks.o
                               0xb282 (size before relaxing)
 .debug_str     0x000a4824      0x408 ./FreeRTOS_STM_NUCLEO/Source/timers.o
                               0xaacc (size before relaxing)

.debug_loc      0x00000000     0x4c6e
 *(.debug_loc)
 .debug_loc     0x00000000       0x92 ./system/src/stm32f4-hal/stm32f4xx_hal.o
 .debug_loc     0x00000092      0x580 ./system/src/stm32f4-hal/stm32f4xx_hal_cortex.o
 .debug_loc     0x00000612      0x57a ./system/src/stm32f4-hal/stm32f4xx_hal_rcc.o
 .debug_loc     0x00000b8c       0x82 ./system/src/newlib/_sbrk.o
 .debug_loc     0x00000c0e      0x36e ./system/src/newlib/_startup.o
 .debug_loc     0x00000f7c       0x63 ./system/src/newlib/_syscalls.o
 .debug_loc     0x00000fdf      0x110 ./system/src/newlib/assert.o
 .debug_loc     0x000010ef      0x102 ./system/src/diag/Trace.o
 .debug_loc     0x000011f1      0x17c ./system/src/diag/trace_impl.o
 .debug_loc     0x0000136d      0x2a8 ./system/src/cortexm/exception_handlers.o
 .debug_loc     0x00001615      0x132 ./system/src/cmsis/system_stm32f4xx.o
 .debug_loc     0x00001747       0x42 ./src/main.o
 .debug_loc     0x00001789      0x2b7 ./FreeRTOS_STM_NUCLEO/Source/portable/MemMang/heap_4.o
 .debug_loc     0x00001a40       0xdc ./FreeRTOS_STM_NUCLEO/Source/portable/GCC/ARM_CM4F/port.o
 .debug_loc     0x00001b1c       0x65 ./FreeRTOS_STM_NUCLEO/Source/list.o
 .debug_loc     0x00001b81      0xf9a ./FreeRTOS_STM_NUCLEO/Source/queue.o
 .debug_loc     0x00002b1b     0x17a6 ./FreeRTOS_STM_NUCLEO/Source/tasks.o
 .debug_loc     0x000042c1      0x9ad ./FreeRTOS_STM_NUCLEO/Source/timers.o

.debug_macinfo
 *(.debug_macinfo)

.debug_weaknames
 *(.debug_weaknames)

.debug_funcnames
 *(.debug_funcnames)

.debug_typenames
 *(.debug_typenames)

.debug_varnames
 *(.debug_varnames)
OUTPUT(RTOS1.elf elf32-littlearm)

.debug_ranges   0x00000000      0x8e8
 .debug_ranges  0x00000000       0xb0 ./system/src/stm32f4-hal/stm32f4xx_hal.o
 .debug_ranges  0x000000b0       0x88 ./system/src/stm32f4-hal/stm32f4xx_hal_cortex.o
 .debug_ranges  0x00000138       0x78 ./system/src/stm32f4-hal/stm32f4xx_hal_rcc.o
 .debug_ranges  0x000001b0       0x18 ./system/src/newlib/_exit.o
 .debug_ranges  0x000001c8       0x10 ./system/src/newlib/_sbrk.o
 .debug_ranges  0x000001d8       0x30 ./system/src/newlib/_startup.o
 .debug_ranges  0x00000208       0x20 ./system/src/newlib/_syscalls.o
 .debug_ranges  0x00000228       0x18 ./system/src/newlib/assert.o
 .debug_ranges  0x00000240       0x28 ./system/src/diag/Trace.o
 .debug_ranges  0x00000268       0x38 ./system/src/diag/trace_impl.o
 .debug_ranges  0x000002a0       0x18 ./system/src/cortexm/_initialize_hardware.o
 .debug_ranges  0x000002b8       0x88 ./system/src/cortexm/exception_handlers.o
 .debug_ranges  0x00000340       0x18 ./system/src/cmsis/system_stm32f4xx.o
 .debug_ranges  0x00000358       0x10 ./system/src/cmsis/vectors_stm32f446xx.o
 .debug_ranges  0x00000368       0x18 ./src/_initialize_hardware.o
 .debug_ranges  0x00000380       0x48 ./src/main.o
 .debug_ranges  0x000003c8       0x28 ./src/stm32f4xx_hal_msp.o
 .debug_ranges  0x000003f0       0x40 ./FreeRTOS_STM_NUCLEO/Source/portable/MemMang/heap_4.o
 .debug_ranges  0x00000430       0x70 ./FreeRTOS_STM_NUCLEO/Source/portable/GCC/ARM_CM4F/port.o
 .debug_ranges  0x000004a0       0x30 ./FreeRTOS_STM_NUCLEO/Source/list.o
 .debug_ranges  0x000004d0      0x150 ./FreeRTOS_STM_NUCLEO/Source/queue.o
 .debug_ranges  0x00000620      0x220 ./FreeRTOS_STM_NUCLEO/Source/tasks.o
 .debug_ranges  0x00000840       0xa8 ./FreeRTOS_STM_NUCLEO/Source/timers.o

.debug_macro    0x00000000    0x1d2f3
 .debug_macro   0x00000000      0x55b ./system/src/stm32f4-hal/stm32f4xx_hal.o
 .debug_macro   0x0000055b      0x8a4 ./system/src/stm32f4-hal/stm32f4xx_hal.o
 .debug_macro   0x00000dff      0x289 ./system/src/stm32f4-hal/stm32f4xx_hal.o
 .debug_macro   0x00001088       0x31 ./system/src/stm32f4-hal/stm32f4xx_hal.o
 .debug_macro   0x000010b9       0x28 ./system/src/stm32f4-hal/stm32f4xx_hal.o
 .debug_macro   0x000010e1      0x34e ./system/src/stm32f4-hal/stm32f4xx_hal.o
 .debug_macro   0x0000142f       0x35 ./system/src/stm32f4-hal/stm32f4xx_hal.o
 .debug_macro   0x00001464       0x50 ./system/src/stm32f4-hal/stm32f4xx_hal.o
 .debug_macro   0x000014b4      0xe66 ./system/src/stm32f4-hal/stm32f4xx_hal.o
 .debug_macro   0x0000231a     0x97db ./system/src/stm32f4-hal/stm32f4xx_hal.o
 .debug_macro   0x0000baf5       0x43 ./system/src/stm32f4-hal/stm32f4xx_hal.o
 .debug_macro   0x0000bb38     0x347f ./system/src/stm32f4-hal/stm32f4xx_hal.o
 .debug_macro   0x0000efb7       0x22 ./system/src/stm32f4-hal/stm32f4xx_hal.o
 .debug_macro   0x0000efd9       0x4c ./system/src/stm32f4-hal/stm32f4xx_hal.o
 .debug_macro   0x0000f025       0x8d ./system/src/stm32f4-hal/stm32f4xx_hal.o
 .debug_macro   0x0000f0b2       0x35 ./system/src/stm32f4-hal/stm32f4xx_hal.o
 .debug_macro   0x0000f0e7       0x9c ./system/src/stm32f4-hal/stm32f4xx_hal.o
 .debug_macro   0x0000f183       0x16 ./system/src/stm32f4-hal/stm32f4xx_hal.o
 .debug_macro   0x0000f199       0x4a ./system/src/stm32f4-hal/stm32f4xx_hal.o
 .debug_macro   0x0000f1e3       0x97 ./system/src/stm32f4-hal/stm32f4xx_hal.o
 .debug_macro   0x0000f27a      0x30d ./system/src/stm32f4-hal/stm32f4xx_hal.o
 .debug_macro   0x0000f587       0xfd ./system/src/stm32f4-hal/stm32f4xx_hal.o
 .debug_macro   0x0000f684       0x10 ./system/src/stm32f4-hal/stm32f4xx_hal.o
 .debug_macro   0x0000f694       0x52 ./system/src/stm32f4-hal/stm32f4xx_hal.o
 .debug_macro   0x0000f6e6       0x1f ./system/src/stm32f4-hal/stm32f4xx_hal.o
 .debug_macro   0x0000f705       0x43 ./system/src/stm32f4-hal/stm32f4xx_hal.o
 .debug_macro   0x0000f748       0x20 ./system/src/stm32f4-hal/stm32f4xx_hal.o
 .debug_macro   0x0000f768      0x187 ./system/src/stm32f4-hal/stm32f4xx_hal.o
 .debug_macro   0x0000f8ef       0x10 ./system/src/stm32f4-hal/stm32f4xx_hal.o
 .debug_macro   0x0000f8ff       0x5e ./system/src/stm32f4-hal/stm32f4xx_hal.o
 .debug_macro   0x0000f95d       0x1c ./system/src/stm32f4-hal/stm32f4xx_hal.o
 .debug_macro   0x0000f979       0x52 ./system/src/stm32f4-hal/stm32f4xx_hal.o
 .debug_macro   0x0000f9cb       0x40 ./system/src/stm32f4-hal/stm32f4xx_hal.o
 .debug_macro   0x0000fa0b       0x10 ./system/src/stm32f4-hal/stm32f4xx_hal.o
 .debug_macro   0x0000fa1b       0x40 ./system/src/stm32f4-hal/stm32f4xx_hal.o
 .debug_macro   0x0000fa5b       0xd7 ./system/src/stm32f4-hal/stm32f4xx_hal.o
 .debug_macro   0x0000fb32       0x16 ./system/src/stm32f4-hal/stm32f4xx_hal.o
 .debug_macro   0x0000fb48      0x18b ./system/src/stm32f4-hal/stm32f4xx_hal.o
 .debug_macro   0x0000fcd3       0x57 ./system/src/stm32f4-hal/stm32f4xx_hal.o
 .debug_macro   0x0000fd2a      0xc9e ./system/src/stm32f4-hal/stm32f4xx_hal.o
 .debug_macro   0x000109c8      0x9e1 ./system/src/stm32f4-hal/stm32f4xx_hal.o
 .debug_macro   0x000113a9      0x11e ./system/src/stm32f4-hal/stm32f4xx_hal.o
 .debug_macro   0x000114c7      0x1a0 ./system/src/stm32f4-hal/stm32f4xx_hal.o
 .debug_macro   0x00011667       0x27 ./system/src/stm32f4-hal/stm32f4xx_hal.o
 .debug_macro   0x0001168e      0x287 ./system/src/stm32f4-hal/stm32f4xx_hal.o
 .debug_macro   0x00011915       0x5f ./system/src/stm32f4-hal/stm32f4xx_hal.o
 .debug_macro   0x00011974      0x23a ./system/src/stm32f4-hal/stm32f4xx_hal.o
 .debug_macro   0x00011bae      0x391 ./system/src/stm32f4-hal/stm32f4xx_hal.o
 .debug_macro   0x00011f3f      0x176 ./system/src/stm32f4-hal/stm32f4xx_hal.o
 .debug_macro   0x000120b5       0xf9 ./system/src/stm32f4-hal/stm32f4xx_hal.o
 .debug_macro   0x000121ae      0x36e ./system/src/stm32f4-hal/stm32f4xx_hal.o
 .debug_macro   0x0001251c       0x23 ./system/src/stm32f4-hal/stm32f4xx_hal.o
 .debug_macro   0x0001253f       0xe6 ./system/src/stm32f4-hal/stm32f4xx_hal.o
 .debug_macro   0x00012625       0xa1 ./system/src/stm32f4-hal/stm32f4xx_hal.o
 .debug_macro   0x000126c6       0x3c ./system/src/stm32f4-hal/stm32f4xx_hal.o
 .debug_macro   0x00012702       0x81 ./system/src/stm32f4-hal/stm32f4xx_hal.o
 .debug_macro   0x00012783      0x1cd ./system/src/stm32f4-hal/stm32f4xx_hal.o
 .debug_macro   0x00012950      0x13a ./system/src/stm32f4-hal/stm32f4xx_hal.o
 .debug_macro   0x00012a8a      0x29c ./system/src/stm32f4-hal/stm32f4xx_hal.o
 .debug_macro   0x00012d26       0x2e ./system/src/stm32f4-hal/stm32f4xx_hal.o
 .debug_macro   0x00012d54      0x54a ./system/src/stm32f4-hal/stm32f4xx_hal.o
 .debug_macro   0x0001329e       0x88 ./system/src/stm32f4-hal/stm32f4xx_hal.o
 .debug_macro   0x00013326       0xd5 ./system/src/stm32f4-hal/stm32f4xx_hal.o
 .debug_macro   0x000133fb       0x10 ./system/src/stm32f4-hal/stm32f4xx_hal.o
 .debug_macro   0x0001340b      0x1a7 ./system/src/stm32f4-hal/stm32f4xx_hal.o
 .debug_macro   0x000135b2       0x22 ./system/src/stm32f4-hal/stm32f4xx_hal.o
 .debug_macro   0x000135d4       0xa5 ./system/src/stm32f4-hal/stm32f4xx_hal.o
 .debug_macro   0x00013679      0x18b ./system/src/stm32f4-hal/stm32f4xx_hal.o
 .debug_macro   0x00013804       0x30 ./system/src/stm32f4-hal/stm32f4xx_hal.o
 .debug_macro   0x00013834       0x35 ./system/src/stm32f4-hal/stm32f4xx_hal.o
 .debug_macro   0x00013869       0x79 ./system/src/stm32f4-hal/stm32f4xx_hal.o
 .debug_macro   0x000138e2      0x11e ./system/src/stm32f4-hal/stm32f4xx_hal.o
 .debug_macro   0x00013a00       0xe8 ./system/src/stm32f4-hal/stm32f4xx_hal.o
 .debug_macro   0x00013ae8       0x89 ./system/src/stm32f4-hal/stm32f4xx_hal.o
 .debug_macro   0x00013b71      0x31a ./system/src/stm32f4-hal/stm32f4xx_hal.o
 .debug_macro   0x00013e8b      0x409 ./system/src/stm32f4-hal/stm32f4xx_hal.o
 .debug_macro   0x00014294       0xe4 ./system/src/stm32f4-hal/stm32f4xx_hal.o
 .debug_macro   0x00014378      0x39f ./system/src/stm32f4-hal/stm32f4xx_hal.o
 .debug_macro   0x00014717       0xcf ./system/src/stm32f4-hal/stm32f4xx_hal.o
 .debug_macro   0x000147e6      0x463 ./system/src/stm32f4-hal/stm32f4xx_hal.o
 .debug_macro   0x00014c49      0x22b ./system/src/stm32f4-hal/stm32f4xx_hal.o
 .debug_macro   0x00014e74      0x202 ./system/src/stm32f4-hal/stm32f4xx_hal.o
 .debug_macro   0x00015076      0x6d9 ./system/src/stm32f4-hal/stm32f4xx_hal.o
 .debug_macro   0x0001574f       0x62 ./system/src/stm32f4-hal/stm32f4xx_hal.o
 .debug_macro   0x000157b1      0x14d ./system/src/stm32f4-hal/stm32f4xx_hal.o
 .debug_macro   0x000158fe      0x287 ./system/src/stm32f4-hal/stm32f4xx_hal.o
 .debug_macro   0x00015b85      0x225 ./system/src/stm32f4-hal/stm32f4xx_hal.o
 .debug_macro   0x00015daa      0x1b5 ./system/src/stm32f4-hal/stm32f4xx_hal.o
 .debug_macro   0x00015f5f      0x2db ./system/src/stm32f4-hal/stm32f4xx_hal.o
 .debug_macro   0x0001623a       0x89 ./system/src/stm32f4-hal/stm32f4xx_hal.o
 .debug_macro   0x000162c3      0x1df ./system/src/stm32f4-hal/stm32f4xx_hal.o
 .debug_macro   0x000164a2      0x115 ./system/src/stm32f4-hal/stm32f4xx_hal.o
 .debug_macro   0x000165b7       0x6e ./system/src/stm32f4-hal/stm32f4xx_hal.o
 .debug_macro   0x00016625      0x2e2 ./system/src/stm32f4-hal/stm32f4xx_hal.o
 .debug_macro   0x00016907      0x2e2 ./system/src/stm32f4-hal/stm32f4xx_hal.o
 .debug_macro   0x00016be9      0x202 ./system/src/stm32f4-hal/stm32f4xx_hal.o
 .debug_macro   0x00016deb       0x34 ./system/src/stm32f4-hal/stm32f4xx_hal.o
 .debug_macro   0x00016e1f       0x90 ./system/src/stm32f4-hal/stm32f4xx_hal.o
 .debug_macro   0x00016eaf      0x1ed ./system/src/stm32f4-hal/stm32f4xx_hal.o
 .debug_macro   0x0001709c      0x11e ./system/src/stm32f4-hal/stm32f4xx_hal.o
 .debug_macro   0x000171ba      0x50d ./system/src/stm32f4-hal/stm32f4xx_hal_cortex.o
 .debug_macro   0x000176c7      0x537 ./system/src/stm32f4-hal/stm32f4xx_hal_rcc.o
 .debug_macro   0x00017bfe      0x19c ./system/src/newlib/_exit.o
 .debug_macro   0x00017d9a      0x10e ./system/src/newlib/_exit.o
 .debug_macro   0x00017ea8       0x8d ./system/src/newlib/_exit.o
 .debug_macro   0x00017f35       0x35 ./system/src/newlib/_exit.o
 .debug_macro   0x00017f6a      0x151 ./system/src/newlib/_sbrk.o
 .debug_macro   0x000180bb      0x174 ./system/src/newlib/_sbrk.o
 .debug_macro   0x0001822f       0x10 ./system/src/newlib/_sbrk.o
 .debug_macro   0x0001823f      0x23b ./system/src/newlib/_sbrk.o
 .debug_macro   0x0001847a      0x15b ./system/src/newlib/_startup.o
 .debug_macro   0x000185d5      0x8aa ./system/src/newlib/_startup.o
 .debug_macro   0x00018e7f      0x1ff ./system/src/newlib/_syscalls.o
 .debug_macro   0x0001907e       0x1c ./system/src/newlib/_syscalls.o
 .debug_macro   0x0001909a       0x10 ./system/src/newlib/_syscalls.o
 .debug_macro   0x000190aa       0x10 ./system/src/newlib/_syscalls.o
 .debug_macro   0x000190ba       0x10 ./system/src/newlib/_syscalls.o
 .debug_macro   0x000190ca       0x35 ./system/src/newlib/_syscalls.o
 .debug_macro   0x000190ff      0x122 ./system/src/newlib/_syscalls.o
 .debug_macro   0x00019221       0x88 ./system/src/newlib/_syscalls.o
 .debug_macro   0x000192a9       0x2b ./system/src/newlib/_syscalls.o
 .debug_macro   0x000192d4      0x118 ./system/src/newlib/_syscalls.o
 .debug_macro   0x000193ec      0x159 ./system/src/newlib/_syscalls.o
 .debug_macro   0x00019545       0x16 ./system/src/newlib/_syscalls.o
 .debug_macro   0x0001955b      0x1b8 ./system/src/newlib/assert.o
 .debug_macro   0x00019713       0x1c ./system/src/newlib/assert.o
 .debug_macro   0x0001972f      0x1d9 ./system/src/diag/Trace.o
 .debug_macro   0x00019908       0x4c ./system/src/diag/Trace.o
 .debug_macro   0x00019954       0x16 ./system/src/diag/Trace.o
 .debug_macro   0x0001996a      0x553 ./system/src/diag/trace_impl.o
 .debug_macro   0x00019ebd       0x22 ./system/src/diag/trace_impl.o
 .debug_macro   0x00019edf      0x517 ./system/src/cortexm/_initialize_hardware.o
 .debug_macro   0x0001a3f6      0x576 ./system/src/cortexm/exception_handlers.o
 .debug_macro   0x0001a96c       0x3b ./system/src/cortexm/exception_handlers.o
 .debug_macro   0x0001a9a7      0x513 ./system/src/cmsis/system_stm32f4xx.o
 .debug_macro   0x0001aeba       0x34 ./system/src/cmsis/vectors_stm32f446xx.o
 .debug_macro   0x0001aeee      0x50d ./src/_initialize_hardware.o
 .debug_macro   0x0001b3fb      0x5ed ./src/main.o
 .debug_macro   0x0001b9e8      0x101 ./src/main.o
 .debug_macro   0x0001bae9      0x168 ./src/main.o
 .debug_macro   0x0001bc51       0xeb ./src/main.o
 .debug_macro   0x0001bd3c       0x10 ./src/main.o
 .debug_macro   0x0001bd4c       0x1f ./src/main.o
 .debug_macro   0x0001bd6b      0x3ec ./src/main.o
 .debug_macro   0x0001c157       0xc0 ./src/main.o
 .debug_macro   0x0001c217       0x8c ./src/main.o
 .debug_macro   0x0001c2a3       0x94 ./src/main.o
 .debug_macro   0x0001c337       0x78 ./src/main.o
 .debug_macro   0x0001c3af      0x50d ./src/stm32f4xx_hal_msp.o
 .debug_macro   0x0001c8bc      0x18b ./FreeRTOS_STM_NUCLEO/Source/portable/MemMang/heap_4.o
 .debug_macro   0x0001ca47      0x173 ./FreeRTOS_STM_NUCLEO/Source/portable/GCC/ARM_CM4F/port.o
 .debug_macro   0x0001cbba      0x164 ./FreeRTOS_STM_NUCLEO/Source/list.o
 .debug_macro   0x0001cd1e      0x1e0 ./FreeRTOS_STM_NUCLEO/Source/queue.o
 .debug_macro   0x0001cefe      0x243 ./FreeRTOS_STM_NUCLEO/Source/tasks.o
 .debug_macro   0x0001d141       0x11 ./FreeRTOS_STM_NUCLEO/Source/tasks.o
 .debug_macro   0x0001d152      0x1a1 ./FreeRTOS_STM_NUCLEO/Source/timers.o
